[0.042s] Invoking command in '/workspaces/ROS2_For_SCOUT_MINI/build/scout_msgs': CMAKE_PREFIX_PATH=/opt/ros/humble /usr/bin/cmake /workspaces/ROS2_For_SCOUT_MINI/src/scout_ros2/scout_msgs -DCMAKE_INSTALL_PREFIX=/workspaces/ROS2_For_SCOUT_MINI/install/scout_msgs
[0.282s] -- The C compiler identification is GNU 11.4.0
[0.424s] -- The CXX compiler identification is GNU 11.4.0
[0.467s] -- Detecting C compiler ABI info
[0.726s] -- Detecting C compiler ABI info - done
[0.734s] -- Check for working C compiler: /usr/bin/cc - skipped
[0.734s] -- Detecting C compile features
[0.734s] -- Detecting C compile features - done
[0.741s] -- Detecting CXX compiler ABI info
[1.034s] -- Detecting CXX compiler ABI info - done
[1.061s] -- Check for working CXX compiler: /usr/bin/c++ - skipped
[1.064s] -- Detecting CXX compile features
[1.064s] -- Detecting CXX compile features - done
[1.101s] -- Found ament_cmake: 1.3.14 (/opt/ros/humble/share/ament_cmake/cmake)
[1.516s] -- Found Python3: /usr/bin/python3 (found version "3.10.12") found components: Interpreter 
[2.125s] -- Found builtin_interfaces: 1.2.2 (/opt/ros/humble/share/builtin_interfaces/cmake)
[2.295s] -- Found rosidl_generator_c: 3.1.8 (/opt/ros/humble/share/rosidl_generator_c/cmake)
[2.332s] -- Found rosidl_adapter: 3.1.8 (/opt/ros/humble/share/rosidl_adapter/cmake)
[2.377s] -- Found rosidl_generator_cpp: 3.1.8 (/opt/ros/humble/share/rosidl_generator_cpp/cmake)
[2.434s] -- Using all available rosidl_typesupport_c: rosidl_typesupport_fastrtps_c;rosidl_typesupport_introspection_c
[2.520s] -- Using all available rosidl_typesupport_cpp: rosidl_typesupport_fastrtps_cpp;rosidl_typesupport_introspection_cpp
[2.584s] -- Found rosidl_default_generators: 1.2.1 (/opt/ros/humble/share/rosidl_default_generators/cmake)
[2.643s] -- Found std_msgs: 4.9.1 (/opt/ros/humble/share/std_msgs/cmake)
[3.376s] -- Found ament_cmake_ros: 0.10.0 (/opt/ros/humble/share/ament_cmake_ros/cmake)
[4.117s] -- Using all available rosidl_typesupport_c: rosidl_typesupport_fastrtps_c;rosidl_typesupport_introspection_c
[4.325s] -- Using all available rosidl_typesupport_cpp: rosidl_typesupport_fastrtps_cpp;rosidl_typesupport_introspection_cpp
[4.363s] -- Found PythonInterp: /usr/bin/python3 (found suitable version "3.10.12", minimum required is "3.6") 
[4.364s] -- Found python_cmake_module: 0.10.0 (/opt/ros/humble/share/python_cmake_module/cmake)
[4.400s] -- Found PythonLibs: /usr/lib/x86_64-linux-gnu/libpython3.10.so (found suitable version "3.10.12", minimum required is "3.5") 
[4.400s] -- Using PYTHON_EXECUTABLE: /usr/bin/python3
[4.400s] -- Using PYTHON_INCLUDE_DIRS: /usr/include/python3.10
[4.400s] -- Using PYTHON_LIBRARIES: /usr/lib/x86_64-linux-gnu/libpython3.10.so
[4.449s] -- Found PythonExtra: .so  
[4.624s] -- Found ament_lint_auto: 0.12.15 (/opt/ros/humble/share/ament_lint_auto/cmake)
[4.698s] -- Added test 'copyright' to check source files copyright and LICENSE
[4.711s] -- Added test 'lint_cmake' to check CMake code style
[4.719s] -- Added test 'xmllint' to check XML markup files
[4.730s] -- Configuring done
[4.833s] -- Generating done
[4.856s] -- Build files have been written to: /workspaces/ROS2_For_SCOUT_MINI/build/scout_msgs
