-- The C compiler identification is GNU 11.4.0
-- The CXX compiler identification is GNU 11.4.0
-- Detecting C compiler ABI info
-- Detecting C compiler ABI info - done
-- Check for working C compiler: /usr/bin/cc - skipped
-- Detecting C compile features
-- Detecting C compile features - done
-- Detecting CXX compiler ABI info
-- Detecting CXX compiler ABI info - done
-- Check for working CXX compiler: /usr/bin/c++ - skipped
-- Detecting CXX compile features
-- Detecting CXX compile features - done
-- Found ament_cmake: 1.3.14 (/opt/ros/humble/share/ament_cmake/cmake)
-- Found Python3: /usr/bin/python3 (found version "3.10.12") found components: Interpreter 
-- Found rclcpp: 16.0.19 (/opt/ros/humble/share/rclcpp/cmake)
-- Found rosidl_generator_c: 3.1.8 (/opt/ros/humble/share/rosidl_generator_c/cmake)
-- Found rosidl_adapter: 3.1.8 (/opt/ros/humble/share/rosidl_adapter/cmake)
-- Found rosidl_generator_cpp: 3.1.8 (/opt/ros/humble/share/rosidl_generator_cpp/cmake)
-- Using all available rosidl_typesupport_c: rosidl_typesupport_fastrtps_c;rosidl_typesupport_introspection_c
-- Using all available rosidl_typesupport_cpp: rosidl_typesupport_fastrtps_cpp;rosidl_typesupport_introspection_cpp
-- Found rmw_implementation_cmake: 6.1.2 (/opt/ros/humble/share/rmw_implementation_cmake/cmake)
-- Found rmw_fastrtps_cpp: 6.2.10 (/opt/ros/humble/share/rmw_fastrtps_cpp/cmake)
-- Found OpenSSL: /usr/lib/x86_64-linux-gnu/libcrypto.so (found version "3.0.2")  
-- Found FastRTPS: /opt/ros/humble/include  
-- Using RMW implementation 'rmw_fastrtps_cpp' as default
-- Looking for pthread.h
-- Looking for pthread.h - found
-- Performing Test CMAKE_HAVE_LIBC_PTHREAD
-- Performing Test CMAKE_HAVE_LIBC_PTHREAD - Success
-- Found Threads: TRUE  
-- Found geometry_msgs: 4.9.1 (/opt/ros/humble/share/geometry_msgs/cmake)
-- Found nav_msgs: 4.9.1 (/opt/ros/humble/share/nav_msgs/cmake)
-- Found sensor_msgs: 4.9.1 (/opt/ros/humble/share/sensor_msgs/cmake)
-- Found tf2: 0.25.20 (/opt/ros/humble/share/tf2/cmake)
-- Found tf2_ros: 0.25.20 (/opt/ros/humble/share/tf2_ros/cmake)
-- Found tf2_geometry_msgs: 0.25.20 (/opt/ros/humble/share/tf2_geometry_msgs/cmake)
-- Found eigen3_cmake_module: 0.1.1 (/opt/ros/humble/share/eigen3_cmake_module/cmake)
-- Found Eigen3: TRUE (found version "3.4.0") 
-- Ensuring Eigen3 include directory is part of orocos-kdl CMake target
-- Found scout_msgs: 0.1.0 (/workspaces/ROS2_For_SCOUT_MINI/install/scout_msgs/share/scout_msgs/cmake)
-- Found ament_lint_auto: 0.12.15 (/opt/ros/humble/share/ament_lint_auto/cmake)
-- Added test 'copyright' to check source files copyright and LICENSE
-- Added test 'cppcheck' to perform static code analysis on C / C++ code
-- Configured cppcheck include dirs: /workspaces/ROS2_For_SCOUT_MINI/src/scout_ros2/scout_base/include
-- Configured cppcheck exclude dirs and/or files: 
-- Added test 'cpplint' to check C / C++ code against the Google style
-- Configured cpplint exclude dirs and/or files: 
-- Added test 'flake8' to check Python code syntax and style conventions
-- Added test 'lint_cmake' to check CMake code style
-- Added test 'pep257' to check Python code against some of the docstring style conventions in PEP 257
-- Added test 'uncrustify' to check C / C++ code style
-- Configured uncrustify additional arguments: 
-- Added test 'xmllint' to check XML markup files
-- Configuring done
-- Generating done
-- Build files have been written to: /workspaces/ROS2_For_SCOUT_MINI/build/scout_base
[ 33%] [32mBuilding CXX object CMakeFiles/scout_base_node.dir/src/scout_base_ros.cpp.o[0m
[ 66%] [32mBuilding CXX object CMakeFiles/scout_base_node.dir/src/scout_base_node.cpp.o[0m
[100%] [32m[1mLinking CXX executable scout_base_node[0m
[100%] Built target scout_base_node
-- Install configuration: ""
-- Installing: /workspaces/ROS2_For_SCOUT_MINI/install/scout_base/lib/scout_base/scout_base_node
-- Set runtime path of "/workspaces/ROS2_For_SCOUT_MINI/install/scout_base/lib/scout_base/scout_base_node" to ""
-- Installing: /workspaces/ROS2_For_SCOUT_MINI/install/scout_base/share/scout_base//launch
-- Installing: /workspaces/ROS2_For_SCOUT_MINI/install/scout_base/share/scout_base//launch/scout_mini_omni_base.launch.py
-- Installing: /workspaces/ROS2_For_SCOUT_MINI/install/scout_base/share/scout_base//launch/scout_mini_base.launch.py
-- Installing: /workspaces/ROS2_For_SCOUT_MINI/install/scout_base/share/scout_base//launch/scout_base.launch.py
-- Installing: /workspaces/ROS2_For_SCOUT_MINI/install/scout_base/share/ament_index/resource_index/package_run_dependencies/scout_base
-- Installing: /workspaces/ROS2_For_SCOUT_MINI/install/scout_base/share/ament_index/resource_index/parent_prefix_path/scout_base
-- Installing: /workspaces/ROS2_For_SCOUT_MINI/install/scout_base/share/scout_base/environment/ament_prefix_path.sh
-- Installing: /workspaces/ROS2_For_SCOUT_MINI/install/scout_base/share/scout_base/environment/ament_prefix_path.dsv
-- Installing: /workspaces/ROS2_For_SCOUT_MINI/install/scout_base/share/scout_base/environment/path.sh
-- Installing: /workspaces/ROS2_For_SCOUT_MINI/install/scout_base/share/scout_base/environment/path.dsv
-- Installing: /workspaces/ROS2_For_SCOUT_MINI/install/scout_base/share/scout_base/local_setup.bash
-- Installing: /workspaces/ROS2_For_SCOUT_MINI/install/scout_base/share/scout_base/local_setup.sh
-- Installing: /workspaces/ROS2_For_SCOUT_MINI/install/scout_base/share/scout_base/local_setup.zsh
-- Installing: /workspaces/ROS2_For_SCOUT_MINI/install/scout_base/share/scout_base/local_setup.dsv
-- Installing: /workspaces/ROS2_For_SCOUT_MINI/install/scout_base/share/scout_base/package.dsv
-- Installing: /workspaces/ROS2_For_SCOUT_MINI/install/scout_base/share/ament_index/resource_index/packages/scout_base
-- Installing: /workspaces/ROS2_For_SCOUT_MINI/install/scout_base/share/scout_base/cmake/scout_baseConfig.cmake
-- Installing: /workspaces/ROS2_For_SCOUT_MINI/install/scout_base/share/scout_base/cmake/scout_baseConfig-version.cmake
-- Installing: /workspaces/ROS2_For_SCOUT_MINI/install/scout_base/share/scout_base/package.xml
