[0.138s] Invoking command in '/workspaces/ROS2_For_SCOUT_MINI/build/ugv_sdk': /usr/bin/cmake --build /workspaces/ROS2_For_SCOUT_MINI/build/ugv_sdk -- -j4 -l4
[0.344s] [  3%] [32mBuilding CXX object CMakeFiles/ugv_sdk.dir/src/mobile_robot/scout_robot.cpp.o[0m
[0.382s] [  7%] [32mBuilding CXX object CMakeFiles/ugv_sdk.dir/src/async_port/async_serial.cpp.o[0m
[0.392s] [ 10%] [32mBuilding CXX object CMakeFiles/ugv_sdk.dir/src/async_port/async_can.cpp.o[0m
[0.396s] [ 14%] [32mBuilding CXX object CMakeFiles/ugv_sdk.dir/src/utilities/protocol_detector.cpp.o[0m
[7.151s] [ 17%] [32mBuilding CXX object CMakeFiles/ugv_sdk.dir/src/mobile_robot/hunter_robot.cpp.o[0m
[9.820s] [ 21%] [32mBuilding CXX object CMakeFiles/ugv_sdk.dir/src/mobile_robot/bunker_robot.cpp.o[0m
[10.782s] [ 25%] [32mBuilding CXX object CMakeFiles/ugv_sdk.dir/src/mobile_robot/ranger_robot.cpp.o[0m
[10.995s] [ 28%] [32mBuilding CXX object CMakeFiles/ugv_sdk.dir/src/mobile_robot/titan_robot.cpp.o[0m
[12.337s] [ 32%] [32mBuilding C object CMakeFiles/ugv_sdk.dir/src/protocol_v2/agilex_msg_parser_v2.c.o[0m
[12.710s] [ 35%] [32mBuilding CXX object CMakeFiles/ugv_sdk.dir/src/protocol_v2/protocol_v2_parser.cpp.o[0m
[12.817s] [ 39%] [32mBuilding C object CMakeFiles/ugv_sdk.dir/src/protocol_v1/agilex_msg_parser_v1.c.o[0m
[13.620s] [ 42%] [32m[1mLinking CXX static library lib/libugv_sdk.a[0m
[13.679s] [ 42%] Built target ugv_sdk
[13.717s] [ 46%] [32mBuilding CXX object sample/scout_demo/CMakeFiles/demo_scout_robot.dir/scout_robot_demo.cpp.o[0m
[13.720s] [ 50%] [32mBuilding CXX object sample/tracer_demo/CMakeFiles/demo_tracer_robot.dir/tracer_robot_demo.cpp.o[0m
[13.720s] [ 53%] [32mBuilding CXX object sample/ranger_demo/CMakeFiles/demo_ranger_robot.dir/ranger_robot_demo.cpp.o[0m
[13.724s] [ 57%] [32mBuilding CXX object sample/scout_demo/CMakeFiles/demo_scout_mini_omni_robot.dir/scout_mini_omni_demo.cpp.o[0m
[15.717s] [ 60%] [32m[1mLinking CXX executable ../../bin/demo_scout_mini_omni_robot[0m
[15.974s] [ 60%] Built target demo_scout_mini_omni_robot
[16.024s] [ 64%] [32mBuilding CXX object sample/bunker_demo/CMakeFiles/demo_bunker_robot.dir/bunker_robot_demo.cpp.o[0m
[16.261s] [ 67%] [32m[1mLinking CXX executable ../../bin/demo_scout_robot[0m
[16.521s] [ 71%] [32m[1mLinking CXX executable ../../bin/demo_tracer_robot[0m
[16.528s] [ 71%] Built target demo_scout_robot
[16.613s] [ 75%] [32mBuilding CXX object sample/hunter_demo/CMakeFiles/demo_hunter_robot.dir/hunter_robot_demo.cpp.o[0m
[16.678s] [ 75%] Built target demo_tracer_robot
[16.728s] [ 78%] [32m[1mLinking CXX executable ../../bin/demo_ranger_robot[0m
[16.734s] [ 82%] [32mBuilding CXX object sample/utils_demo/CMakeFiles/demo_protocol_detector.dir/demo_protocol_detector.cpp.o[0m
[16.756s] [ 85%] [32m[1mLinking CXX executable ../../bin/demo_bunker_robot[0m
[16.926s] [ 85%] Built target demo_bunker_robot
[16.956s] [ 85%] Built target demo_ranger_robot
[16.960s] [ 89%] [32mBuilding CXX object sample/utils_demo/CMakeFiles/demo_robot_version.dir/demo_robot_version.cpp.o[0m
[18.048s] [ 92%] [32m[1mLinking CXX executable ../../bin/demo_hunter_robot[0m
[18.146s] [ 96%] [32m[1mLinking CXX executable ../../bin/demo_protocol_detector[0m
[18.155s] [ 96%] Built target demo_hunter_robot
[18.241s] [ 96%] Built target demo_protocol_detector
[18.322s] [100%] [32m[1mLinking CXX executable ../../bin/demo_robot_version[0m
[18.540s] [100%] Built target demo_robot_version
[18.554s] Invoked command in '/workspaces/ROS2_For_SCOUT_MINI/build/ugv_sdk' returned '0': /usr/bin/cmake --build /workspaces/ROS2_For_SCOUT_MINI/build/ugv_sdk -- -j4 -l4
[18.557s] Invoking command in '/workspaces/ROS2_For_SCOUT_MINI/build/ugv_sdk': /usr/bin/cmake --install /workspaces/ROS2_For_SCOUT_MINI/build/ugv_sdk
[18.566s] -- Install configuration: "Release"
[18.566s] -- Installing: /workspaces/ROS2_For_SCOUT_MINI/install/ugv_sdk/lib/libugv_sdk.a
[18.568s] -- Installing: /workspaces/ROS2_For_SCOUT_MINI/install/ugv_sdk/include/ugv_sdk
[18.570s] -- Installing: /workspaces/ROS2_For_SCOUT_MINI/install/ugv_sdk/include/ugv_sdk/details
[18.571s] -- Installing: /workspaces/ROS2_For_SCOUT_MINI/install/ugv_sdk/include/ugv_sdk/details/protocol_v1
[18.571s] -- Installing: /workspaces/ROS2_For_SCOUT_MINI/install/ugv_sdk/include/ugv_sdk/details/protocol_v1/robot_limits.hpp
[18.571s] -- Installing: /workspaces/ROS2_For_SCOUT_MINI/install/ugv_sdk/include/ugv_sdk/details/protocol_v1/protocol_v1_parser.hpp
[18.571s] -- Installing: /workspaces/ROS2_For_SCOUT_MINI/install/ugv_sdk/include/ugv_sdk/details/protocol_v1/agilex_msg_parser_v1.h
[18.571s] -- Installing: /workspaces/ROS2_For_SCOUT_MINI/install/ugv_sdk/include/ugv_sdk/details/async_port
[18.572s] -- Installing: /workspaces/ROS2_For_SCOUT_MINI/install/ugv_sdk/include/ugv_sdk/details/async_port/ring_buffer.hpp
[18.572s] -- Installing: /workspaces/ROS2_For_SCOUT_MINI/install/ugv_sdk/include/ugv_sdk/details/async_port/async_can.hpp
[18.572s] -- Installing: /workspaces/ROS2_For_SCOUT_MINI/install/ugv_sdk/include/ugv_sdk/details/async_port/async_serial.hpp
[18.572s] -- Installing: /workspaces/ROS2_For_SCOUT_MINI/install/ugv_sdk/include/ugv_sdk/details/robot_base
[18.572s] -- Installing: /workspaces/ROS2_For_SCOUT_MINI/install/ugv_sdk/include/ugv_sdk/details/robot_base/scout_base.hpp
[18.572s] -- Installing: /workspaces/ROS2_For_SCOUT_MINI/install/ugv_sdk/include/ugv_sdk/details/robot_base/ranger_base.hpp
[18.572s] -- Installing: /workspaces/ROS2_For_SCOUT_MINI/install/ugv_sdk/include/ugv_sdk/details/robot_base/titan_base.hpp
[18.572s] -- Installing: /workspaces/ROS2_For_SCOUT_MINI/install/ugv_sdk/include/ugv_sdk/details/robot_base/hunter_base.hpp
[18.572s] -- Installing: /workspaces/ROS2_For_SCOUT_MINI/install/ugv_sdk/include/ugv_sdk/details/robot_base/tracer_base.hpp
[18.572s] -- Installing: /workspaces/ROS2_For_SCOUT_MINI/install/ugv_sdk/include/ugv_sdk/details/robot_base/agilex_base.hpp
[18.572s] -- Installing: /workspaces/ROS2_For_SCOUT_MINI/install/ugv_sdk/include/ugv_sdk/details/robot_base/bunker_base.hpp
[18.572s] -- Installing: /workspaces/ROS2_For_SCOUT_MINI/install/ugv_sdk/include/ugv_sdk/details/interface
[18.572s] -- Installing: /workspaces/ROS2_For_SCOUT_MINI/install/ugv_sdk/include/ugv_sdk/details/interface/titan_interface.hpp
[18.573s] -- Installing: /workspaces/ROS2_For_SCOUT_MINI/install/ugv_sdk/include/ugv_sdk/details/interface/scout_interface.hpp
[18.573s] -- Installing: /workspaces/ROS2_For_SCOUT_MINI/install/ugv_sdk/include/ugv_sdk/details/interface/ranger_interface.hpp
[18.573s] -- Installing: /workspaces/ROS2_For_SCOUT_MINI/install/ugv_sdk/include/ugv_sdk/details/interface/robot_common_interface.hpp
[18.573s] -- Installing: /workspaces/ROS2_For_SCOUT_MINI/install/ugv_sdk/include/ugv_sdk/details/interface/hunter_interface.hpp
[18.573s] -- Installing: /workspaces/ROS2_For_SCOUT_MINI/install/ugv_sdk/include/ugv_sdk/details/interface/agilex_types.h
[18.573s] -- Installing: /workspaces/ROS2_For_SCOUT_MINI/install/ugv_sdk/include/ugv_sdk/details/interface/bunker_interface.hpp
[18.573s] -- Installing: /workspaces/ROS2_For_SCOUT_MINI/install/ugv_sdk/include/ugv_sdk/details/interface/tracer_interface.hpp
[18.573s] -- Installing: /workspaces/ROS2_For_SCOUT_MINI/install/ugv_sdk/include/ugv_sdk/details/interface/agilex_message.h
[18.573s] -- Installing: /workspaces/ROS2_For_SCOUT_MINI/install/ugv_sdk/include/ugv_sdk/details/parser_base.hpp
[18.573s] -- Installing: /workspaces/ROS2_For_SCOUT_MINI/install/ugv_sdk/include/ugv_sdk/details/protocol_v2
[18.573s] -- Installing: /workspaces/ROS2_For_SCOUT_MINI/install/ugv_sdk/include/ugv_sdk/details/protocol_v2/protocol_v2_parser.hpp
[18.573s] -- Installing: /workspaces/ROS2_For_SCOUT_MINI/install/ugv_sdk/include/ugv_sdk/utilities
[18.573s] -- Installing: /workspaces/ROS2_For_SCOUT_MINI/install/ugv_sdk/include/ugv_sdk/utilities/protocol_detector.hpp
[18.573s] -- Installing: /workspaces/ROS2_For_SCOUT_MINI/install/ugv_sdk/include/ugv_sdk/mobile_robot
[18.574s] -- Installing: /workspaces/ROS2_For_SCOUT_MINI/install/ugv_sdk/include/ugv_sdk/mobile_robot/titan_robot.hpp
[18.574s] -- Installing: /workspaces/ROS2_For_SCOUT_MINI/install/ugv_sdk/include/ugv_sdk/mobile_robot/tracer_robot.hpp
[18.574s] -- Installing: /workspaces/ROS2_For_SCOUT_MINI/install/ugv_sdk/include/ugv_sdk/mobile_robot/hunter_robot.hpp
[18.574s] -- Installing: /workspaces/ROS2_For_SCOUT_MINI/install/ugv_sdk/include/ugv_sdk/mobile_robot/ranger_robot.hpp
[18.574s] -- Installing: /workspaces/ROS2_For_SCOUT_MINI/install/ugv_sdk/include/ugv_sdk/mobile_robot/scout_robot.hpp
[18.574s] -- Installing: /workspaces/ROS2_For_SCOUT_MINI/install/ugv_sdk/include/ugv_sdk/mobile_robot/bunker_robot.hpp
[18.574s] -- Installing: /workspaces/ROS2_For_SCOUT_MINI/install/ugv_sdk/lib/cmake/ugv_sdk/ugv_sdkTargets.cmake
[18.575s] -- Installing: /workspaces/ROS2_For_SCOUT_MINI/install/ugv_sdk/lib/cmake/ugv_sdk/ugv_sdkTargets-release.cmake
[18.576s] -- Installing: /workspaces/ROS2_For_SCOUT_MINI/install/ugv_sdk/lib/cmake/ugv_sdk/ugv_sdkConfig.cmake
[18.576s] -- Installing: /workspaces/ROS2_For_SCOUT_MINI/install/ugv_sdk/lib/cmake/ugv_sdk/ugv_sdkConfigVersion.cmake
[18.581s] Invoked command in '/workspaces/ROS2_For_SCOUT_MINI/build/ugv_sdk' returned '0': /usr/bin/cmake --install /workspaces/ROS2_For_SCOUT_MINI/build/ugv_sdk
