[0.355s] DEBUG:colcon:Command line arguments: ['/usr/bin/colcon', 'build']
[0.355s] DEBUG:colcon:Parsed command line arguments: Namespace(log_base=None, log_level=None, verb_name='build', build_base='build', install_base='install', merge_install=False, symlink_install=False, test_result_base=None, continue_on_error=False, executor='parallel', parallel_workers=4, event_handlers=None, ignore_user_meta=False, metas=['./colcon.meta'], base_paths=['.'], packages_ignore=None, packages_ignore_regex=None, paths=None, packages_up_to=None, packages_up_to_regex=None, packages_above=None, packages_above_and_dependencies=None, packages_above_depth=None, packages_select_by_dep=None, packages_skip_by_dep=None, packages_skip_up_to=None, packages_select_build_failed=False, packages_skip_build_finished=False, packages_select_test_failures=False, packages_skip_test_passed=False, packages_select=None, packages_skip=None, packages_select_regex=None, packages_skip_regex=None, packages_start=None, packages_end=None, cmake_args=None, cmake_target=None, cmake_target_skip_unavailable=False, cmake_clean_cache=False, cmake_clean_first=False, cmake_force_configure=False, ament_cmake_args=None, catkin_cmake_args=None, catkin_skip_building_tests=False, mixin_files=None, mixin=None, verb_parser=<colcon_mixin.mixin.mixin_argument.MixinArgumentDecorator object at 0x7fd9a3f37fa0>, verb_extension=<colcon_core.verb.build.BuildVerb object at 0x7fd9a3f37970>, main=<bound method BuildVerb.main of <colcon_core.verb.build.BuildVerb object at 0x7fd9a3f37970>>, mixin_verb=('build',))
[0.786s] Level 1:colcon.colcon_core.package_discovery:discover_packages(colcon_meta) check parameters
[0.787s] Level 1:colcon.colcon_core.package_discovery:discover_packages(recursive) check parameters
[0.787s] Level 1:colcon.colcon_core.package_discovery:discover_packages(ignore) check parameters
[0.787s] Level 1:colcon.colcon_core.package_discovery:discover_packages(path) check parameters
[0.787s] Level 1:colcon.colcon_core.package_discovery:discover_packages(colcon_meta) discover
[0.787s] Level 1:colcon.colcon_core.package_discovery:discover_packages(recursive) discover
[0.787s] INFO:colcon.colcon_core.package_discovery:Crawling recursively for packages in '/workspaces/ROS2_For_SCOUT_MINI'
[0.787s] Level 1:colcon.colcon_core.package_identification:_identify(.) by extensions ['ignore', 'ignore_ament_install']
[0.787s] Level 1:colcon.colcon_core.package_identification:_identify(.) by extension 'ignore'
[0.787s] Level 1:colcon.colcon_core.package_identification:_identify(.) by extension 'ignore_ament_install'
[0.787s] Level 1:colcon.colcon_core.package_identification:_identify(.) by extensions ['colcon_pkg']
[0.787s] Level 1:colcon.colcon_core.package_identification:_identify(.) by extension 'colcon_pkg'
[0.788s] Level 1:colcon.colcon_core.package_identification:_identify(.) by extensions ['colcon_meta']
[0.788s] Level 1:colcon.colcon_core.package_identification:_identify(.) by extension 'colcon_meta'
[0.788s] Level 1:colcon.colcon_core.package_identification:_identify(.) by extensions ['ros']
[0.788s] Level 1:colcon.colcon_core.package_identification:_identify(.) by extension 'ros'
[0.808s] Level 1:colcon.colcon_core.package_identification:_identify(.) by extensions ['cmake', 'python']
[0.808s] Level 1:colcon.colcon_core.package_identification:_identify(.) by extension 'cmake'
[0.808s] Level 1:colcon.colcon_core.package_identification:_identify(.) by extension 'python'
[0.809s] Level 1:colcon.colcon_core.package_identification:_identify(.) by extensions ['python_setup_py']
[0.809s] Level 1:colcon.colcon_core.package_identification:_identify(.) by extension 'python_setup_py'
[0.809s] Level 1:colcon.colcon_core.package_identification:_identify(build) by extensions ['ignore', 'ignore_ament_install']
[0.809s] Level 1:colcon.colcon_core.package_identification:_identify(build) by extension 'ignore'
[0.809s] Level 1:colcon.colcon_core.package_identification:_identify(build) ignored
[0.809s] Level 1:colcon.colcon_core.package_identification:_identify(dependencies) by extensions ['ignore', 'ignore_ament_install']
[0.809s] Level 1:colcon.colcon_core.package_identification:_identify(dependencies) by extension 'ignore'
[0.809s] Level 1:colcon.colcon_core.package_identification:_identify(dependencies) by extension 'ignore_ament_install'
[0.809s] Level 1:colcon.colcon_core.package_identification:_identify(dependencies) by extensions ['colcon_pkg']
[0.809s] Level 1:colcon.colcon_core.package_identification:_identify(dependencies) by extension 'colcon_pkg'
[0.809s] Level 1:colcon.colcon_core.package_identification:_identify(dependencies) by extensions ['colcon_meta']
[0.809s] Level 1:colcon.colcon_core.package_identification:_identify(dependencies) by extension 'colcon_meta'
[0.809s] Level 1:colcon.colcon_core.package_identification:_identify(dependencies) by extensions ['ros']
[0.809s] Level 1:colcon.colcon_core.package_identification:_identify(dependencies) by extension 'ros'
[0.809s] Level 1:colcon.colcon_core.package_identification:_identify(dependencies) by extensions ['cmake', 'python']
[0.809s] Level 1:colcon.colcon_core.package_identification:_identify(dependencies) by extension 'cmake'
[0.809s] Level 1:colcon.colcon_core.package_identification:_identify(dependencies) by extension 'python'
[0.810s] Level 1:colcon.colcon_core.package_identification:_identify(dependencies) by extensions ['python_setup_py']
[0.810s] Level 1:colcon.colcon_core.package_identification:_identify(dependencies) by extension 'python_setup_py'
[0.810s] Level 1:colcon.colcon_core.package_identification:_identify(install) by extensions ['ignore', 'ignore_ament_install']
[0.810s] Level 1:colcon.colcon_core.package_identification:_identify(install) by extension 'ignore'
[0.810s] Level 1:colcon.colcon_core.package_identification:_identify(install) ignored
[0.810s] Level 1:colcon.colcon_core.package_identification:_identify(log) by extensions ['ignore', 'ignore_ament_install']
[0.810s] Level 1:colcon.colcon_core.package_identification:_identify(log) by extension 'ignore'
[0.810s] Level 1:colcon.colcon_core.package_identification:_identify(log) ignored
[0.810s] Level 1:colcon.colcon_core.package_identification:_identify(src) by extensions ['ignore', 'ignore_ament_install']
[0.810s] Level 1:colcon.colcon_core.package_identification:_identify(src) by extension 'ignore'
[0.810s] Level 1:colcon.colcon_core.package_identification:_identify(src) by extension 'ignore_ament_install'
[0.810s] Level 1:colcon.colcon_core.package_identification:_identify(src) by extensions ['colcon_pkg']
[0.810s] Level 1:colcon.colcon_core.package_identification:_identify(src) by extension 'colcon_pkg'
[0.810s] Level 1:colcon.colcon_core.package_identification:_identify(src) by extensions ['colcon_meta']
[0.810s] Level 1:colcon.colcon_core.package_identification:_identify(src) by extension 'colcon_meta'
[0.810s] Level 1:colcon.colcon_core.package_identification:_identify(src) by extensions ['ros']
[0.810s] Level 1:colcon.colcon_core.package_identification:_identify(src) by extension 'ros'
[0.810s] Level 1:colcon.colcon_core.package_identification:_identify(src) by extensions ['cmake', 'python']
[0.810s] Level 1:colcon.colcon_core.package_identification:_identify(src) by extension 'cmake'
[0.810s] Level 1:colcon.colcon_core.package_identification:_identify(src) by extension 'python'
[0.810s] Level 1:colcon.colcon_core.package_identification:_identify(src) by extensions ['python_setup_py']
[0.810s] Level 1:colcon.colcon_core.package_identification:_identify(src) by extension 'python_setup_py'
[0.810s] Level 1:colcon.colcon_core.package_identification:_identify(src/scout_ros2) by extensions ['ignore', 'ignore_ament_install']
[0.811s] Level 1:colcon.colcon_core.package_identification:_identify(src/scout_ros2) by extension 'ignore'
[0.811s] Level 1:colcon.colcon_core.package_identification:_identify(src/scout_ros2) by extension 'ignore_ament_install'
[0.811s] Level 1:colcon.colcon_core.package_identification:_identify(src/scout_ros2) by extensions ['colcon_pkg']
[0.811s] Level 1:colcon.colcon_core.package_identification:_identify(src/scout_ros2) by extension 'colcon_pkg'
[0.811s] Level 1:colcon.colcon_core.package_identification:_identify(src/scout_ros2) by extensions ['colcon_meta']
[0.811s] Level 1:colcon.colcon_core.package_identification:_identify(src/scout_ros2) by extension 'colcon_meta'
[0.811s] Level 1:colcon.colcon_core.package_identification:_identify(src/scout_ros2) by extensions ['ros']
[0.811s] Level 1:colcon.colcon_core.package_identification:_identify(src/scout_ros2) by extension 'ros'
[0.811s] Level 1:colcon.colcon_core.package_identification:_identify(src/scout_ros2) by extensions ['cmake', 'python']
[0.811s] Level 1:colcon.colcon_core.package_identification:_identify(src/scout_ros2) by extension 'cmake'
[0.811s] Level 1:colcon.colcon_core.package_identification:_identify(src/scout_ros2) by extension 'python'
[0.811s] Level 1:colcon.colcon_core.package_identification:_identify(src/scout_ros2) by extensions ['python_setup_py']
[0.811s] Level 1:colcon.colcon_core.package_identification:_identify(src/scout_ros2) by extension 'python_setup_py'
[0.811s] Level 1:colcon.colcon_core.package_identification:_identify(src/scout_ros2/scout_base) by extensions ['ignore', 'ignore_ament_install']
[0.811s] Level 1:colcon.colcon_core.package_identification:_identify(src/scout_ros2/scout_base) by extension 'ignore'
[0.811s] Level 1:colcon.colcon_core.package_identification:_identify(src/scout_ros2/scout_base) by extension 'ignore_ament_install'
[0.811s] Level 1:colcon.colcon_core.package_identification:_identify(src/scout_ros2/scout_base) by extensions ['colcon_pkg']
[0.811s] Level 1:colcon.colcon_core.package_identification:_identify(src/scout_ros2/scout_base) by extension 'colcon_pkg'
[0.811s] Level 1:colcon.colcon_core.package_identification:_identify(src/scout_ros2/scout_base) by extensions ['colcon_meta']
[0.811s] Level 1:colcon.colcon_core.package_identification:_identify(src/scout_ros2/scout_base) by extension 'colcon_meta'
[0.811s] Level 1:colcon.colcon_core.package_identification:_identify(src/scout_ros2/scout_base) by extensions ['ros']
[0.811s] Level 1:colcon.colcon_core.package_identification:_identify(src/scout_ros2/scout_base) by extension 'ros'
[0.816s] DEBUG:colcon.colcon_core.package_identification:Package 'src/scout_ros2/scout_base' with type 'ros.ament_cmake' and name 'scout_base'
[0.816s] Level 1:colcon.colcon_core.package_identification:_identify(src/scout_ros2/scout_description) by extensions ['ignore', 'ignore_ament_install']
[0.816s] Level 1:colcon.colcon_core.package_identification:_identify(src/scout_ros2/scout_description) by extension 'ignore'
[0.816s] Level 1:colcon.colcon_core.package_identification:_identify(src/scout_ros2/scout_description) by extension 'ignore_ament_install'
[0.817s] Level 1:colcon.colcon_core.package_identification:_identify(src/scout_ros2/scout_description) by extensions ['colcon_pkg']
[0.817s] Level 1:colcon.colcon_core.package_identification:_identify(src/scout_ros2/scout_description) by extension 'colcon_pkg'
[0.817s] Level 1:colcon.colcon_core.package_identification:_identify(src/scout_ros2/scout_description) by extensions ['colcon_meta']
[0.817s] Level 1:colcon.colcon_core.package_identification:_identify(src/scout_ros2/scout_description) by extension 'colcon_meta'
[0.817s] Level 1:colcon.colcon_core.package_identification:_identify(src/scout_ros2/scout_description) by extensions ['ros']
[0.817s] Level 1:colcon.colcon_core.package_identification:_identify(src/scout_ros2/scout_description) by extension 'ros'
[0.817s] DEBUG:colcon.colcon_core.package_identification:Package 'src/scout_ros2/scout_description' with type 'ros.ament_cmake' and name 'scout_description'
[0.817s] Level 1:colcon.colcon_core.package_identification:_identify(src/scout_ros2/scout_msgs) by extensions ['ignore', 'ignore_ament_install']
[0.817s] Level 1:colcon.colcon_core.package_identification:_identify(src/scout_ros2/scout_msgs) by extension 'ignore'
[0.818s] Level 1:colcon.colcon_core.package_identification:_identify(src/scout_ros2/scout_msgs) by extension 'ignore_ament_install'
[0.818s] Level 1:colcon.colcon_core.package_identification:_identify(src/scout_ros2/scout_msgs) by extensions ['colcon_pkg']
[0.818s] Level 1:colcon.colcon_core.package_identification:_identify(src/scout_ros2/scout_msgs) by extension 'colcon_pkg'
[0.818s] Level 1:colcon.colcon_core.package_identification:_identify(src/scout_ros2/scout_msgs) by extensions ['colcon_meta']
[0.818s] Level 1:colcon.colcon_core.package_identification:_identify(src/scout_ros2/scout_msgs) by extension 'colcon_meta'
[0.818s] Level 1:colcon.colcon_core.package_identification:_identify(src/scout_ros2/scout_msgs) by extensions ['ros']
[0.818s] Level 1:colcon.colcon_core.package_identification:_identify(src/scout_ros2/scout_msgs) by extension 'ros'
[0.818s] DEBUG:colcon.colcon_core.package_identification:Package 'src/scout_ros2/scout_msgs' with type 'ros.ament_cmake' and name 'scout_msgs'
[0.819s] Level 1:colcon.colcon_core.package_identification:_identify(src/ugv_sdk) by extensions ['ignore', 'ignore_ament_install']
[0.819s] Level 1:colcon.colcon_core.package_identification:_identify(src/ugv_sdk) by extension 'ignore'
[0.819s] Level 1:colcon.colcon_core.package_identification:_identify(src/ugv_sdk) by extension 'ignore_ament_install'
[0.819s] Level 1:colcon.colcon_core.package_identification:_identify(src/ugv_sdk) by extensions ['colcon_pkg']
[0.819s] Level 1:colcon.colcon_core.package_identification:_identify(src/ugv_sdk) by extension 'colcon_pkg'
[0.819s] Level 1:colcon.colcon_core.package_identification:_identify(src/ugv_sdk) by extensions ['colcon_meta']
[0.819s] Level 1:colcon.colcon_core.package_identification:_identify(src/ugv_sdk) by extension 'colcon_meta'
[0.819s] Level 1:colcon.colcon_core.package_identification:_identify(src/ugv_sdk) by extensions ['ros']
[0.819s] Level 1:colcon.colcon_core.package_identification:_identify(src/ugv_sdk) by extension 'ros'
[0.822s] DEBUG:colcon.colcon_core.package_identification:Package 'src/ugv_sdk' with type 'ros.catkin' and name 'ugv_sdk'
[0.822s] Level 1:colcon.colcon_core.package_discovery:discover_packages(recursive) using defaults
[0.822s] Level 1:colcon.colcon_core.package_discovery:discover_packages(ignore) discover
[0.822s] Level 1:colcon.colcon_core.package_discovery:discover_packages(ignore) using defaults
[0.822s] Level 1:colcon.colcon_core.package_discovery:discover_packages(path) discover
[0.822s] Level 1:colcon.colcon_core.package_discovery:discover_packages(path) using defaults
[0.861s] Level 5:colcon.colcon_core.verb:set package 'scout_description' build argument 'cmake_args' from command line to 'None'
[0.861s] Level 5:colcon.colcon_core.verb:set package 'scout_description' build argument 'cmake_target' from command line to 'None'
[0.861s] Level 5:colcon.colcon_core.verb:set package 'scout_description' build argument 'cmake_target_skip_unavailable' from command line to 'False'
[0.861s] Level 5:colcon.colcon_core.verb:set package 'scout_description' build argument 'cmake_clean_cache' from command line to 'False'
[0.862s] Level 5:colcon.colcon_core.verb:set package 'scout_description' build argument 'cmake_clean_first' from command line to 'False'
[0.862s] Level 5:colcon.colcon_core.verb:set package 'scout_description' build argument 'cmake_force_configure' from command line to 'False'
[0.862s] Level 5:colcon.colcon_core.verb:set package 'scout_description' build argument 'ament_cmake_args' from command line to 'None'
[0.862s] Level 5:colcon.colcon_core.verb:set package 'scout_description' build argument 'catkin_cmake_args' from command line to 'None'
[0.862s] Level 5:colcon.colcon_core.verb:set package 'scout_description' build argument 'catkin_skip_building_tests' from command line to 'False'
[0.862s] DEBUG:colcon.colcon_core.verb:Building package 'scout_description' with the following arguments: {'ament_cmake_args': None, 'build_base': '/workspaces/ROS2_For_SCOUT_MINI/build/scout_description', 'catkin_cmake_args': None, 'catkin_skip_building_tests': False, 'cmake_args': None, 'cmake_clean_cache': False, 'cmake_clean_first': False, 'cmake_force_configure': False, 'cmake_target': None, 'cmake_target_skip_unavailable': False, 'install_base': '/workspaces/ROS2_For_SCOUT_MINI/install/scout_description', 'merge_install': False, 'path': '/workspaces/ROS2_For_SCOUT_MINI/src/scout_ros2/scout_description', 'symlink_install': False, 'test_result_base': None}
[0.862s] Level 5:colcon.colcon_core.verb:set package 'scout_msgs' build argument 'cmake_args' from command line to 'None'
[0.862s] Level 5:colcon.colcon_core.verb:set package 'scout_msgs' build argument 'cmake_target' from command line to 'None'
[0.862s] Level 5:colcon.colcon_core.verb:set package 'scout_msgs' build argument 'cmake_target_skip_unavailable' from command line to 'False'
[0.863s] Level 5:colcon.colcon_core.verb:set package 'scout_msgs' build argument 'cmake_clean_cache' from command line to 'False'
[0.863s] Level 5:colcon.colcon_core.verb:set package 'scout_msgs' build argument 'cmake_clean_first' from command line to 'False'
[0.863s] Level 5:colcon.colcon_core.verb:set package 'scout_msgs' build argument 'cmake_force_configure' from command line to 'False'
[0.863s] Level 5:colcon.colcon_core.verb:set package 'scout_msgs' build argument 'ament_cmake_args' from command line to 'None'
[0.863s] Level 5:colcon.colcon_core.verb:set package 'scout_msgs' build argument 'catkin_cmake_args' from command line to 'None'
[0.863s] Level 5:colcon.colcon_core.verb:set package 'scout_msgs' build argument 'catkin_skip_building_tests' from command line to 'False'
[0.863s] DEBUG:colcon.colcon_core.verb:Building package 'scout_msgs' with the following arguments: {'ament_cmake_args': None, 'build_base': '/workspaces/ROS2_For_SCOUT_MINI/build/scout_msgs', 'catkin_cmake_args': None, 'catkin_skip_building_tests': False, 'cmake_args': None, 'cmake_clean_cache': False, 'cmake_clean_first': False, 'cmake_force_configure': False, 'cmake_target': None, 'cmake_target_skip_unavailable': False, 'install_base': '/workspaces/ROS2_For_SCOUT_MINI/install/scout_msgs', 'merge_install': False, 'path': '/workspaces/ROS2_For_SCOUT_MINI/src/scout_ros2/scout_msgs', 'symlink_install': False, 'test_result_base': None}
[0.863s] Level 5:colcon.colcon_core.verb:set package 'ugv_sdk' build argument 'cmake_args' from command line to 'None'
[0.863s] Level 5:colcon.colcon_core.verb:set package 'ugv_sdk' build argument 'cmake_target' from command line to 'None'
[0.863s] Level 5:colcon.colcon_core.verb:set package 'ugv_sdk' build argument 'cmake_target_skip_unavailable' from command line to 'False'
[0.863s] Level 5:colcon.colcon_core.verb:set package 'ugv_sdk' build argument 'cmake_clean_cache' from command line to 'False'
[0.863s] Level 5:colcon.colcon_core.verb:set package 'ugv_sdk' build argument 'cmake_clean_first' from command line to 'False'
[0.863s] Level 5:colcon.colcon_core.verb:set package 'ugv_sdk' build argument 'cmake_force_configure' from command line to 'False'
[0.863s] Level 5:colcon.colcon_core.verb:set package 'ugv_sdk' build argument 'ament_cmake_args' from command line to 'None'
[0.863s] Level 5:colcon.colcon_core.verb:set package 'ugv_sdk' build argument 'catkin_cmake_args' from command line to 'None'
[0.863s] Level 5:colcon.colcon_core.verb:set package 'ugv_sdk' build argument 'catkin_skip_building_tests' from command line to 'False'
[0.863s] DEBUG:colcon.colcon_core.verb:Building package 'ugv_sdk' with the following arguments: {'ament_cmake_args': None, 'build_base': '/workspaces/ROS2_For_SCOUT_MINI/build/ugv_sdk', 'catkin_cmake_args': None, 'catkin_skip_building_tests': False, 'cmake_args': None, 'cmake_clean_cache': False, 'cmake_clean_first': False, 'cmake_force_configure': False, 'cmake_target': None, 'cmake_target_skip_unavailable': False, 'install_base': '/workspaces/ROS2_For_SCOUT_MINI/install/ugv_sdk', 'merge_install': False, 'path': '/workspaces/ROS2_For_SCOUT_MINI/src/ugv_sdk', 'symlink_install': False, 'test_result_base': None}
[0.864s] Level 5:colcon.colcon_core.verb:set package 'scout_base' build argument 'cmake_args' from command line to 'None'
[0.864s] Level 5:colcon.colcon_core.verb:set package 'scout_base' build argument 'cmake_target' from command line to 'None'
[0.864s] Level 5:colcon.colcon_core.verb:set package 'scout_base' build argument 'cmake_target_skip_unavailable' from command line to 'False'
[0.864s] Level 5:colcon.colcon_core.verb:set package 'scout_base' build argument 'cmake_clean_cache' from command line to 'False'
[0.864s] Level 5:colcon.colcon_core.verb:set package 'scout_base' build argument 'cmake_clean_first' from command line to 'False'
[0.864s] Level 5:colcon.colcon_core.verb:set package 'scout_base' build argument 'cmake_force_configure' from command line to 'False'
[0.864s] Level 5:colcon.colcon_core.verb:set package 'scout_base' build argument 'ament_cmake_args' from command line to 'None'
[0.864s] Level 5:colcon.colcon_core.verb:set package 'scout_base' build argument 'catkin_cmake_args' from command line to 'None'
[0.864s] Level 5:colcon.colcon_core.verb:set package 'scout_base' build argument 'catkin_skip_building_tests' from command line to 'False'
[0.864s] DEBUG:colcon.colcon_core.verb:Building package 'scout_base' with the following arguments: {'ament_cmake_args': None, 'build_base': '/workspaces/ROS2_For_SCOUT_MINI/build/scout_base', 'catkin_cmake_args': None, 'catkin_skip_building_tests': False, 'cmake_args': None, 'cmake_clean_cache': False, 'cmake_clean_first': False, 'cmake_force_configure': False, 'cmake_target': None, 'cmake_target_skip_unavailable': False, 'install_base': '/workspaces/ROS2_For_SCOUT_MINI/install/scout_base', 'merge_install': False, 'path': '/workspaces/ROS2_For_SCOUT_MINI/src/scout_ros2/scout_base', 'symlink_install': False, 'test_result_base': None}
[0.864s] INFO:colcon.colcon_core.executor:Executing jobs using 'parallel' executor
[0.868s] DEBUG:colcon.colcon_parallel_executor.executor.parallel:run_until_complete
[0.869s] INFO:colcon.colcon_ros.task.ament_cmake.build:Building ROS package in '/workspaces/ROS2_For_SCOUT_MINI/src/scout_ros2/scout_msgs' with build type 'ament_cmake'
[0.869s] INFO:colcon.colcon_cmake.task.cmake.build:Building CMake package in '/workspaces/ROS2_For_SCOUT_MINI/src/scout_ros2/scout_msgs'
[0.888s] INFO:colcon.colcon_core.plugin_system:Skipping extension 'colcon_core.shell.bat': Not used on non-Windows systems
[0.889s] INFO:colcon.colcon_core.shell:Skip shell extension 'powershell' for command environment: Not usable outside of PowerShell
[0.890s] DEBUG:colcon.colcon_core.shell:Skip shell extension 'dsv' for command environment
[0.932s] INFO:colcon.colcon_ros.task.catkin.build:Building ROS package in '/workspaces/ROS2_For_SCOUT_MINI/src/ugv_sdk' with build type 'catkin'
[0.933s] INFO:colcon.colcon_cmake.task.cmake.build:Building CMake package in '/workspaces/ROS2_For_SCOUT_MINI/src/ugv_sdk'
[0.935s] INFO:colcon.colcon_core.shell:Skip shell extension 'powershell' for command environment: Not usable outside of PowerShell
[0.935s] DEBUG:colcon.colcon_core.shell:Skip shell extension 'dsv' for command environment
[0.952s] INFO:colcon.colcon_ros.task.ament_cmake.build:Building ROS package in '/workspaces/ROS2_For_SCOUT_MINI/src/scout_ros2/scout_description' with build type 'ament_cmake'
[0.953s] INFO:colcon.colcon_cmake.task.cmake.build:Building CMake package in '/workspaces/ROS2_For_SCOUT_MINI/src/scout_ros2/scout_description'
[0.954s] INFO:colcon.colcon_core.shell:Skip shell extension 'powershell' for command environment: Not usable outside of PowerShell
[0.954s] DEBUG:colcon.colcon_core.shell:Skip shell extension 'dsv' for command environment
[1.033s] DEBUG:colcon.colcon_core.event_handler.log_command:Invoking command in '/workspaces/ROS2_For_SCOUT_MINI/build/scout_msgs': CMAKE_PREFIX_PATH=/opt/ros/humble /usr/bin/cmake --build /workspaces/ROS2_For_SCOUT_MINI/build/scout_msgs -- -j4 -l4
[1.076s] DEBUG:colcon.colcon_core.event_handler.log_command:Invoking command in '/workspaces/ROS2_For_SCOUT_MINI/build/ugv_sdk': /usr/bin/cmake --build /workspaces/ROS2_For_SCOUT_MINI/build/ugv_sdk -- -j4 -l4
[1.099s] DEBUG:colcon.colcon_core.event_handler.log_command:Invoking command in '/workspaces/ROS2_For_SCOUT_MINI/build/scout_description': CMAKE_PREFIX_PATH=/opt/ros/humble /usr/bin/cmake --build /workspaces/ROS2_For_SCOUT_MINI/build/scout_description -- -j4 -l4
[1.186s] DEBUG:colcon.colcon_core.event_handler.log_command:Invoked command in '/workspaces/ROS2_For_SCOUT_MINI/build/scout_description' returned '0': CMAKE_PREFIX_PATH=/opt/ros/humble /usr/bin/cmake --build /workspaces/ROS2_For_SCOUT_MINI/build/scout_description -- -j4 -l4
[1.266s] DEBUG:colcon.colcon_core.event_handler.log_command:Invoking command in '/workspaces/ROS2_For_SCOUT_MINI/build/scout_description': CMAKE_PREFIX_PATH=/opt/ros/humble /usr/bin/cmake --install /workspaces/ROS2_For_SCOUT_MINI/build/scout_description
[1.784s] Level 1:colcon.colcon_core.environment:create_environment_scripts_only(scout_description)
[1.785s] DEBUG:colcon.colcon_core.event_handler.log_command:Invoked command in '/workspaces/ROS2_For_SCOUT_MINI/build/scout_description' returned '0': CMAKE_PREFIX_PATH=/opt/ros/humble /usr/bin/cmake --install /workspaces/ROS2_For_SCOUT_MINI/build/scout_description
[1.815s] Level 1:colcon.colcon_core.environment:checking '/workspaces/ROS2_For_SCOUT_MINI/install/scout_description' for CMake module files
[1.816s] Level 1:colcon.colcon_core.environment:checking '/workspaces/ROS2_For_SCOUT_MINI/install/scout_description' for CMake config files
[1.816s] Level 1:colcon.colcon_core.shell:create_environment_hook('scout_description', 'cmake_prefix_path')
[1.818s] INFO:colcon.colcon_core.shell:Creating environment hook '/workspaces/ROS2_For_SCOUT_MINI/install/scout_description/share/scout_description/hook/cmake_prefix_path.ps1'
[1.831s] INFO:colcon.colcon_core.shell:Creating environment descriptor '/workspaces/ROS2_For_SCOUT_MINI/install/scout_description/share/scout_description/hook/cmake_prefix_path.dsv'
[1.834s] INFO:colcon.colcon_core.shell:Creating environment hook '/workspaces/ROS2_For_SCOUT_MINI/install/scout_description/share/scout_description/hook/cmake_prefix_path.sh'
[1.839s] Level 1:colcon.colcon_core.environment:checking '/workspaces/ROS2_For_SCOUT_MINI/install/scout_description/bin'
[1.842s] Level 1:colcon.colcon_core.environment:checking '/workspaces/ROS2_For_SCOUT_MINI/install/scout_description/lib/pkgconfig/scout_description.pc'
[1.855s] Level 1:colcon.colcon_core.environment:checking '/workspaces/ROS2_For_SCOUT_MINI/install/scout_description/lib/python3.10/site-packages'
[1.855s] Level 1:colcon.colcon_core.environment:checking '/workspaces/ROS2_For_SCOUT_MINI/install/scout_description/bin'
[1.856s] INFO:colcon.colcon_core.shell:Creating package script '/workspaces/ROS2_For_SCOUT_MINI/install/scout_description/share/scout_description/package.ps1'
[1.859s] INFO:colcon.colcon_core.shell:Creating package descriptor '/workspaces/ROS2_For_SCOUT_MINI/install/scout_description/share/scout_description/package.dsv'
[1.863s] INFO:colcon.colcon_core.shell:Creating package script '/workspaces/ROS2_For_SCOUT_MINI/install/scout_description/share/scout_description/package.sh'
[1.869s] INFO:colcon.colcon_core.shell:Creating package script '/workspaces/ROS2_For_SCOUT_MINI/install/scout_description/share/scout_description/package.bash'
[1.932s] INFO:colcon.colcon_core.shell:Creating package script '/workspaces/ROS2_For_SCOUT_MINI/install/scout_description/share/scout_description/package.zsh'
[1.938s] Level 1:colcon.colcon_core.environment:create_file_with_runtime_dependencies(/workspaces/ROS2_For_SCOUT_MINI/install/scout_description/share/colcon-core/packages/scout_description)
[1.955s] Level 1:colcon.colcon_core.environment:create_environment_scripts_only(scout_description)
[1.956s] Level 1:colcon.colcon_core.environment:checking '/workspaces/ROS2_For_SCOUT_MINI/install/scout_description' for CMake module files
[1.956s] Level 1:colcon.colcon_core.environment:checking '/workspaces/ROS2_For_SCOUT_MINI/install/scout_description' for CMake config files
[1.957s] Level 1:colcon.colcon_core.shell:create_environment_hook('scout_description', 'cmake_prefix_path')
[1.962s] INFO:colcon.colcon_core.shell:Creating environment hook '/workspaces/ROS2_For_SCOUT_MINI/install/scout_description/share/scout_description/hook/cmake_prefix_path.ps1'
[1.972s] INFO:colcon.colcon_core.shell:Creating environment descriptor '/workspaces/ROS2_For_SCOUT_MINI/install/scout_description/share/scout_description/hook/cmake_prefix_path.dsv'
[1.978s] INFO:colcon.colcon_core.shell:Creating environment hook '/workspaces/ROS2_For_SCOUT_MINI/install/scout_description/share/scout_description/hook/cmake_prefix_path.sh'
[1.987s] Level 1:colcon.colcon_core.environment:checking '/workspaces/ROS2_For_SCOUT_MINI/install/scout_description/bin'
[1.987s] Level 1:colcon.colcon_core.environment:checking '/workspaces/ROS2_For_SCOUT_MINI/install/scout_description/lib/pkgconfig/scout_description.pc'
[1.987s] Level 1:colcon.colcon_core.environment:checking '/workspaces/ROS2_For_SCOUT_MINI/install/scout_description/lib/python3.10/site-packages'
[1.988s] Level 1:colcon.colcon_core.environment:checking '/workspaces/ROS2_For_SCOUT_MINI/install/scout_description/bin'
[1.990s] INFO:colcon.colcon_core.shell:Creating package script '/workspaces/ROS2_For_SCOUT_MINI/install/scout_description/share/scout_description/package.ps1'
[1.996s] INFO:colcon.colcon_core.shell:Creating package descriptor '/workspaces/ROS2_For_SCOUT_MINI/install/scout_description/share/scout_description/package.dsv'
[2.009s] INFO:colcon.colcon_core.shell:Creating package script '/workspaces/ROS2_For_SCOUT_MINI/install/scout_description/share/scout_description/package.sh'
[2.010s] INFO:colcon.colcon_core.shell:Creating package script '/workspaces/ROS2_For_SCOUT_MINI/install/scout_description/share/scout_description/package.bash'
[2.019s] INFO:colcon.colcon_core.shell:Creating package script '/workspaces/ROS2_For_SCOUT_MINI/install/scout_description/share/scout_description/package.zsh'
[2.021s] Level 1:colcon.colcon_core.environment:create_file_with_runtime_dependencies(/workspaces/ROS2_For_SCOUT_MINI/install/scout_description/share/colcon-core/packages/scout_description)
[18.850s] DEBUG:colcon.colcon_core.event_handler.log_command:Invoked command in '/workspaces/ROS2_For_SCOUT_MINI/build/scout_msgs' returned '0': CMAKE_PREFIX_PATH=/opt/ros/humble /usr/bin/cmake --build /workspaces/ROS2_For_SCOUT_MINI/build/scout_msgs -- -j4 -l4
[18.864s] DEBUG:colcon.colcon_core.event_handler.log_command:Invoking command in '/workspaces/ROS2_For_SCOUT_MINI/build/scout_msgs': CMAKE_PREFIX_PATH=/opt/ros/humble /usr/bin/cmake --install /workspaces/ROS2_For_SCOUT_MINI/build/scout_msgs
[19.116s] Level 1:colcon.colcon_core.environment:create_environment_scripts_only(scout_msgs)
[19.117s] Level 1:colcon.colcon_core.environment:checking '/workspaces/ROS2_For_SCOUT_MINI/install/scout_msgs' for CMake module files
[19.118s] Level 1:colcon.colcon_core.environment:checking '/workspaces/ROS2_For_SCOUT_MINI/install/scout_msgs' for CMake config files
[19.119s] Level 1:colcon.colcon_core.shell:create_environment_hook('scout_msgs', 'cmake_prefix_path')
[19.119s] INFO:colcon.colcon_core.shell:Creating environment hook '/workspaces/ROS2_For_SCOUT_MINI/install/scout_msgs/share/scout_msgs/hook/cmake_prefix_path.ps1'
[19.124s] DEBUG:colcon.colcon_core.event_handler.log_command:Invoked command in '/workspaces/ROS2_For_SCOUT_MINI/build/scout_msgs' returned '0': CMAKE_PREFIX_PATH=/opt/ros/humble /usr/bin/cmake --install /workspaces/ROS2_For_SCOUT_MINI/build/scout_msgs
[19.124s] INFO:colcon.colcon_core.shell:Creating environment descriptor '/workspaces/ROS2_For_SCOUT_MINI/install/scout_msgs/share/scout_msgs/hook/cmake_prefix_path.dsv'
[19.129s] INFO:colcon.colcon_core.shell:Creating environment hook '/workspaces/ROS2_For_SCOUT_MINI/install/scout_msgs/share/scout_msgs/hook/cmake_prefix_path.sh'
[19.130s] Level 1:colcon.colcon_core.environment:checking '/workspaces/ROS2_For_SCOUT_MINI/install/scout_msgs/lib'
[19.130s] Level 1:colcon.colcon_core.shell:create_environment_hook('scout_msgs', 'ld_library_path_lib')
[19.130s] INFO:colcon.colcon_core.shell:Creating environment hook '/workspaces/ROS2_For_SCOUT_MINI/install/scout_msgs/share/scout_msgs/hook/ld_library_path_lib.ps1'
[19.131s] INFO:colcon.colcon_core.shell:Creating environment descriptor '/workspaces/ROS2_For_SCOUT_MINI/install/scout_msgs/share/scout_msgs/hook/ld_library_path_lib.dsv'
[19.131s] INFO:colcon.colcon_core.shell:Creating environment hook '/workspaces/ROS2_For_SCOUT_MINI/install/scout_msgs/share/scout_msgs/hook/ld_library_path_lib.sh'
[19.132s] Level 1:colcon.colcon_core.environment:checking '/workspaces/ROS2_For_SCOUT_MINI/install/scout_msgs/bin'
[19.134s] Level 1:colcon.colcon_core.environment:checking '/workspaces/ROS2_For_SCOUT_MINI/install/scout_msgs/lib/pkgconfig/scout_msgs.pc'
[19.135s] Level 1:colcon.colcon_core.environment:checking '/workspaces/ROS2_For_SCOUT_MINI/install/scout_msgs/lib/python3.10/site-packages'
[19.136s] Level 1:colcon.colcon_core.environment:checking '/workspaces/ROS2_For_SCOUT_MINI/install/scout_msgs/bin'
[19.137s] INFO:colcon.colcon_core.shell:Creating package script '/workspaces/ROS2_For_SCOUT_MINI/install/scout_msgs/share/scout_msgs/package.ps1'
[19.137s] INFO:colcon.colcon_core.shell:Creating package descriptor '/workspaces/ROS2_For_SCOUT_MINI/install/scout_msgs/share/scout_msgs/package.dsv'
[19.138s] INFO:colcon.colcon_core.shell:Creating package script '/workspaces/ROS2_For_SCOUT_MINI/install/scout_msgs/share/scout_msgs/package.sh'
[19.144s] INFO:colcon.colcon_core.shell:Creating package script '/workspaces/ROS2_For_SCOUT_MINI/install/scout_msgs/share/scout_msgs/package.bash'
[19.145s] INFO:colcon.colcon_core.shell:Creating package script '/workspaces/ROS2_For_SCOUT_MINI/install/scout_msgs/share/scout_msgs/package.zsh'
[19.145s] Level 1:colcon.colcon_core.environment:create_file_with_runtime_dependencies(/workspaces/ROS2_For_SCOUT_MINI/install/scout_msgs/share/colcon-core/packages/scout_msgs)
[19.146s] Level 1:colcon.colcon_core.environment:create_environment_scripts_only(scout_msgs)
[19.147s] Level 1:colcon.colcon_core.environment:checking '/workspaces/ROS2_For_SCOUT_MINI/install/scout_msgs' for CMake module files
[19.147s] Level 1:colcon.colcon_core.environment:checking '/workspaces/ROS2_For_SCOUT_MINI/install/scout_msgs' for CMake config files
[19.151s] Level 1:colcon.colcon_core.shell:create_environment_hook('scout_msgs', 'cmake_prefix_path')
[19.151s] INFO:colcon.colcon_core.shell:Creating environment hook '/workspaces/ROS2_For_SCOUT_MINI/install/scout_msgs/share/scout_msgs/hook/cmake_prefix_path.ps1'
[19.152s] INFO:colcon.colcon_core.shell:Creating environment descriptor '/workspaces/ROS2_For_SCOUT_MINI/install/scout_msgs/share/scout_msgs/hook/cmake_prefix_path.dsv'
[19.157s] INFO:colcon.colcon_core.shell:Creating environment hook '/workspaces/ROS2_For_SCOUT_MINI/install/scout_msgs/share/scout_msgs/hook/cmake_prefix_path.sh'
[19.157s] Level 1:colcon.colcon_core.environment:checking '/workspaces/ROS2_For_SCOUT_MINI/install/scout_msgs/lib'
[19.158s] Level 1:colcon.colcon_core.shell:create_environment_hook('scout_msgs', 'ld_library_path_lib')
[19.158s] INFO:colcon.colcon_core.shell:Creating environment hook '/workspaces/ROS2_For_SCOUT_MINI/install/scout_msgs/share/scout_msgs/hook/ld_library_path_lib.ps1'
[19.158s] INFO:colcon.colcon_core.shell:Creating environment descriptor '/workspaces/ROS2_For_SCOUT_MINI/install/scout_msgs/share/scout_msgs/hook/ld_library_path_lib.dsv'
[19.158s] INFO:colcon.colcon_core.shell:Creating environment hook '/workspaces/ROS2_For_SCOUT_MINI/install/scout_msgs/share/scout_msgs/hook/ld_library_path_lib.sh'
[19.159s] Level 1:colcon.colcon_core.environment:checking '/workspaces/ROS2_For_SCOUT_MINI/install/scout_msgs/bin'
[19.159s] Level 1:colcon.colcon_core.environment:checking '/workspaces/ROS2_For_SCOUT_MINI/install/scout_msgs/lib/pkgconfig/scout_msgs.pc'
[19.159s] Level 1:colcon.colcon_core.environment:checking '/workspaces/ROS2_For_SCOUT_MINI/install/scout_msgs/lib/python3.10/site-packages'
[19.159s] Level 1:colcon.colcon_core.environment:checking '/workspaces/ROS2_For_SCOUT_MINI/install/scout_msgs/bin'
[19.160s] INFO:colcon.colcon_core.shell:Creating package script '/workspaces/ROS2_For_SCOUT_MINI/install/scout_msgs/share/scout_msgs/package.ps1'
[19.164s] INFO:colcon.colcon_core.shell:Creating package descriptor '/workspaces/ROS2_For_SCOUT_MINI/install/scout_msgs/share/scout_msgs/package.dsv'
[19.165s] INFO:colcon.colcon_core.shell:Creating package script '/workspaces/ROS2_For_SCOUT_MINI/install/scout_msgs/share/scout_msgs/package.sh'
[19.166s] INFO:colcon.colcon_core.shell:Creating package script '/workspaces/ROS2_For_SCOUT_MINI/install/scout_msgs/share/scout_msgs/package.bash'
[19.166s] INFO:colcon.colcon_core.shell:Creating package script '/workspaces/ROS2_For_SCOUT_MINI/install/scout_msgs/share/scout_msgs/package.zsh'
[19.167s] Level 1:colcon.colcon_core.environment:create_file_with_runtime_dependencies(/workspaces/ROS2_For_SCOUT_MINI/install/scout_msgs/share/colcon-core/packages/scout_msgs)
[22.201s] DEBUG:colcon.colcon_core.event_handler.log_command:Invoked command in '/workspaces/ROS2_For_SCOUT_MINI/build/ugv_sdk' returned '0': /usr/bin/cmake --build /workspaces/ROS2_For_SCOUT_MINI/build/ugv_sdk -- -j4 -l4
[22.204s] DEBUG:colcon.colcon_core.event_handler.log_command:Invoking command in '/workspaces/ROS2_For_SCOUT_MINI/build/ugv_sdk': /usr/bin/cmake --install /workspaces/ROS2_For_SCOUT_MINI/build/ugv_sdk
[22.228s] DEBUG:colcon.colcon_core.event_handler.log_command:Invoked command in '/workspaces/ROS2_For_SCOUT_MINI/build/ugv_sdk' returned '0': /usr/bin/cmake --install /workspaces/ROS2_For_SCOUT_MINI/build/ugv_sdk
[22.228s] Level 1:colcon.colcon_core.shell:create_environment_hook('ugv_sdk', 'ros_package_path')
[22.229s] INFO:colcon.colcon_core.shell:Creating environment hook '/workspaces/ROS2_For_SCOUT_MINI/install/ugv_sdk/share/ugv_sdk/hook/ros_package_path.ps1'
[22.229s] INFO:colcon.colcon_core.shell:Creating environment descriptor '/workspaces/ROS2_For_SCOUT_MINI/install/ugv_sdk/share/ugv_sdk/hook/ros_package_path.dsv'
[22.230s] INFO:colcon.colcon_core.shell:Creating environment hook '/workspaces/ROS2_For_SCOUT_MINI/install/ugv_sdk/share/ugv_sdk/hook/ros_package_path.sh'
[22.230s] Level 1:colcon.colcon_core.shell:create_environment_hook('ugv_sdk', 'pkg_config_path')
[22.231s] INFO:colcon.colcon_core.shell:Creating environment hook '/workspaces/ROS2_For_SCOUT_MINI/install/ugv_sdk/share/ugv_sdk/hook/pkg_config_path.ps1'
[22.231s] INFO:colcon.colcon_core.shell:Creating environment descriptor '/workspaces/ROS2_For_SCOUT_MINI/install/ugv_sdk/share/ugv_sdk/hook/pkg_config_path.dsv'
[22.231s] INFO:colcon.colcon_core.shell:Creating environment hook '/workspaces/ROS2_For_SCOUT_MINI/install/ugv_sdk/share/ugv_sdk/hook/pkg_config_path.sh'
[22.234s] Level 1:colcon.colcon_core.shell:create_environment_hook('ugv_sdk', 'pkg_config_path_multiarch')
[22.234s] INFO:colcon.colcon_core.shell:Creating environment hook '/workspaces/ROS2_For_SCOUT_MINI/install/ugv_sdk/share/ugv_sdk/hook/pkg_config_path_multiarch.ps1'
[22.234s] INFO:colcon.colcon_core.shell:Creating environment descriptor '/workspaces/ROS2_For_SCOUT_MINI/install/ugv_sdk/share/ugv_sdk/hook/pkg_config_path_multiarch.dsv'
[22.235s] INFO:colcon.colcon_core.shell:Creating environment hook '/workspaces/ROS2_For_SCOUT_MINI/install/ugv_sdk/share/ugv_sdk/hook/pkg_config_path_multiarch.sh'
[22.236s] Level 1:colcon.colcon_core.environment:create_environment_scripts_only(ugv_sdk)
[22.236s] Level 1:colcon.colcon_core.environment:checking '/workspaces/ROS2_For_SCOUT_MINI/install/ugv_sdk' for CMake module files
[22.236s] Level 1:colcon.colcon_core.environment:checking '/workspaces/ROS2_For_SCOUT_MINI/install/ugv_sdk' for CMake config files
[22.236s] Level 1:colcon.colcon_core.shell:create_environment_hook('ugv_sdk', 'cmake_prefix_path')
[22.237s] INFO:colcon.colcon_core.shell:Creating environment hook '/workspaces/ROS2_For_SCOUT_MINI/install/ugv_sdk/share/ugv_sdk/hook/cmake_prefix_path.ps1'
[22.237s] INFO:colcon.colcon_core.shell:Creating environment descriptor '/workspaces/ROS2_For_SCOUT_MINI/install/ugv_sdk/share/ugv_sdk/hook/cmake_prefix_path.dsv'
[22.237s] INFO:colcon.colcon_core.shell:Creating environment hook '/workspaces/ROS2_For_SCOUT_MINI/install/ugv_sdk/share/ugv_sdk/hook/cmake_prefix_path.sh'
[22.238s] Level 1:colcon.colcon_core.environment:checking '/workspaces/ROS2_For_SCOUT_MINI/install/ugv_sdk/lib'
[22.238s] Level 1:colcon.colcon_core.environment:checking '/workspaces/ROS2_For_SCOUT_MINI/install/ugv_sdk/bin'
[22.238s] Level 1:colcon.colcon_core.environment:checking '/workspaces/ROS2_For_SCOUT_MINI/install/ugv_sdk/lib/pkgconfig/ugv_sdk.pc'
[22.238s] Level 1:colcon.colcon_core.environment:checking '/workspaces/ROS2_For_SCOUT_MINI/install/ugv_sdk/lib/python3.10/site-packages'
[22.239s] Level 1:colcon.colcon_core.environment:checking '/workspaces/ROS2_For_SCOUT_MINI/install/ugv_sdk/bin'
[22.239s] INFO:colcon.colcon_core.shell:Creating package script '/workspaces/ROS2_For_SCOUT_MINI/install/ugv_sdk/share/ugv_sdk/package.ps1'
[22.240s] INFO:colcon.colcon_core.shell:Creating package descriptor '/workspaces/ROS2_For_SCOUT_MINI/install/ugv_sdk/share/ugv_sdk/package.dsv'
[22.240s] INFO:colcon.colcon_core.shell:Creating package script '/workspaces/ROS2_For_SCOUT_MINI/install/ugv_sdk/share/ugv_sdk/package.sh'
[22.241s] INFO:colcon.colcon_core.shell:Creating package script '/workspaces/ROS2_For_SCOUT_MINI/install/ugv_sdk/share/ugv_sdk/package.bash'
[22.241s] INFO:colcon.colcon_core.shell:Creating package script '/workspaces/ROS2_For_SCOUT_MINI/install/ugv_sdk/share/ugv_sdk/package.zsh'
[22.242s] Level 1:colcon.colcon_core.environment:create_file_with_runtime_dependencies(/workspaces/ROS2_For_SCOUT_MINI/install/ugv_sdk/share/colcon-core/packages/ugv_sdk)
[22.242s] INFO:colcon.colcon_ros.task.ament_cmake.build:Building ROS package in '/workspaces/ROS2_For_SCOUT_MINI/src/scout_ros2/scout_base' with build type 'ament_cmake'
[22.242s] INFO:colcon.colcon_cmake.task.cmake.build:Building CMake package in '/workspaces/ROS2_For_SCOUT_MINI/src/scout_ros2/scout_base'
[22.243s] INFO:colcon.colcon_core.shell:Skip shell extension 'powershell' for command environment: Not usable outside of PowerShell
[22.243s] DEBUG:colcon.colcon_core.shell:Skip shell extension 'dsv' for command environment
[22.264s] DEBUG:colcon.colcon_core.event_handler.log_command:Invoking command in '/workspaces/ROS2_For_SCOUT_MINI/build/scout_base': AMENT_PREFIX_PATH=/workspaces/ROS2_For_SCOUT_MINI/install/scout_msgs:${AMENT_PREFIX_PATH} CMAKE_PREFIX_PATH=/opt/ros/humble:/workspaces/ROS2_For_SCOUT_MINI/install/ugv_sdk:/workspaces/ROS2_For_SCOUT_MINI/install/scout_msgs LD_LIBRARY_PATH=/workspaces/ROS2_For_SCOUT_MINI/install/scout_msgs/lib:${LD_LIBRARY_PATH} PKG_CONFIG_PATH=/workspaces/ROS2_For_SCOUT_MINI/install/ugv_sdk/lib/x86_64-linux-gnu/pkgconfig:/workspaces/ROS2_For_SCOUT_MINI/install/ugv_sdk/lib/pkgconfig PYTHONPATH=/workspaces/ROS2_For_SCOUT_MINI/install/scout_msgs/local/lib/python3.10/dist-packages:${PYTHONPATH} ROS_PACKAGE_PATH=/workspaces/ROS2_For_SCOUT_MINI/install/ugv_sdk/share /usr/bin/cmake /workspaces/ROS2_For_SCOUT_MINI/src/scout_ros2/scout_base -DCMAKE_INSTALL_PREFIX=/workspaces/ROS2_For_SCOUT_MINI/install/scout_base
[24.263s] DEBUG:colcon.colcon_core.event_handler.log_command:Invoked command in '/workspaces/ROS2_For_SCOUT_MINI/build/scout_base' returned '0': AMENT_PREFIX_PATH=/workspaces/ROS2_For_SCOUT_MINI/install/scout_msgs:${AMENT_PREFIX_PATH} CMAKE_PREFIX_PATH=/opt/ros/humble:/workspaces/ROS2_For_SCOUT_MINI/install/ugv_sdk:/workspaces/ROS2_For_SCOUT_MINI/install/scout_msgs LD_LIBRARY_PATH=/workspaces/ROS2_For_SCOUT_MINI/install/scout_msgs/lib:${LD_LIBRARY_PATH} PKG_CONFIG_PATH=/workspaces/ROS2_For_SCOUT_MINI/install/ugv_sdk/lib/x86_64-linux-gnu/pkgconfig:/workspaces/ROS2_For_SCOUT_MINI/install/ugv_sdk/lib/pkgconfig PYTHONPATH=/workspaces/ROS2_For_SCOUT_MINI/install/scout_msgs/local/lib/python3.10/dist-packages:${PYTHONPATH} ROS_PACKAGE_PATH=/workspaces/ROS2_For_SCOUT_MINI/install/ugv_sdk/share /usr/bin/cmake /workspaces/ROS2_For_SCOUT_MINI/src/scout_ros2/scout_base -DCMAKE_INSTALL_PREFIX=/workspaces/ROS2_For_SCOUT_MINI/install/scout_base
[24.265s] DEBUG:colcon.colcon_core.event_handler.log_command:Invoking command in '/workspaces/ROS2_For_SCOUT_MINI/build/scout_base': AMENT_PREFIX_PATH=/workspaces/ROS2_For_SCOUT_MINI/install/scout_msgs:${AMENT_PREFIX_PATH} CMAKE_PREFIX_PATH=/opt/ros/humble:/workspaces/ROS2_For_SCOUT_MINI/install/ugv_sdk:/workspaces/ROS2_For_SCOUT_MINI/install/scout_msgs LD_LIBRARY_PATH=/workspaces/ROS2_For_SCOUT_MINI/install/scout_msgs/lib:${LD_LIBRARY_PATH} PKG_CONFIG_PATH=/workspaces/ROS2_For_SCOUT_MINI/install/ugv_sdk/lib/x86_64-linux-gnu/pkgconfig:/workspaces/ROS2_For_SCOUT_MINI/install/ugv_sdk/lib/pkgconfig PYTHONPATH=/workspaces/ROS2_For_SCOUT_MINI/install/scout_msgs/local/lib/python3.10/dist-packages:${PYTHONPATH} ROS_PACKAGE_PATH=/workspaces/ROS2_For_SCOUT_MINI/install/ugv_sdk/share /usr/bin/cmake --build /workspaces/ROS2_For_SCOUT_MINI/build/scout_base -- -j4 -l4
[46.788s] DEBUG:colcon.colcon_core.event_handler.log_command:Invoked command in '/workspaces/ROS2_For_SCOUT_MINI/build/scout_base' returned '0': AMENT_PREFIX_PATH=/workspaces/ROS2_For_SCOUT_MINI/install/scout_msgs:${AMENT_PREFIX_PATH} CMAKE_PREFIX_PATH=/opt/ros/humble:/workspaces/ROS2_For_SCOUT_MINI/install/ugv_sdk:/workspaces/ROS2_For_SCOUT_MINI/install/scout_msgs LD_LIBRARY_PATH=/workspaces/ROS2_For_SCOUT_MINI/install/scout_msgs/lib:${LD_LIBRARY_PATH} PKG_CONFIG_PATH=/workspaces/ROS2_For_SCOUT_MINI/install/ugv_sdk/lib/x86_64-linux-gnu/pkgconfig:/workspaces/ROS2_For_SCOUT_MINI/install/ugv_sdk/lib/pkgconfig PYTHONPATH=/workspaces/ROS2_For_SCOUT_MINI/install/scout_msgs/local/lib/python3.10/dist-packages:${PYTHONPATH} ROS_PACKAGE_PATH=/workspaces/ROS2_For_SCOUT_MINI/install/ugv_sdk/share /usr/bin/cmake --build /workspaces/ROS2_For_SCOUT_MINI/build/scout_base -- -j4 -l4
[46.790s] DEBUG:colcon.colcon_core.event_handler.log_command:Invoking command in '/workspaces/ROS2_For_SCOUT_MINI/build/scout_base': AMENT_PREFIX_PATH=/workspaces/ROS2_For_SCOUT_MINI/install/scout_msgs:${AMENT_PREFIX_PATH} CMAKE_PREFIX_PATH=/opt/ros/humble:/workspaces/ROS2_For_SCOUT_MINI/install/ugv_sdk:/workspaces/ROS2_For_SCOUT_MINI/install/scout_msgs LD_LIBRARY_PATH=/workspaces/ROS2_For_SCOUT_MINI/install/scout_msgs/lib:${LD_LIBRARY_PATH} PKG_CONFIG_PATH=/workspaces/ROS2_For_SCOUT_MINI/install/ugv_sdk/lib/x86_64-linux-gnu/pkgconfig:/workspaces/ROS2_For_SCOUT_MINI/install/ugv_sdk/lib/pkgconfig PYTHONPATH=/workspaces/ROS2_For_SCOUT_MINI/install/scout_msgs/local/lib/python3.10/dist-packages:${PYTHONPATH} ROS_PACKAGE_PATH=/workspaces/ROS2_For_SCOUT_MINI/install/ugv_sdk/share /usr/bin/cmake --install /workspaces/ROS2_For_SCOUT_MINI/build/scout_base
[46.808s] Level 1:colcon.colcon_core.environment:create_environment_scripts_only(scout_base)
[46.808s] Level 1:colcon.colcon_core.environment:checking '/workspaces/ROS2_For_SCOUT_MINI/install/scout_base' for CMake module files
[46.809s] DEBUG:colcon.colcon_core.event_handler.log_command:Invoked command in '/workspaces/ROS2_For_SCOUT_MINI/build/scout_base' returned '0': AMENT_PREFIX_PATH=/workspaces/ROS2_For_SCOUT_MINI/install/scout_msgs:${AMENT_PREFIX_PATH} CMAKE_PREFIX_PATH=/opt/ros/humble:/workspaces/ROS2_For_SCOUT_MINI/install/ugv_sdk:/workspaces/ROS2_For_SCOUT_MINI/install/scout_msgs LD_LIBRARY_PATH=/workspaces/ROS2_For_SCOUT_MINI/install/scout_msgs/lib:${LD_LIBRARY_PATH} PKG_CONFIG_PATH=/workspaces/ROS2_For_SCOUT_MINI/install/ugv_sdk/lib/x86_64-linux-gnu/pkgconfig:/workspaces/ROS2_For_SCOUT_MINI/install/ugv_sdk/lib/pkgconfig PYTHONPATH=/workspaces/ROS2_For_SCOUT_MINI/install/scout_msgs/local/lib/python3.10/dist-packages:${PYTHONPATH} ROS_PACKAGE_PATH=/workspaces/ROS2_For_SCOUT_MINI/install/ugv_sdk/share /usr/bin/cmake --install /workspaces/ROS2_For_SCOUT_MINI/build/scout_base
[46.809s] Level 1:colcon.colcon_core.environment:checking '/workspaces/ROS2_For_SCOUT_MINI/install/scout_base' for CMake config files
[46.809s] Level 1:colcon.colcon_core.shell:create_environment_hook('scout_base', 'cmake_prefix_path')
[46.809s] INFO:colcon.colcon_core.shell:Creating environment hook '/workspaces/ROS2_For_SCOUT_MINI/install/scout_base/share/scout_base/hook/cmake_prefix_path.ps1'
[46.810s] INFO:colcon.colcon_core.shell:Creating environment descriptor '/workspaces/ROS2_For_SCOUT_MINI/install/scout_base/share/scout_base/hook/cmake_prefix_path.dsv'
[46.810s] INFO:colcon.colcon_core.shell:Creating environment hook '/workspaces/ROS2_For_SCOUT_MINI/install/scout_base/share/scout_base/hook/cmake_prefix_path.sh'
[46.811s] Level 1:colcon.colcon_core.environment:checking '/workspaces/ROS2_For_SCOUT_MINI/install/scout_base/lib'
[46.811s] Level 1:colcon.colcon_core.environment:checking '/workspaces/ROS2_For_SCOUT_MINI/install/scout_base/bin'
[46.811s] Level 1:colcon.colcon_core.environment:checking '/workspaces/ROS2_For_SCOUT_MINI/install/scout_base/lib/pkgconfig/scout_base.pc'
[46.811s] Level 1:colcon.colcon_core.environment:checking '/workspaces/ROS2_For_SCOUT_MINI/install/scout_base/lib/python3.10/site-packages'
[46.811s] Level 1:colcon.colcon_core.environment:checking '/workspaces/ROS2_For_SCOUT_MINI/install/scout_base/bin'
[46.812s] INFO:colcon.colcon_core.shell:Creating package script '/workspaces/ROS2_For_SCOUT_MINI/install/scout_base/share/scout_base/package.ps1'
[46.812s] INFO:colcon.colcon_core.shell:Creating package descriptor '/workspaces/ROS2_For_SCOUT_MINI/install/scout_base/share/scout_base/package.dsv'
[46.813s] INFO:colcon.colcon_core.shell:Creating package script '/workspaces/ROS2_For_SCOUT_MINI/install/scout_base/share/scout_base/package.sh'
[46.813s] INFO:colcon.colcon_core.shell:Creating package script '/workspaces/ROS2_For_SCOUT_MINI/install/scout_base/share/scout_base/package.bash'
[46.813s] INFO:colcon.colcon_core.shell:Creating package script '/workspaces/ROS2_For_SCOUT_MINI/install/scout_base/share/scout_base/package.zsh'
[46.813s] Level 1:colcon.colcon_core.environment:create_file_with_runtime_dependencies(/workspaces/ROS2_For_SCOUT_MINI/install/scout_base/share/colcon-core/packages/scout_base)
[46.814s] Level 1:colcon.colcon_core.environment:create_environment_scripts_only(scout_base)
[46.815s] Level 1:colcon.colcon_core.environment:checking '/workspaces/ROS2_For_SCOUT_MINI/install/scout_base' for CMake module files
[46.815s] Level 1:colcon.colcon_core.environment:checking '/workspaces/ROS2_For_SCOUT_MINI/install/scout_base' for CMake config files
[46.816s] Level 1:colcon.colcon_core.shell:create_environment_hook('scout_base', 'cmake_prefix_path')
[46.816s] INFO:colcon.colcon_core.shell:Creating environment hook '/workspaces/ROS2_For_SCOUT_MINI/install/scout_base/share/scout_base/hook/cmake_prefix_path.ps1'
[46.816s] INFO:colcon.colcon_core.shell:Creating environment descriptor '/workspaces/ROS2_For_SCOUT_MINI/install/scout_base/share/scout_base/hook/cmake_prefix_path.dsv'
[46.817s] INFO:colcon.colcon_core.shell:Creating environment hook '/workspaces/ROS2_For_SCOUT_MINI/install/scout_base/share/scout_base/hook/cmake_prefix_path.sh'
[46.817s] Level 1:colcon.colcon_core.environment:checking '/workspaces/ROS2_For_SCOUT_MINI/install/scout_base/lib'
[46.817s] Level 1:colcon.colcon_core.environment:checking '/workspaces/ROS2_For_SCOUT_MINI/install/scout_base/bin'
[46.817s] Level 1:colcon.colcon_core.environment:checking '/workspaces/ROS2_For_SCOUT_MINI/install/scout_base/lib/pkgconfig/scout_base.pc'
[46.817s] Level 1:colcon.colcon_core.environment:checking '/workspaces/ROS2_For_SCOUT_MINI/install/scout_base/lib/python3.10/site-packages'
[46.818s] Level 1:colcon.colcon_core.environment:checking '/workspaces/ROS2_For_SCOUT_MINI/install/scout_base/bin'
[46.818s] INFO:colcon.colcon_core.shell:Creating package script '/workspaces/ROS2_For_SCOUT_MINI/install/scout_base/share/scout_base/package.ps1'
[46.818s] INFO:colcon.colcon_core.shell:Creating package descriptor '/workspaces/ROS2_For_SCOUT_MINI/install/scout_base/share/scout_base/package.dsv'
[46.819s] INFO:colcon.colcon_core.shell:Creating package script '/workspaces/ROS2_For_SCOUT_MINI/install/scout_base/share/scout_base/package.sh'
[46.819s] INFO:colcon.colcon_core.shell:Creating package script '/workspaces/ROS2_For_SCOUT_MINI/install/scout_base/share/scout_base/package.bash'
[46.820s] INFO:colcon.colcon_core.shell:Creating package script '/workspaces/ROS2_For_SCOUT_MINI/install/scout_base/share/scout_base/package.zsh'
[46.820s] Level 1:colcon.colcon_core.environment:create_file_with_runtime_dependencies(/workspaces/ROS2_For_SCOUT_MINI/install/scout_base/share/colcon-core/packages/scout_base)
[46.820s] DEBUG:colcon.colcon_parallel_executor.executor.parallel:closing loop
[46.821s] DEBUG:colcon.colcon_parallel_executor.executor.parallel:loop closed
[46.821s] DEBUG:colcon.colcon_parallel_executor.executor.parallel:run_until_complete finished with '0'
[46.821s] DEBUG:colcon.colcon_core.event_reactor:joining thread
[46.835s] INFO:colcon.colcon_core.plugin_system:Skipping extension 'colcon_notification.desktop_notification.notify_send': Could not find 'notify-send'
[46.835s] INFO:colcon.colcon_core.plugin_system:Skipping extension 'colcon_notification.desktop_notification.terminal_notifier': Not used on non-Darwin systems
[46.835s] INFO:colcon.colcon_core.plugin_system:Skipping extension 'colcon_notification.desktop_notification.win32': Not used on non-Windows systems
[46.835s] INFO:colcon.colcon_notification.desktop_notification:Sending desktop notification using 'notify2'
[46.841s] DEBUG:colcon.colcon_notification.desktop_notification.notify2:Failed to initialize notify2: org.freedesktop.DBus.Error.Spawn.ExecFailed: /usr/bin/dbus-launch terminated abnormally without any error message
[46.842s] DEBUG:colcon.colcon_core.event_reactor:joined thread
[46.842s] INFO:colcon.colcon_core.shell:Creating prefix script '/workspaces/ROS2_For_SCOUT_MINI/install/local_setup.ps1'
[46.844s] INFO:colcon.colcon_core.shell:Creating prefix util module '/workspaces/ROS2_For_SCOUT_MINI/install/_local_setup_util_ps1.py'
[46.845s] INFO:colcon.colcon_core.shell:Creating prefix chain script '/workspaces/ROS2_For_SCOUT_MINI/install/setup.ps1'
[46.847s] INFO:colcon.colcon_core.shell:Creating prefix script '/workspaces/ROS2_For_SCOUT_MINI/install/local_setup.sh'
[46.848s] INFO:colcon.colcon_core.shell:Creating prefix util module '/workspaces/ROS2_For_SCOUT_MINI/install/_local_setup_util_sh.py'
[46.849s] INFO:colcon.colcon_core.shell:Creating prefix chain script '/workspaces/ROS2_For_SCOUT_MINI/install/setup.sh'
[46.850s] INFO:colcon.colcon_core.shell:Creating prefix script '/workspaces/ROS2_For_SCOUT_MINI/install/local_setup.bash'
[46.852s] INFO:colcon.colcon_core.shell:Creating prefix chain script '/workspaces/ROS2_For_SCOUT_MINI/install/setup.bash'
[46.854s] INFO:colcon.colcon_core.shell:Creating prefix script '/workspaces/ROS2_For_SCOUT_MINI/install/local_setup.zsh'
[46.856s] INFO:colcon.colcon_core.shell:Creating prefix chain script '/workspaces/ROS2_For_SCOUT_MINI/install/setup.zsh'
