[0.033s] Invoking command in '/workspaces/ROS2_For_SCOUT_MINI/build/ugv_sdk': /usr/bin/cmake /workspaces/ROS2_For_SCOUT_MINI/src/ugv_sdk -DCATKIN_INSTALL_INTO_PREFIX_ROOT=0 -DCMAKE_INSTALL_PREFIX=/workspaces/ROS2_For_SCOUT_MINI/install/ugv_sdk
[0.270s] -- The C compiler identification is GNU 11.4.0
[0.440s] -- The CXX compiler identification is GNU 11.4.0
[0.454s] -- Detecting C compiler ABI info
[0.701s] -- Detecting C compiler ABI info - done
[0.712s] -- Check for working C compiler: /usr/bin/cc - skipped
[0.712s] -- Detecting C compile features
[0.712s] -- Detecting C compile features - done
[0.721s] -- Detecting CXX compiler ABI info
[0.998s] -- Detecting CXX compiler ABI info - done
[1.036s] -- Check for working CXX compiler: /usr/bin/c++ - skipped
[1.037s] -- Detecting CXX compile features
[1.037s] -- Detecting CXX compile features - done
[1.037s] -- Build package with cmake
[1.037s] -- Setting build type to 'Release' as none was specified.
[1.037s] -- Tests will not be built
[1.048s] -- Looking for pthread.h
[1.343s] -- Looking for pthread.h - found
[1.344s] -- Performing Test CMAKE_HAVE_LIBC_PTHREAD
[1.591s] -- Performing Test CMAKE_HAVE_LIBC_PTHREAD - Success
[1.593s] -- Found Threads: TRUE  
[1.622s] -- Project will be installed to /workspaces/ROS2_For_SCOUT_MINI/install/ugv_sdk with 'make install'
[1.622s] --  - To install LIB components to /workspaces/ROS2_For_SCOUT_MINI/install/ugv_sdk/lib
[1.622s] --  - To install BIN components to /workspaces/ROS2_For_SCOUT_MINI/install/ugv_sdk/bin
[1.622s] --  - To install INCLUDE components to /workspaces/ROS2_For_SCOUT_MINI/install/ugv_sdk/include
[1.622s] --  - To install CMAKE components to /workspaces/ROS2_For_SCOUT_MINI/install/ugv_sdk/share/cmake/ugv_sdk
[1.648s] -- Configuring done
[1.695s] -- Generating done
[1.703s] [33mCMake Warning:
[1.703s]   Manually-specified variables were not used by the project:
[1.703s] 
[1.704s]     CATKIN_INSTALL_INTO_PREFIX_ROOT
[1.704s] 
[1.704s] [0m
[1.704s] -- Build files have been written to: /workspaces/ROS2_For_SCOUT_MINI/build/ugv_sdk
[1.713s] Invoked command in '/workspaces/ROS2_For_SCOUT_MINI/build/ugv_sdk' returned '0': /usr/bin/cmake /workspaces/ROS2_For_SCOUT_MINI/src/ugv_sdk -DCATKIN_INSTALL_INTO_PREFIX_ROOT=0 -DCMAKE_INSTALL_PREFIX=/workspaces/ROS2_For_SCOUT_MINI/install/ugv_sdk
[1.714s] Invoking command in '/workspaces/ROS2_For_SCOUT_MINI/build/ugv_sdk': /usr/bin/cmake --build /workspaces/ROS2_For_SCOUT_MINI/build/ugv_sdk -- -j4 -l4
[1.800s] [  3%] [32mBuilding CXX object CMakeFiles/ugv_sdk.dir/src/async_port/async_serial.cpp.o[0m
[1.807s] [  7%] [32mBuilding CXX object CMakeFiles/ugv_sdk.dir/src/async_port/async_can.cpp.o[0m
[1.813s] [ 10%] [32mBuilding CXX object CMakeFiles/ugv_sdk.dir/src/utilities/protocol_detector.cpp.o[0m
[1.845s] [ 14%] [32mBuilding CXX object CMakeFiles/ugv_sdk.dir/src/mobile_robot/scout_robot.cpp.o[0m
[2.080s] In file included from [01m[K/workspaces/ROS2_For_SCOUT_MINI/src/ugv_sdk/include/ugv_sdk/utilities/protocol_detector.hpp:15[m[K,
[2.081s]                  from [01m[K/workspaces/ROS2_For_SCOUT_MINI/src/ugv_sdk/src/utilities/protocol_detector.cpp:10[m[K:
[2.081s] [01m[K/workspaces/ROS2_For_SCOUT_MINI/src/ugv_sdk/include/ugv_sdk/details/async_port/async_can.hpp:24:10:[m[K [01;31m[Kfatal error: [m[Kasio.hpp: No such file or directory
[2.090s]    24 | #include [01;31m[K"asio.hpp"[m[K
[2.092s]       |          [01;31m[K^~~~~~~~~~[m[K
[2.092s] compilation terminated.
[2.095s] In file included from [01m[K/workspaces/ROS2_For_SCOUT_MINI/src/ugv_sdk/src/async_port/async_can.cpp:10[m[K:
[2.095s] [01m[K/workspaces/ROS2_For_SCOUT_MINI/src/ugv_sdk/include/ugv_sdk/details/async_port/async_can.hpp:24:10:[m[K [01;31m[Kfatal error: [m[Kasio.hpp: No such file or directory
[2.097s]    24 | #include [01;31m[K"asio.hpp"[m[K
[2.097s]       |          [01;31m[K^~~~~~~~~~[m[K
[2.097s] compilation terminated.
[2.097s] gmake[2]: *** [CMakeFiles/ugv_sdk.dir/build.make:90: CMakeFiles/ugv_sdk.dir/src/async_port/async_can.cpp.o] Error 1
[2.097s] gmake[2]: *** Waiting for unfinished jobs....
[2.097s] gmake[2]: *** [CMakeFiles/ugv_sdk.dir/build.make:104: CMakeFiles/ugv_sdk.dir/src/utilities/protocol_detector.cpp.o] Error 1
[2.124s] In file included from [01m[K/workspaces/ROS2_For_SCOUT_MINI/src/ugv_sdk/src/async_port/async_serial.cpp:10[m[K:
[2.124s] [01m[K/workspaces/ROS2_For_SCOUT_MINI/src/ugv_sdk/include/ugv_sdk/details/async_port/async_serial.hpp:20:10:[m[K [01;31m[Kfatal error: [m[Kasio.hpp: No such file or directory
[2.124s]    20 | #include [01;31m[K"asio.hpp"[m[K
[2.124s]       |          [01;31m[K^~~~~~~~~~[m[K
[2.125s] compilation terminated.
[2.128s] gmake[2]: *** [CMakeFiles/ugv_sdk.dir/build.make:76: CMakeFiles/ugv_sdk.dir/src/async_port/async_serial.cpp.o] Error 1
[2.180s] In file included from [01m[K/workspaces/ROS2_For_SCOUT_MINI/src/ugv_sdk/include/ugv_sdk/details/robot_base/agilex_base.hpp:21[m[K,
[2.180s]                  from [01m[K/workspaces/ROS2_For_SCOUT_MINI/src/ugv_sdk/include/ugv_sdk/details/robot_base/scout_base.hpp:19[m[K,
[2.180s]                  from [01m[K/workspaces/ROS2_For_SCOUT_MINI/src/ugv_sdk/src/mobile_robot/scout_robot.cpp:11[m[K:
[2.180s] [01m[K/workspaces/ROS2_For_SCOUT_MINI/src/ugv_sdk/include/ugv_sdk/details/async_port/async_can.hpp:24:10:[m[K [01;31m[Kfatal error: [m[Kasio.hpp: No such file or directory
[2.180s]    24 | #include [01;31m[K"asio.hpp"[m[K
[2.180s]       |          [01;31m[K^~~~~~~~~~[m[K
[2.180s] compilation terminated.
[2.182s] gmake[2]: *** [CMakeFiles/ugv_sdk.dir/build.make:118: CMakeFiles/ugv_sdk.dir/src/mobile_robot/scout_robot.cpp.o] Error 1
[2.182s] gmake[1]: *** [CMakeFiles/Makefile2:209: CMakeFiles/ugv_sdk.dir/all] Error 2
[2.182s] gmake: *** [Makefile:156: all] Error 2
[2.193s] Invoked command in '/workspaces/ROS2_For_SCOUT_MINI/build/ugv_sdk' returned '2': /usr/bin/cmake --build /workspaces/ROS2_For_SCOUT_MINI/build/ugv_sdk -- -j4 -l4
