-- Install configuration: ""
-- Installing: /workspaces/ROS2_For_SCOUT_MINI/install/scout_description/share/scout_description//launch
-- Installing: /workspaces/ROS2_For_SCOUT_MINI/install/scout_description/share/scout_description//launch/scout_base_description.launch.py
-- Installing: /workspaces/ROS2_For_SCOUT_MINI/install/scout_description/share/scout_description//urdf
-- Installing: /workspaces/ROS2_For_SCOUT_MINI/install/scout_description/share/scout_description//urdf/scout_v2
-- Installing: /workspaces/ROS2_For_SCOUT_MINI/install/scout_description/share/scout_description//urdf/scout_v2/scout_v2.xacro
-- Installing: /workspaces/ROS2_For_SCOUT_MINI/install/scout_description/share/scout_description//urdf/scout_v2/scout_v2.urdf
-- Installing: /workspaces/ROS2_For_SCOUT_MINI/install/scout_description/share/scout_description//urdf/scout_v2/scout_wheel_type2.xacro
-- Installing: /workspaces/ROS2_For_SCOUT_MINI/install/scout_description/share/scout_description//urdf/scout_v2/scout_wheel_type1.xacro
-- Installing: /workspaces/ROS2_For_SCOUT_MINI/install/scout_description/share/scout_description//urdf/scout_mini
-- Installing: /workspaces/ROS2_For_SCOUT_MINI/install/scout_description/share/scout_description//urdf/scout_mini/scout_mini.urdf
-- Installing: /workspaces/ROS2_For_SCOUT_MINI/install/scout_description/share/scout_description//urdf/scout_mini/scout_mini_wheel.xacro
-- Installing: /workspaces/ROS2_For_SCOUT_MINI/install/scout_description/share/scout_description//urdf/scout_mini/scout_mini.xacro
-- Installing: /workspaces/ROS2_For_SCOUT_MINI/install/scout_description/share/scout_description//urdf/generate_urdf.sh
-- Installing: /workspaces/ROS2_For_SCOUT_MINI/install/scout_description/share/scout_description//meshes
-- Installing: /workspaces/ROS2_For_SCOUT_MINI/install/scout_description/share/scout_description//meshes/scout_v2
-- Installing: /workspaces/ROS2_For_SCOUT_MINI/install/scout_description/share/scout_description//meshes/scout_v2/wheel_type2.dae
-- Installing: /workspaces/ROS2_For_SCOUT_MINI/install/scout_description/share/scout_description//meshes/scout_v2/wheel_type1.dae
-- Installing: /workspaces/ROS2_For_SCOUT_MINI/install/scout_description/share/scout_description//meshes/scout_v2/hokuyo.dae
-- Installing: /workspaces/ROS2_For_SCOUT_MINI/install/scout_description/share/scout_description//meshes/scout_v2/base_link_full.dae
-- Installing: /workspaces/ROS2_For_SCOUT_MINI/install/scout_description/share/scout_description//meshes/scout_v2/base_link.dae
-- Installing: /workspaces/ROS2_For_SCOUT_MINI/install/scout_description/share/scout_description//meshes/scout_mini
-- Installing: /workspaces/ROS2_For_SCOUT_MINI/install/scout_description/share/scout_description//meshes/scout_mini/mini_wheel.dae
-- Installing: /workspaces/ROS2_For_SCOUT_MINI/install/scout_description/share/scout_description//meshes/scout_mini/mini_base_link.dae
-- Installing: /workspaces/ROS2_For_SCOUT_MINI/install/scout_description/share/ament_index/resource_index/package_run_dependencies/scout_description
-- Installing: /workspaces/ROS2_For_SCOUT_MINI/install/scout_description/share/ament_index/resource_index/parent_prefix_path/scout_description
-- Installing: /workspaces/ROS2_For_SCOUT_MINI/install/scout_description/share/scout_description/environment/ament_prefix_path.sh
-- Installing: /workspaces/ROS2_For_SCOUT_MINI/install/scout_description/share/scout_description/environment/ament_prefix_path.dsv
-- Installing: /workspaces/ROS2_For_SCOUT_MINI/install/scout_description/share/scout_description/environment/path.sh
-- Installing: /workspaces/ROS2_For_SCOUT_MINI/install/scout_description/share/scout_description/environment/path.dsv
-- Installing: /workspaces/ROS2_For_SCOUT_MINI/install/scout_description/share/scout_description/local_setup.bash
-- Installing: /workspaces/ROS2_For_SCOUT_MINI/install/scout_description/share/scout_description/local_setup.sh
-- Installing: /workspaces/ROS2_For_SCOUT_MINI/install/scout_description/share/scout_description/local_setup.zsh
-- Installing: /workspaces/ROS2_For_SCOUT_MINI/install/scout_description/share/scout_description/local_setup.dsv
-- Installing: /workspaces/ROS2_For_SCOUT_MINI/install/scout_description/share/scout_description/package.dsv
-- Installing: /workspaces/ROS2_For_SCOUT_MINI/install/scout_description/share/ament_index/resource_index/packages/scout_description
-- Installing: /workspaces/ROS2_For_SCOUT_MINI/install/scout_description/share/scout_description/cmake/scout_descriptionConfig.cmake
-- Installing: /workspaces/ROS2_For_SCOUT_MINI/install/scout_description/share/scout_description/cmake/scout_descriptionConfig-version.cmake
-- Installing: /workspaces/ROS2_For_SCOUT_MINI/install/scout_description/share/scout_description/package.xml
