[0.143s] Invoking command in '/workspaces/ROS2_For_SCOUT_MINI/build/scout_description': CMAKE_PREFIX_PATH=/opt/ros/humble /usr/bin/cmake --build /workspaces/ROS2_For_SCOUT_MINI/build/scout_description -- -j4 -l4
[0.231s] Invoked command in '/workspaces/ROS2_For_SCOUT_MINI/build/scout_description' returned '0': CMAKE_PREFIX_PATH=/opt/ros/humble /usr/bin/cmake --build /workspaces/ROS2_For_SCOUT_MINI/build/scout_description -- -j4 -l4
[0.310s] Invoking command in '/workspaces/ROS2_For_SCOUT_MINI/build/scout_description': CMAKE_PREFIX_PATH=/opt/ros/humble /usr/bin/cmake --install /workspaces/ROS2_For_SCOUT_MINI/build/scout_description
[0.370s] -- Install configuration: ""
[0.377s] -- Installing: /workspaces/ROS2_For_SCOUT_MINI/install/scout_description/share/scout_description//launch
[0.383s] -- Installing: /workspaces/ROS2_For_SCOUT_MINI/install/scout_description/share/scout_description//launch/scout_base_description.launch.py
[0.384s] -- Installing: /workspaces/ROS2_For_SCOUT_MINI/install/scout_description/share/scout_description//urdf
[0.390s] -- Installing: /workspaces/ROS2_For_SCOUT_MINI/install/scout_description/share/scout_description//urdf/scout_v2
[0.402s] -- Installing: /workspaces/ROS2_For_SCOUT_MINI/install/scout_description/share/scout_description//urdf/scout_v2/scout_v2.xacro
[0.402s] -- Installing: /workspaces/ROS2_For_SCOUT_MINI/install/scout_description/share/scout_description//urdf/scout_v2/scout_v2.urdf
[0.402s] -- Installing: /workspaces/ROS2_For_SCOUT_MINI/install/scout_description/share/scout_description//urdf/scout_v2/scout_wheel_type2.xacro
[0.402s] -- Installing: /workspaces/ROS2_For_SCOUT_MINI/install/scout_description/share/scout_description//urdf/scout_v2/scout_wheel_type1.xacro
[0.402s] -- Installing: /workspaces/ROS2_For_SCOUT_MINI/install/scout_description/share/scout_description//urdf/scout_mini
[0.403s] -- Installing: /workspaces/ROS2_For_SCOUT_MINI/install/scout_description/share/scout_description//urdf/scout_mini/scout_mini.urdf
[0.405s] -- Installing: /workspaces/ROS2_For_SCOUT_MINI/install/scout_description/share/scout_description//urdf/scout_mini/scout_mini_wheel.xacro
[0.409s] -- Installing: /workspaces/ROS2_For_SCOUT_MINI/install/scout_description/share/scout_description//urdf/scout_mini/scout_mini.xacro
[0.411s] -- Installing: /workspaces/ROS2_For_SCOUT_MINI/install/scout_description/share/scout_description//urdf/generate_urdf.sh
[0.413s] -- Installing: /workspaces/ROS2_For_SCOUT_MINI/install/scout_description/share/scout_description//meshes
[0.413s] -- Installing: /workspaces/ROS2_For_SCOUT_MINI/install/scout_description/share/scout_description//meshes/scout_v2
[0.413s] -- Installing: /workspaces/ROS2_For_SCOUT_MINI/install/scout_description/share/scout_description//meshes/scout_v2/wheel_type2.dae
[0.458s] -- Installing: /workspaces/ROS2_For_SCOUT_MINI/install/scout_description/share/scout_description//meshes/scout_v2/wheel_type1.dae
[0.478s] -- Installing: /workspaces/ROS2_For_SCOUT_MINI/install/scout_description/share/scout_description//meshes/scout_v2/hokuyo.dae
[0.480s] -- Installing: /workspaces/ROS2_For_SCOUT_MINI/install/scout_description/share/scout_description//meshes/scout_v2/base_link_full.dae
[0.480s] -- Installing: /workspaces/ROS2_For_SCOUT_MINI/install/scout_description/share/scout_description//meshes/scout_v2/base_link.dae
[0.568s] -- Installing: /workspaces/ROS2_For_SCOUT_MINI/install/scout_description/share/scout_description//meshes/scout_mini
[0.568s] -- Installing: /workspaces/ROS2_For_SCOUT_MINI/install/scout_description/share/scout_description//meshes/scout_mini/mini_wheel.dae
[0.616s] -- Installing: /workspaces/ROS2_For_SCOUT_MINI/install/scout_description/share/scout_description//meshes/scout_mini/mini_base_link.dae
[0.773s] -- Installing: /workspaces/ROS2_For_SCOUT_MINI/install/scout_description/share/ament_index/resource_index/package_run_dependencies/scout_description
[0.776s] -- Installing: /workspaces/ROS2_For_SCOUT_MINI/install/scout_description/share/ament_index/resource_index/parent_prefix_path/scout_description
[0.777s] -- Installing: /workspaces/ROS2_For_SCOUT_MINI/install/scout_description/share/scout_description/environment/ament_prefix_path.sh
[0.778s] -- Installing: /workspaces/ROS2_For_SCOUT_MINI/install/scout_description/share/scout_description/environment/ament_prefix_path.dsv
[0.781s] -- Installing: /workspaces/ROS2_For_SCOUT_MINI/install/scout_description/share/scout_description/environment/path.sh
[0.781s] -- Installing: /workspaces/ROS2_For_SCOUT_MINI/install/scout_description/share/scout_description/environment/path.dsv
[0.793s] -- Installing: /workspaces/ROS2_For_SCOUT_MINI/install/scout_description/share/scout_description/local_setup.bash
[0.799s] -- Installing: /workspaces/ROS2_For_SCOUT_MINI/install/scout_description/share/scout_description/local_setup.sh
[0.803s] -- Installing: /workspaces/ROS2_For_SCOUT_MINI/install/scout_description/share/scout_description/local_setup.zsh
[0.803s] -- Installing: /workspaces/ROS2_For_SCOUT_MINI/install/scout_description/share/scout_description/local_setup.dsv
[0.804s] -- Installing: /workspaces/ROS2_For_SCOUT_MINI/install/scout_description/share/scout_description/package.dsv
[0.805s] -- Installing: /workspaces/ROS2_For_SCOUT_MINI/install/scout_description/share/ament_index/resource_index/packages/scout_description
[0.805s] -- Installing: /workspaces/ROS2_For_SCOUT_MINI/install/scout_description/share/scout_description/cmake/scout_descriptionConfig.cmake
[0.811s] -- Installing: /workspaces/ROS2_For_SCOUT_MINI/install/scout_description/share/scout_description/cmake/scout_descriptionConfig-version.cmake
[0.811s] -- Installing: /workspaces/ROS2_For_SCOUT_MINI/install/scout_description/share/scout_description/package.xml
[0.829s] Invoked command in '/workspaces/ROS2_For_SCOUT_MINI/build/scout_description' returned '0': CMAKE_PREFIX_PATH=/opt/ros/humble /usr/bin/cmake --install /workspaces/ROS2_For_SCOUT_MINI/build/scout_description
