[0.140s] DEBUG:colcon:Command line arguments: ['/usr/bin/colcon', 'list', '-p', '--base-paths', '/workspaces/ROS2_For_SCOUT_MINI']
[0.140s] DEBUG:colcon:Parsed command line arguments: Namespace(log_base=None, log_level=None, verb_name='list', build_base='build', ignore_user_meta=False, metas=['./colcon.meta'], base_paths=['/workspaces/ROS2_For_SCOUT_MINI'], packages_ignore=None, packages_ignore_regex=None, paths=None, packages_up_to=None, packages_up_to_regex=None, packages_above=None, packages_above_and_dependencies=None, packages_above_depth=None, packages_select_by_dep=None, packages_skip_by_dep=None, packages_skip_up_to=None, packages_select_build_failed=False, packages_skip_build_finished=False, packages_select_test_failures=False, packages_skip_test_passed=False, packages_select=None, packages_skip=None, packages_select_regex=None, packages_skip_regex=None, packages_start=None, packages_end=None, topological_order=False, names_only=False, paths_only=True, topological_graph=False, topological_graph_dot=False, topological_graph_density=False, topological_graph_legend=False, topological_graph_dot_cluster=False, topological_graph_dot_include_skipped=False, mixin_files=None, mixin=None, verb_parser=<colcon_mixin.mixin.mixin_argument.MixinArgumentDecorator object at 0x73c732d108e0>, verb_extension=<colcon_package_information.verb.list.ListVerb object at 0x73c732cdfa00>, main=<bound method ListVerb.main of <colcon_package_information.verb.list.ListVerb object at 0x73c732cdfa00>>, mixin_verb=('list',))
[0.345s] Level 1:colcon.colcon_core.package_discovery:discover_packages(colcon_meta) check parameters
[0.345s] Level 1:colcon.colcon_core.package_discovery:discover_packages(recursive) check parameters
[0.345s] Level 1:colcon.colcon_core.package_discovery:discover_packages(ignore) check parameters
[0.345s] Level 1:colcon.colcon_core.package_discovery:discover_packages(path) check parameters
[0.345s] Level 1:colcon.colcon_core.package_discovery:discover_packages(recursive) discover
[0.345s] INFO:colcon.colcon_core.package_discovery:Crawling recursively for packages in '/workspaces/ROS2_For_SCOUT_MINI'
[0.346s] Level 1:colcon.colcon_core.package_identification:_identify(/workspaces/ROS2_For_SCOUT_MINI) by extensions ['ignore', 'ignore_ament_install']
[0.346s] Level 1:colcon.colcon_core.package_identification:_identify(/workspaces/ROS2_For_SCOUT_MINI) by extension 'ignore'
[0.346s] Level 1:colcon.colcon_core.package_identification:_identify(/workspaces/ROS2_For_SCOUT_MINI) by extension 'ignore_ament_install'
[0.346s] Level 1:colcon.colcon_core.package_identification:_identify(/workspaces/ROS2_For_SCOUT_MINI) by extensions ['colcon_pkg']
[0.346s] Level 1:colcon.colcon_core.package_identification:_identify(/workspaces/ROS2_For_SCOUT_MINI) by extension 'colcon_pkg'
[0.346s] Level 1:colcon.colcon_core.package_identification:_identify(/workspaces/ROS2_For_SCOUT_MINI) by extensions ['colcon_meta']
[0.346s] Level 1:colcon.colcon_core.package_identification:_identify(/workspaces/ROS2_For_SCOUT_MINI) by extension 'colcon_meta'
[0.346s] Level 1:colcon.colcon_core.package_identification:_identify(/workspaces/ROS2_For_SCOUT_MINI) by extensions ['ros']
[0.346s] Level 1:colcon.colcon_core.package_identification:_identify(/workspaces/ROS2_For_SCOUT_MINI) by extension 'ros'
[0.368s] Level 1:colcon.colcon_core.package_identification:_identify(/workspaces/ROS2_For_SCOUT_MINI) by extensions ['cmake', 'python']
[0.368s] Level 1:colcon.colcon_core.package_identification:_identify(/workspaces/ROS2_For_SCOUT_MINI) by extension 'cmake'
[0.368s] Level 1:colcon.colcon_core.package_identification:_identify(/workspaces/ROS2_For_SCOUT_MINI) by extension 'python'
[0.368s] Level 1:colcon.colcon_core.package_identification:_identify(/workspaces/ROS2_For_SCOUT_MINI) by extensions ['python_setup_py']
[0.368s] Level 1:colcon.colcon_core.package_identification:_identify(/workspaces/ROS2_For_SCOUT_MINI) by extension 'python_setup_py'
[0.368s] Level 1:colcon.colcon_core.package_identification:_identify(/workspaces/ROS2_For_SCOUT_MINI/build) by extensions ['ignore', 'ignore_ament_install']
[0.369s] Level 1:colcon.colcon_core.package_identification:_identify(/workspaces/ROS2_For_SCOUT_MINI/build) by extension 'ignore'
[0.369s] Level 1:colcon.colcon_core.package_identification:_identify(/workspaces/ROS2_For_SCOUT_MINI/build) ignored
[0.369s] Level 1:colcon.colcon_core.package_identification:_identify(/workspaces/ROS2_For_SCOUT_MINI/dependencies) by extensions ['ignore', 'ignore_ament_install']
[0.369s] Level 1:colcon.colcon_core.package_identification:_identify(/workspaces/ROS2_For_SCOUT_MINI/dependencies) by extension 'ignore'
[0.369s] Level 1:colcon.colcon_core.package_identification:_identify(/workspaces/ROS2_For_SCOUT_MINI/dependencies) by extension 'ignore_ament_install'
[0.369s] Level 1:colcon.colcon_core.package_identification:_identify(/workspaces/ROS2_For_SCOUT_MINI/dependencies) by extensions ['colcon_pkg']
[0.370s] Level 1:colcon.colcon_core.package_identification:_identify(/workspaces/ROS2_For_SCOUT_MINI/dependencies) by extension 'colcon_pkg'
[0.370s] Level 1:colcon.colcon_core.package_identification:_identify(/workspaces/ROS2_For_SCOUT_MINI/dependencies) by extensions ['colcon_meta']
[0.370s] Level 1:colcon.colcon_core.package_identification:_identify(/workspaces/ROS2_For_SCOUT_MINI/dependencies) by extension 'colcon_meta'
[0.370s] Level 1:colcon.colcon_core.package_identification:_identify(/workspaces/ROS2_For_SCOUT_MINI/dependencies) by extensions ['ros']
[0.370s] Level 1:colcon.colcon_core.package_identification:_identify(/workspaces/ROS2_For_SCOUT_MINI/dependencies) by extension 'ros'
[0.371s] Level 1:colcon.colcon_core.package_identification:_identify(/workspaces/ROS2_For_SCOUT_MINI/dependencies) by extensions ['cmake', 'python']
[0.371s] Level 1:colcon.colcon_core.package_identification:_identify(/workspaces/ROS2_For_SCOUT_MINI/dependencies) by extension 'cmake'
[0.371s] Level 1:colcon.colcon_core.package_identification:_identify(/workspaces/ROS2_For_SCOUT_MINI/dependencies) by extension 'python'
[0.371s] Level 1:colcon.colcon_core.package_identification:_identify(/workspaces/ROS2_For_SCOUT_MINI/dependencies) by extensions ['python_setup_py']
[0.371s] Level 1:colcon.colcon_core.package_identification:_identify(/workspaces/ROS2_For_SCOUT_MINI/dependencies) by extension 'python_setup_py'
[0.371s] Level 1:colcon.colcon_core.package_identification:_identify(/workspaces/ROS2_For_SCOUT_MINI/install) by extensions ['ignore', 'ignore_ament_install']
[0.371s] Level 1:colcon.colcon_core.package_identification:_identify(/workspaces/ROS2_For_SCOUT_MINI/install) by extension 'ignore'
[0.372s] Level 1:colcon.colcon_core.package_identification:_identify(/workspaces/ROS2_For_SCOUT_MINI/install) ignored
[0.373s] Level 1:colcon.colcon_core.package_identification:_identify(/workspaces/ROS2_For_SCOUT_MINI/log) by extensions ['ignore', 'ignore_ament_install']
[0.373s] Level 1:colcon.colcon_core.package_identification:_identify(/workspaces/ROS2_For_SCOUT_MINI/log) by extension 'ignore'
[0.373s] Level 1:colcon.colcon_core.package_identification:_identify(/workspaces/ROS2_For_SCOUT_MINI/log) ignored
[0.373s] Level 1:colcon.colcon_core.package_identification:_identify(/workspaces/ROS2_For_SCOUT_MINI/src) by extensions ['ignore', 'ignore_ament_install']
[0.373s] Level 1:colcon.colcon_core.package_identification:_identify(/workspaces/ROS2_For_SCOUT_MINI/src) by extension 'ignore'
[0.374s] Level 1:colcon.colcon_core.package_identification:_identify(/workspaces/ROS2_For_SCOUT_MINI/src) by extension 'ignore_ament_install'
[0.374s] Level 1:colcon.colcon_core.package_identification:_identify(/workspaces/ROS2_For_SCOUT_MINI/src) by extensions ['colcon_pkg']
[0.374s] Level 1:colcon.colcon_core.package_identification:_identify(/workspaces/ROS2_For_SCOUT_MINI/src) by extension 'colcon_pkg'
[0.374s] Level 1:colcon.colcon_core.package_identification:_identify(/workspaces/ROS2_For_SCOUT_MINI/src) by extensions ['colcon_meta']
[0.374s] Level 1:colcon.colcon_core.package_identification:_identify(/workspaces/ROS2_For_SCOUT_MINI/src) by extension 'colcon_meta'
[0.374s] Level 1:colcon.colcon_core.package_identification:_identify(/workspaces/ROS2_For_SCOUT_MINI/src) by extensions ['ros']
[0.374s] Level 1:colcon.colcon_core.package_identification:_identify(/workspaces/ROS2_For_SCOUT_MINI/src) by extension 'ros'
[0.374s] Level 1:colcon.colcon_core.package_identification:_identify(/workspaces/ROS2_For_SCOUT_MINI/src) by extensions ['cmake', 'python']
[0.374s] Level 1:colcon.colcon_core.package_identification:_identify(/workspaces/ROS2_For_SCOUT_MINI/src) by extension 'cmake'
[0.374s] Level 1:colcon.colcon_core.package_identification:_identify(/workspaces/ROS2_For_SCOUT_MINI/src) by extension 'python'
[0.374s] Level 1:colcon.colcon_core.package_identification:_identify(/workspaces/ROS2_For_SCOUT_MINI/src) by extensions ['python_setup_py']
[0.374s] Level 1:colcon.colcon_core.package_identification:_identify(/workspaces/ROS2_For_SCOUT_MINI/src) by extension 'python_setup_py'
[0.374s] Level 1:colcon.colcon_core.package_identification:_identify(/workspaces/ROS2_For_SCOUT_MINI/src/scout_ros2) by extensions ['ignore', 'ignore_ament_install']
[0.375s] Level 1:colcon.colcon_core.package_identification:_identify(/workspaces/ROS2_For_SCOUT_MINI/src/scout_ros2) by extension 'ignore'
[0.375s] Level 1:colcon.colcon_core.package_identification:_identify(/workspaces/ROS2_For_SCOUT_MINI/src/scout_ros2) by extension 'ignore_ament_install'
[0.375s] Level 1:colcon.colcon_core.package_identification:_identify(/workspaces/ROS2_For_SCOUT_MINI/src/scout_ros2) by extensions ['colcon_pkg']
[0.375s] Level 1:colcon.colcon_core.package_identification:_identify(/workspaces/ROS2_For_SCOUT_MINI/src/scout_ros2) by extension 'colcon_pkg'
[0.375s] Level 1:colcon.colcon_core.package_identification:_identify(/workspaces/ROS2_For_SCOUT_MINI/src/scout_ros2) by extensions ['colcon_meta']
[0.375s] Level 1:colcon.colcon_core.package_identification:_identify(/workspaces/ROS2_For_SCOUT_MINI/src/scout_ros2) by extension 'colcon_meta'
[0.375s] Level 1:colcon.colcon_core.package_identification:_identify(/workspaces/ROS2_For_SCOUT_MINI/src/scout_ros2) by extensions ['ros']
[0.375s] Level 1:colcon.colcon_core.package_identification:_identify(/workspaces/ROS2_For_SCOUT_MINI/src/scout_ros2) by extension 'ros'
[0.375s] Level 1:colcon.colcon_core.package_identification:_identify(/workspaces/ROS2_For_SCOUT_MINI/src/scout_ros2) by extensions ['cmake', 'python']
[0.375s] Level 1:colcon.colcon_core.package_identification:_identify(/workspaces/ROS2_For_SCOUT_MINI/src/scout_ros2) by extension 'cmake'
[0.375s] Level 1:colcon.colcon_core.package_identification:_identify(/workspaces/ROS2_For_SCOUT_MINI/src/scout_ros2) by extension 'python'
[0.375s] Level 1:colcon.colcon_core.package_identification:_identify(/workspaces/ROS2_For_SCOUT_MINI/src/scout_ros2) by extensions ['python_setup_py']
[0.375s] Level 1:colcon.colcon_core.package_identification:_identify(/workspaces/ROS2_For_SCOUT_MINI/src/scout_ros2) by extension 'python_setup_py'
[0.375s] Level 1:colcon.colcon_core.package_identification:_identify(/workspaces/ROS2_For_SCOUT_MINI/src/scout_ros2/scout_base) by extensions ['ignore', 'ignore_ament_install']
[0.375s] Level 1:colcon.colcon_core.package_identification:_identify(/workspaces/ROS2_For_SCOUT_MINI/src/scout_ros2/scout_base) by extension 'ignore'
[0.376s] Level 1:colcon.colcon_core.package_identification:_identify(/workspaces/ROS2_For_SCOUT_MINI/src/scout_ros2/scout_base) by extension 'ignore_ament_install'
[0.376s] Level 1:colcon.colcon_core.package_identification:_identify(/workspaces/ROS2_For_SCOUT_MINI/src/scout_ros2/scout_base) by extensions ['colcon_pkg']
[0.376s] Level 1:colcon.colcon_core.package_identification:_identify(/workspaces/ROS2_For_SCOUT_MINI/src/scout_ros2/scout_base) by extension 'colcon_pkg'
[0.377s] Level 1:colcon.colcon_core.package_identification:_identify(/workspaces/ROS2_For_SCOUT_MINI/src/scout_ros2/scout_base) by extensions ['colcon_meta']
[0.377s] Level 1:colcon.colcon_core.package_identification:_identify(/workspaces/ROS2_For_SCOUT_MINI/src/scout_ros2/scout_base) by extension 'colcon_meta'
[0.377s] Level 1:colcon.colcon_core.package_identification:_identify(/workspaces/ROS2_For_SCOUT_MINI/src/scout_ros2/scout_base) by extensions ['ros']
[0.378s] Level 1:colcon.colcon_core.package_identification:_identify(/workspaces/ROS2_For_SCOUT_MINI/src/scout_ros2/scout_base) by extension 'ros'
[0.388s] DEBUG:colcon.colcon_core.package_identification:Package '/workspaces/ROS2_For_SCOUT_MINI/src/scout_ros2/scout_base' with type 'ros.ament_cmake' and name 'scout_base'
[0.388s] Level 1:colcon.colcon_core.package_identification:_identify(/workspaces/ROS2_For_SCOUT_MINI/src/scout_ros2/scout_description) by extensions ['ignore', 'ignore_ament_install']
[0.388s] Level 1:colcon.colcon_core.package_identification:_identify(/workspaces/ROS2_For_SCOUT_MINI/src/scout_ros2/scout_description) by extension 'ignore'
[0.388s] Level 1:colcon.colcon_core.package_identification:_identify(/workspaces/ROS2_For_SCOUT_MINI/src/scout_ros2/scout_description) by extension 'ignore_ament_install'
[0.388s] Level 1:colcon.colcon_core.package_identification:_identify(/workspaces/ROS2_For_SCOUT_MINI/src/scout_ros2/scout_description) by extensions ['colcon_pkg']
[0.389s] Level 1:colcon.colcon_core.package_identification:_identify(/workspaces/ROS2_For_SCOUT_MINI/src/scout_ros2/scout_description) by extension 'colcon_pkg'
[0.389s] Level 1:colcon.colcon_core.package_identification:_identify(/workspaces/ROS2_For_SCOUT_MINI/src/scout_ros2/scout_description) by extensions ['colcon_meta']
[0.389s] Level 1:colcon.colcon_core.package_identification:_identify(/workspaces/ROS2_For_SCOUT_MINI/src/scout_ros2/scout_description) by extension 'colcon_meta'
[0.389s] Level 1:colcon.colcon_core.package_identification:_identify(/workspaces/ROS2_For_SCOUT_MINI/src/scout_ros2/scout_description) by extensions ['ros']
[0.389s] Level 1:colcon.colcon_core.package_identification:_identify(/workspaces/ROS2_For_SCOUT_MINI/src/scout_ros2/scout_description) by extension 'ros'
[0.389s] DEBUG:colcon.colcon_core.package_identification:Package '/workspaces/ROS2_For_SCOUT_MINI/src/scout_ros2/scout_description' with type 'ros.ament_cmake' and name 'scout_description'
[0.390s] Level 1:colcon.colcon_core.package_identification:_identify(/workspaces/ROS2_For_SCOUT_MINI/src/scout_ros2/scout_msgs) by extensions ['ignore', 'ignore_ament_install']
[0.390s] Level 1:colcon.colcon_core.package_identification:_identify(/workspaces/ROS2_For_SCOUT_MINI/src/scout_ros2/scout_msgs) by extension 'ignore'
[0.390s] Level 1:colcon.colcon_core.package_identification:_identify(/workspaces/ROS2_For_SCOUT_MINI/src/scout_ros2/scout_msgs) by extension 'ignore_ament_install'
[0.390s] Level 1:colcon.colcon_core.package_identification:_identify(/workspaces/ROS2_For_SCOUT_MINI/src/scout_ros2/scout_msgs) by extensions ['colcon_pkg']
[0.390s] Level 1:colcon.colcon_core.package_identification:_identify(/workspaces/ROS2_For_SCOUT_MINI/src/scout_ros2/scout_msgs) by extension 'colcon_pkg'
[0.390s] Level 1:colcon.colcon_core.package_identification:_identify(/workspaces/ROS2_For_SCOUT_MINI/src/scout_ros2/scout_msgs) by extensions ['colcon_meta']
[0.390s] Level 1:colcon.colcon_core.package_identification:_identify(/workspaces/ROS2_For_SCOUT_MINI/src/scout_ros2/scout_msgs) by extension 'colcon_meta'
[0.390s] Level 1:colcon.colcon_core.package_identification:_identify(/workspaces/ROS2_For_SCOUT_MINI/src/scout_ros2/scout_msgs) by extensions ['ros']
[0.390s] Level 1:colcon.colcon_core.package_identification:_identify(/workspaces/ROS2_For_SCOUT_MINI/src/scout_ros2/scout_msgs) by extension 'ros'
[0.392s] DEBUG:colcon.colcon_core.package_identification:Package '/workspaces/ROS2_For_SCOUT_MINI/src/scout_ros2/scout_msgs' with type 'ros.ament_cmake' and name 'scout_msgs'
[0.393s] Level 1:colcon.colcon_core.package_identification:_identify(/workspaces/ROS2_For_SCOUT_MINI/src/ugv_sdk) by extensions ['ignore', 'ignore_ament_install']
[0.393s] Level 1:colcon.colcon_core.package_identification:_identify(/workspaces/ROS2_For_SCOUT_MINI/src/ugv_sdk) by extension 'ignore'
[0.394s] Level 1:colcon.colcon_core.package_identification:_identify(/workspaces/ROS2_For_SCOUT_MINI/src/ugv_sdk) by extension 'ignore_ament_install'
[0.394s] Level 1:colcon.colcon_core.package_identification:_identify(/workspaces/ROS2_For_SCOUT_MINI/src/ugv_sdk) by extensions ['colcon_pkg']
[0.394s] Level 1:colcon.colcon_core.package_identification:_identify(/workspaces/ROS2_For_SCOUT_MINI/src/ugv_sdk) by extension 'colcon_pkg'
[0.394s] Level 1:colcon.colcon_core.package_identification:_identify(/workspaces/ROS2_For_SCOUT_MINI/src/ugv_sdk) by extensions ['colcon_meta']
[0.395s] Level 1:colcon.colcon_core.package_identification:_identify(/workspaces/ROS2_For_SCOUT_MINI/src/ugv_sdk) by extension 'colcon_meta'
[0.395s] Level 1:colcon.colcon_core.package_identification:_identify(/workspaces/ROS2_For_SCOUT_MINI/src/ugv_sdk) by extensions ['ros']
[0.395s] Level 1:colcon.colcon_core.package_identification:_identify(/workspaces/ROS2_For_SCOUT_MINI/src/ugv_sdk) by extension 'ros'
[0.402s] DEBUG:colcon.colcon_core.package_identification:Package '/workspaces/ROS2_For_SCOUT_MINI/src/ugv_sdk' with type 'ros.catkin' and name 'ugv_sdk'
[0.403s] Level 1:colcon.colcon_core.package_discovery:discover_packages(recursive) using defaults
