[  1%] [34m[1mGenerating C code for ROS interfaces[0m
[  3%] [34m[1mGenerating Rust code for ROS interfaces[0m
[  4%] [34m[1mGenerating C++ code for ROS interfaces[0m
[  4%] Built target ament_cmake_python_copy_scout_msgs
running egg_info
creating scout_msgs.egg-info
writing scout_msgs.egg-info/PKG-INFO
writing dependency_links to scout_msgs.egg-info/dependency_links.txt
writing top-level names to scout_msgs.egg-info/top_level.txt
writing manifest file 'scout_msgs.egg-info/SOURCES.txt'
reading manifest file 'scout_msgs.egg-info/SOURCES.txt'
writing manifest file 'scout_msgs.egg-info/SOURCES.txt'
[  4%] Built target ament_cmake_python_build_scout_msgs_egg
[  4%] Built target scout_msgs__rs
[  6%] [32mBuilding C object CMakeFiles/scout_msgs__rosidl_generator_c.dir/rosidl_generator_c/scout_msgs/msg/detail/scout_actuator_state__functions.c.o[0m
[  7%] [32mBuilding C object CMakeFiles/scout_msgs__rosidl_generator_c.dir/rosidl_generator_c/scout_msgs/msg/detail/scout_light_state__functions.c.o[0m
[  9%] [32mBuilding C object CMakeFiles/scout_msgs__rosidl_generator_c.dir/rosidl_generator_c/scout_msgs/msg/detail/scout_light_cmd__functions.c.o[0m
[ 10%] [32mBuilding C object CMakeFiles/scout_msgs__rosidl_generator_c.dir/rosidl_generator_c/scout_msgs/msg/detail/scout_rc_state__functions.c.o[0m
[ 12%] [32mBuilding C object CMakeFiles/scout_msgs__rosidl_generator_c.dir/rosidl_generator_c/scout_msgs/msg/detail/scout_status__functions.c.o[0m
[ 12%] Built target scout_msgs__cpp
[ 14%] [34m[1mGenerating C++ type support for eProsima Fast-RTPS[0m
[ 15%] [34m[1mGenerating C++ introspection for ROS interfaces[0m
[ 17%] [34m[1mGenerating C++ type support dispatch for ROS interfaces[0m
[ 18%] [32m[1mLinking C shared library libscout_msgs__rosidl_generator_c.so[0m
[ 18%] Built target scout_msgs__rosidl_generator_c
[ 20%] [34m[1mGenerating C type support for eProsima Fast-RTPS[0m
[ 21%] [32mBuilding CXX object CMakeFiles/scout_msgs__rosidl_typesupport_cpp.dir/rosidl_typesupport_cpp/scout_msgs/msg/scout_actuator_state__type_support.cpp.o[0m
[ 23%] [32mBuilding CXX object CMakeFiles/scout_msgs__rosidl_typesupport_introspection_cpp.dir/rosidl_typesupport_introspection_cpp/scout_msgs/msg/detail/scout_actuator_state__type_support.cpp.o[0m
[ 25%] [32mBuilding CXX object CMakeFiles/scout_msgs__rosidl_typesupport_fastrtps_cpp.dir/rosidl_typesupport_fastrtps_cpp/scout_msgs/msg/detail/dds_fastrtps/scout_actuator_state__type_support.cpp.o[0m
[ 26%] [32mBuilding CXX object CMakeFiles/scout_msgs__rosidl_typesupport_fastrtps_c.dir/rosidl_typesupport_fastrtps_c/scout_msgs/msg/detail/scout_actuator_state__type_support_c.cpp.o[0m
[ 28%] [32mBuilding CXX object CMakeFiles/scout_msgs__rosidl_typesupport_cpp.dir/rosidl_typesupport_cpp/scout_msgs/msg/scout_light_cmd__type_support.cpp.o[0m
[ 29%] [32mBuilding CXX object CMakeFiles/scout_msgs__rosidl_typesupport_introspection_cpp.dir/rosidl_typesupport_introspection_cpp/scout_msgs/msg/detail/scout_light_cmd__type_support.cpp.o[0m
[ 31%] [32mBuilding CXX object CMakeFiles/scout_msgs__rosidl_typesupport_cpp.dir/rosidl_typesupport_cpp/scout_msgs/msg/scout_light_state__type_support.cpp.o[0m
[ 32%] [32mBuilding CXX object CMakeFiles/scout_msgs__rosidl_typesupport_cpp.dir/rosidl_typesupport_cpp/scout_msgs/msg/scout_rc_state__type_support.cpp.o[0m
[ 34%] [32mBuilding CXX object CMakeFiles/scout_msgs__rosidl_typesupport_fastrtps_c.dir/rosidl_typesupport_fastrtps_c/scout_msgs/msg/detail/scout_light_cmd__type_support_c.cpp.o[0m
[ 35%] [32mBuilding CXX object CMakeFiles/scout_msgs__rosidl_typesupport_fastrtps_cpp.dir/rosidl_typesupport_fastrtps_cpp/scout_msgs/msg/detail/dds_fastrtps/scout_light_cmd__type_support.cpp.o[0m
[ 37%] [32mBuilding CXX object CMakeFiles/scout_msgs__rosidl_typesupport_introspection_cpp.dir/rosidl_typesupport_introspection_cpp/scout_msgs/msg/detail/scout_light_state__type_support.cpp.o[0m
[ 39%] [32mBuilding CXX object CMakeFiles/scout_msgs__rosidl_typesupport_cpp.dir/rosidl_typesupport_cpp/scout_msgs/msg/scout_status__type_support.cpp.o[0m
[ 40%] [32mBuilding CXX object CMakeFiles/scout_msgs__rosidl_typesupport_fastrtps_c.dir/rosidl_typesupport_fastrtps_c/scout_msgs/msg/detail/scout_light_state__type_support_c.cpp.o[0m
[ 42%] [32mBuilding CXX object CMakeFiles/scout_msgs__rosidl_typesupport_fastrtps_cpp.dir/rosidl_typesupport_fastrtps_cpp/scout_msgs/msg/detail/dds_fastrtps/scout_light_state__type_support.cpp.o[0m
[ 43%] [32mBuilding CXX object CMakeFiles/scout_msgs__rosidl_typesupport_fastrtps_c.dir/rosidl_typesupport_fastrtps_c/scout_msgs/msg/detail/scout_rc_state__type_support_c.cpp.o[0m
[ 45%] [32mBuilding CXX object CMakeFiles/scout_msgs__rosidl_typesupport_introspection_cpp.dir/rosidl_typesupport_introspection_cpp/scout_msgs/msg/detail/scout_rc_state__type_support.cpp.o[0m
[ 46%] [32m[1mLinking CXX shared library libscout_msgs__rosidl_typesupport_cpp.so[0m
[ 46%] Built target scout_msgs__rosidl_typesupport_cpp
[ 48%] [34m[1mGenerating C introspection for ROS interfaces[0m
[ 50%] [32mBuilding CXX object CMakeFiles/scout_msgs__rosidl_typesupport_fastrtps_cpp.dir/rosidl_typesupport_fastrtps_cpp/scout_msgs/msg/detail/dds_fastrtps/scout_rc_state__type_support.cpp.o[0m
[ 51%] [32mBuilding CXX object CMakeFiles/scout_msgs__rosidl_typesupport_fastrtps_c.dir/rosidl_typesupport_fastrtps_c/scout_msgs/msg/detail/scout_status__type_support_c.cpp.o[0m
[ 53%] [32mBuilding CXX object CMakeFiles/scout_msgs__rosidl_typesupport_introspection_cpp.dir/rosidl_typesupport_introspection_cpp/scout_msgs/msg/detail/scout_status__type_support.cpp.o[0m
[ 54%] [32mBuilding C object CMakeFiles/scout_msgs__rosidl_typesupport_introspection_c.dir/rosidl_typesupport_introspection_c/scout_msgs/msg/detail/scout_actuator_state__type_support.c.o[0m
[ 56%] [32mBuilding C object CMakeFiles/scout_msgs__rosidl_typesupport_introspection_c.dir/rosidl_typesupport_introspection_c/scout_msgs/msg/detail/scout_light_cmd__type_support.c.o[0m
[ 57%] [32mBuilding C object CMakeFiles/scout_msgs__rosidl_typesupport_introspection_c.dir/rosidl_typesupport_introspection_c/scout_msgs/msg/detail/scout_light_state__type_support.c.o[0m
[ 59%] [32mBuilding C object CMakeFiles/scout_msgs__rosidl_typesupport_introspection_c.dir/rosidl_typesupport_introspection_c/scout_msgs/msg/detail/scout_rc_state__type_support.c.o[0m
[ 62%] [32m[1mLinking CXX shared library libscout_msgs__rosidl_typesupport_fastrtps_c.so[0m
[ 62%] [32mBuilding C object CMakeFiles/scout_msgs__rosidl_typesupport_introspection_c.dir/rosidl_typesupport_introspection_c/scout_msgs/msg/detail/scout_status__type_support.c.o[0m
[ 64%] [32m[1mLinking C shared library libscout_msgs__rosidl_typesupport_introspection_c.so[0m
[ 65%] [32mBuilding CXX object CMakeFiles/scout_msgs__rosidl_typesupport_fastrtps_cpp.dir/rosidl_typesupport_fastrtps_cpp/scout_msgs/msg/detail/dds_fastrtps/scout_status__type_support.cpp.o[0m
[ 67%] [32m[1mLinking CXX shared library libscout_msgs__rosidl_typesupport_introspection_cpp.so[0m
[ 67%] Built target scout_msgs__rosidl_typesupport_introspection_c
[ 67%] Built target scout_msgs__rosidl_typesupport_fastrtps_c
[ 68%] [34m[1mGenerating C type support dispatch for ROS interfaces[0m
[ 68%] Built target scout_msgs__rosidl_typesupport_introspection_cpp
[ 70%] [32m[1mLinking CXX shared library libscout_msgs__rosidl_typesupport_fastrtps_cpp.so[0m
[ 71%] [32mBuilding CXX object CMakeFiles/scout_msgs__rosidl_typesupport_c.dir/rosidl_typesupport_c/scout_msgs/msg/scout_actuator_state__type_support.cpp.o[0m
[ 73%] [32mBuilding CXX object CMakeFiles/scout_msgs__rosidl_typesupport_c.dir/rosidl_typesupport_c/scout_msgs/msg/scout_light_cmd__type_support.cpp.o[0m
[ 75%] [32mBuilding CXX object CMakeFiles/scout_msgs__rosidl_typesupport_c.dir/rosidl_typesupport_c/scout_msgs/msg/scout_light_state__type_support.cpp.o[0m
[ 76%] [32mBuilding CXX object CMakeFiles/scout_msgs__rosidl_typesupport_c.dir/rosidl_typesupport_c/scout_msgs/msg/scout_rc_state__type_support.cpp.o[0m
[ 78%] [32mBuilding CXX object CMakeFiles/scout_msgs__rosidl_typesupport_c.dir/rosidl_typesupport_c/scout_msgs/msg/scout_status__type_support.cpp.o[0m
[ 78%] Built target scout_msgs__rosidl_typesupport_fastrtps_cpp
[ 79%] [32m[1mLinking CXX shared library libscout_msgs__rosidl_typesupport_c.so[0m
[ 79%] Built target scout_msgs__rosidl_typesupport_c
[ 79%] Built target scout_msgs
[ 81%] [34m[1mGenerating Python code for ROS interfaces[0m
[ 81%] Built target scout_msgs__py
[ 84%] [32mBuilding C object CMakeFiles/scout_msgs__rosidl_generator_py.dir/rosidl_generator_py/scout_msgs/msg/_scout_light_cmd_s.c.o[0m
[ 84%] [32mBuilding C object CMakeFiles/scout_msgs__rosidl_generator_py.dir/rosidl_generator_py/scout_msgs/msg/_scout_actuator_state_s.c.o[0m
[ 85%] [32mBuilding C object CMakeFiles/scout_msgs__rosidl_generator_py.dir/rosidl_generator_py/scout_msgs/msg/_scout_rc_state_s.c.o[0m
[ 87%] [32mBuilding C object CMakeFiles/scout_msgs__rosidl_generator_py.dir/rosidl_generator_py/scout_msgs/msg/_scout_light_state_s.c.o[0m
[ 89%] [32mBuilding C object CMakeFiles/scout_msgs__rosidl_generator_py.dir/rosidl_generator_py/scout_msgs/msg/_scout_status_s.c.o[0m
[ 90%] [32m[1mLinking C shared library rosidl_generator_py/scout_msgs/libscout_msgs__rosidl_generator_py.so[0m
[ 90%] Built target scout_msgs__rosidl_generator_py
[ 93%] [32mBuilding C object CMakeFiles/scout_msgs__rosidl_typesupport_fastrtps_c__pyext.dir/rosidl_generator_py/scout_msgs/_scout_msgs_s.ep.rosidl_typesupport_fastrtps_c.c.o[0m
[ 93%] [32mBuilding C object CMakeFiles/scout_msgs__rosidl_typesupport_introspection_c__pyext.dir/rosidl_generator_py/scout_msgs/_scout_msgs_s.ep.rosidl_typesupport_introspection_c.c.o[0m
[ 95%] [32mBuilding C object CMakeFiles/scout_msgs__rosidl_typesupport_c__pyext.dir/rosidl_generator_py/scout_msgs/_scout_msgs_s.ep.rosidl_typesupport_c.c.o[0m
[ 96%] [32m[1mLinking C shared library rosidl_generator_py/scout_msgs/scout_msgs_s__rosidl_typesupport_fastrtps_c.cpython-310-x86_64-linux-gnu.so[0m
[ 98%] [32m[1mLinking C shared library rosidl_generator_py/scout_msgs/scout_msgs_s__rosidl_typesupport_introspection_c.cpython-310-x86_64-linux-gnu.so[0m
[100%] [32m[1mLinking C shared library rosidl_generator_py/scout_msgs/scout_msgs_s__rosidl_typesupport_c.cpython-310-x86_64-linux-gnu.so[0m
[100%] Built target scout_msgs__rosidl_typesupport_fastrtps_c__pyext
[100%] Built target scout_msgs__rosidl_typesupport_introspection_c__pyext
[100%] Built target scout_msgs__rosidl_typesupport_c__pyext
-- Install configuration: ""
-- Installing: /workspaces/ROS2_For_SCOUT_MINI/install/scout_msgs/share/ament_index/resource_index/rosidl_interfaces/scout_msgs
-- Installing: /workspaces/ROS2_For_SCOUT_MINI/install/scout_msgs/include/scout_msgs/scout_msgs
-- Installing: /workspaces/ROS2_For_SCOUT_MINI/install/scout_msgs/include/scout_msgs/scout_msgs/msg
-- Installing: /workspaces/ROS2_For_SCOUT_MINI/install/scout_msgs/include/scout_msgs/scout_msgs/msg/scout_light_state.h
-- Installing: /workspaces/ROS2_For_SCOUT_MINI/install/scout_msgs/include/scout_msgs/scout_msgs/msg/scout_actuator_state.h
-- Installing: /workspaces/ROS2_For_SCOUT_MINI/install/scout_msgs/include/scout_msgs/scout_msgs/msg/scout_rc_state.h
-- Installing: /workspaces/ROS2_For_SCOUT_MINI/install/scout_msgs/include/scout_msgs/scout_msgs/msg/scout_status.h
-- Installing: /workspaces/ROS2_For_SCOUT_MINI/install/scout_msgs/include/scout_msgs/scout_msgs/msg/scout_light_cmd.h
-- Installing: /workspaces/ROS2_For_SCOUT_MINI/install/scout_msgs/include/scout_msgs/scout_msgs/msg/detail
-- Installing: /workspaces/ROS2_For_SCOUT_MINI/install/scout_msgs/include/scout_msgs/scout_msgs/msg/detail/scout_light_state__struct.h
-- Installing: /workspaces/ROS2_For_SCOUT_MINI/install/scout_msgs/include/scout_msgs/scout_msgs/msg/detail/scout_light_cmd__type_support.h
-- Installing: /workspaces/ROS2_For_SCOUT_MINI/install/scout_msgs/include/scout_msgs/scout_msgs/msg/detail/scout_status__functions.h
-- Installing: /workspaces/ROS2_For_SCOUT_MINI/install/scout_msgs/include/scout_msgs/scout_msgs/msg/detail/scout_actuator_state__struct.h
-- Installing: /workspaces/ROS2_For_SCOUT_MINI/install/scout_msgs/include/scout_msgs/scout_msgs/msg/detail/scout_status__functions.c
-- Installing: /workspaces/ROS2_For_SCOUT_MINI/install/scout_msgs/include/scout_msgs/scout_msgs/msg/detail/scout_rc_state__functions.h
-- Installing: /workspaces/ROS2_For_SCOUT_MINI/install/scout_msgs/include/scout_msgs/scout_msgs/msg/detail/scout_status__type_support.h
-- Installing: /workspaces/ROS2_For_SCOUT_MINI/install/scout_msgs/include/scout_msgs/scout_msgs/msg/detail/scout_actuator_state__functions.c
-- Installing: /workspaces/ROS2_For_SCOUT_MINI/install/scout_msgs/include/scout_msgs/scout_msgs/msg/detail/scout_rc_state__functions.c
-- Installing: /workspaces/ROS2_For_SCOUT_MINI/install/scout_msgs/include/scout_msgs/scout_msgs/msg/detail/scout_actuator_state__functions.h
-- Installing: /workspaces/ROS2_For_SCOUT_MINI/install/scout_msgs/include/scout_msgs/scout_msgs/msg/detail/scout_light_state__type_support.h
-- Installing: /workspaces/ROS2_For_SCOUT_MINI/install/scout_msgs/include/scout_msgs/scout_msgs/msg/detail/scout_rc_state__type_support.h
-- Installing: /workspaces/ROS2_For_SCOUT_MINI/install/scout_msgs/include/scout_msgs/scout_msgs/msg/detail/scout_light_cmd__functions.c
-- Installing: /workspaces/ROS2_For_SCOUT_MINI/install/scout_msgs/include/scout_msgs/scout_msgs/msg/detail/scout_actuator_state__type_support.h
-- Installing: /workspaces/ROS2_For_SCOUT_MINI/install/scout_msgs/include/scout_msgs/scout_msgs/msg/detail/scout_status__struct.h
-- Installing: /workspaces/ROS2_For_SCOUT_MINI/install/scout_msgs/include/scout_msgs/scout_msgs/msg/detail/scout_light_state__functions.h
-- Installing: /workspaces/ROS2_For_SCOUT_MINI/install/scout_msgs/include/scout_msgs/scout_msgs/msg/detail/scout_light_state__functions.c
-- Installing: /workspaces/ROS2_For_SCOUT_MINI/install/scout_msgs/include/scout_msgs/scout_msgs/msg/detail/scout_light_cmd__functions.h
-- Installing: /workspaces/ROS2_For_SCOUT_MINI/install/scout_msgs/include/scout_msgs/scout_msgs/msg/detail/scout_light_cmd__struct.h
-- Installing: /workspaces/ROS2_For_SCOUT_MINI/install/scout_msgs/include/scout_msgs/scout_msgs/msg/detail/scout_rc_state__struct.h
-- Installing: /workspaces/ROS2_For_SCOUT_MINI/install/scout_msgs/include/scout_msgs/scout_msgs/msg/rosidl_generator_c__visibility_control.h
-- Installing: /workspaces/ROS2_For_SCOUT_MINI/install/scout_msgs/share/scout_msgs/environment/library_path.sh
-- Installing: /workspaces/ROS2_For_SCOUT_MINI/install/scout_msgs/share/scout_msgs/environment/library_path.dsv
-- Installing: /workspaces/ROS2_For_SCOUT_MINI/install/scout_msgs/lib/libscout_msgs__rosidl_generator_c.so
-- Set runtime path of "/workspaces/ROS2_For_SCOUT_MINI/install/scout_msgs/lib/libscout_msgs__rosidl_generator_c.so" to ""
-- Up-to-date: /workspaces/ROS2_For_SCOUT_MINI/install/scout_msgs/include/scout_msgs/scout_msgs
-- Up-to-date: /workspaces/ROS2_For_SCOUT_MINI/install/scout_msgs/include/scout_msgs/scout_msgs/msg
-- Up-to-date: /workspaces/ROS2_For_SCOUT_MINI/install/scout_msgs/include/scout_msgs/scout_msgs/msg/detail
-- Installing: /workspaces/ROS2_For_SCOUT_MINI/install/scout_msgs/include/scout_msgs/scout_msgs/msg/detail/scout_light_state__rosidl_typesupport_fastrtps_c.h
-- Installing: /workspaces/ROS2_For_SCOUT_MINI/install/scout_msgs/include/scout_msgs/scout_msgs/msg/detail/scout_actuator_state__rosidl_typesupport_fastrtps_c.h
-- Installing: /workspaces/ROS2_For_SCOUT_MINI/install/scout_msgs/include/scout_msgs/scout_msgs/msg/detail/scout_rc_state__rosidl_typesupport_fastrtps_c.h
-- Installing: /workspaces/ROS2_For_SCOUT_MINI/install/scout_msgs/include/scout_msgs/scout_msgs/msg/detail/scout_status__rosidl_typesupport_fastrtps_c.h
-- Installing: /workspaces/ROS2_For_SCOUT_MINI/install/scout_msgs/include/scout_msgs/scout_msgs/msg/detail/scout_light_cmd__rosidl_typesupport_fastrtps_c.h
-- Installing: /workspaces/ROS2_For_SCOUT_MINI/install/scout_msgs/include/scout_msgs/scout_msgs/msg/rosidl_typesupport_fastrtps_c__visibility_control.h
-- Installing: /workspaces/ROS2_For_SCOUT_MINI/install/scout_msgs/lib/libscout_msgs__rosidl_typesupport_fastrtps_c.so
-- Set runtime path of "/workspaces/ROS2_For_SCOUT_MINI/install/scout_msgs/lib/libscout_msgs__rosidl_typesupport_fastrtps_c.so" to ""
-- Up-to-date: /workspaces/ROS2_For_SCOUT_MINI/install/scout_msgs/include/scout_msgs/scout_msgs
-- Up-to-date: /workspaces/ROS2_For_SCOUT_MINI/install/scout_msgs/include/scout_msgs/scout_msgs/msg
-- Installing: /workspaces/ROS2_For_SCOUT_MINI/install/scout_msgs/include/scout_msgs/scout_msgs/msg/scout_light_state.hpp
-- Up-to-date: /workspaces/ROS2_For_SCOUT_MINI/install/scout_msgs/include/scout_msgs/scout_msgs/msg/detail
-- Installing: /workspaces/ROS2_For_SCOUT_MINI/install/scout_msgs/include/scout_msgs/scout_msgs/msg/detail/scout_light_cmd__struct.hpp
-- Installing: /workspaces/ROS2_For_SCOUT_MINI/install/scout_msgs/include/scout_msgs/scout_msgs/msg/detail/scout_status__builder.hpp
-- Installing: /workspaces/ROS2_For_SCOUT_MINI/install/scout_msgs/include/scout_msgs/scout_msgs/msg/detail/scout_light_cmd__traits.hpp
-- Installing: /workspaces/ROS2_For_SCOUT_MINI/install/scout_msgs/include/scout_msgs/scout_msgs/msg/detail/scout_actuator_state__struct.hpp
-- Installing: /workspaces/ROS2_For_SCOUT_MINI/install/scout_msgs/include/scout_msgs/scout_msgs/msg/detail/scout_status__traits.hpp
-- Installing: /workspaces/ROS2_For_SCOUT_MINI/install/scout_msgs/include/scout_msgs/scout_msgs/msg/detail/scout_rc_state__struct.hpp
-- Installing: /workspaces/ROS2_For_SCOUT_MINI/install/scout_msgs/include/scout_msgs/scout_msgs/msg/detail/scout_actuator_state__builder.hpp
-- Installing: /workspaces/ROS2_For_SCOUT_MINI/install/scout_msgs/include/scout_msgs/scout_msgs/msg/detail/scout_light_cmd__builder.hpp
-- Installing: /workspaces/ROS2_For_SCOUT_MINI/install/scout_msgs/include/scout_msgs/scout_msgs/msg/detail/scout_light_state__traits.hpp
-- Installing: /workspaces/ROS2_For_SCOUT_MINI/install/scout_msgs/include/scout_msgs/scout_msgs/msg/detail/scout_actuator_state__traits.hpp
-- Installing: /workspaces/ROS2_For_SCOUT_MINI/install/scout_msgs/include/scout_msgs/scout_msgs/msg/detail/scout_rc_state__type_support.hpp
-- Installing: /workspaces/ROS2_For_SCOUT_MINI/install/scout_msgs/include/scout_msgs/scout_msgs/msg/detail/scout_actuator_state__type_support.hpp
-- Installing: /workspaces/ROS2_For_SCOUT_MINI/install/scout_msgs/include/scout_msgs/scout_msgs/msg/detail/scout_light_state__struct.hpp
-- Installing: /workspaces/ROS2_For_SCOUT_MINI/install/scout_msgs/include/scout_msgs/scout_msgs/msg/detail/scout_light_state__builder.hpp
-- Installing: /workspaces/ROS2_For_SCOUT_MINI/install/scout_msgs/include/scout_msgs/scout_msgs/msg/detail/scout_light_cmd__type_support.hpp
-- Installing: /workspaces/ROS2_For_SCOUT_MINI/install/scout_msgs/include/scout_msgs/scout_msgs/msg/detail/scout_status__type_support.hpp
-- Installing: /workspaces/ROS2_For_SCOUT_MINI/install/scout_msgs/include/scout_msgs/scout_msgs/msg/detail/scout_light_state__type_support.hpp
-- Installing: /workspaces/ROS2_For_SCOUT_MINI/install/scout_msgs/include/scout_msgs/scout_msgs/msg/detail/scout_rc_state__builder.hpp
-- Installing: /workspaces/ROS2_For_SCOUT_MINI/install/scout_msgs/include/scout_msgs/scout_msgs/msg/detail/scout_status__struct.hpp
-- Installing: /workspaces/ROS2_For_SCOUT_MINI/install/scout_msgs/include/scout_msgs/scout_msgs/msg/detail/scout_rc_state__traits.hpp
-- Installing: /workspaces/ROS2_For_SCOUT_MINI/install/scout_msgs/include/scout_msgs/scout_msgs/msg/scout_actuator_state.hpp
-- Installing: /workspaces/ROS2_For_SCOUT_MINI/install/scout_msgs/include/scout_msgs/scout_msgs/msg/scout_light_cmd.hpp
-- Installing: /workspaces/ROS2_For_SCOUT_MINI/install/scout_msgs/include/scout_msgs/scout_msgs/msg/scout_rc_state.hpp
-- Installing: /workspaces/ROS2_For_SCOUT_MINI/install/scout_msgs/include/scout_msgs/scout_msgs/msg/scout_status.hpp
-- Installing: /workspaces/ROS2_For_SCOUT_MINI/install/scout_msgs/include/scout_msgs/scout_msgs/msg/rosidl_generator_cpp__visibility_control.hpp
-- Up-to-date: /workspaces/ROS2_For_SCOUT_MINI/install/scout_msgs/include/scout_msgs/scout_msgs
-- Up-to-date: /workspaces/ROS2_For_SCOUT_MINI/install/scout_msgs/include/scout_msgs/scout_msgs/msg
-- Installing: /workspaces/ROS2_For_SCOUT_MINI/install/scout_msgs/include/scout_msgs/scout_msgs/msg/rosidl_typesupport_fastrtps_cpp__visibility_control.h
-- Up-to-date: /workspaces/ROS2_For_SCOUT_MINI/install/scout_msgs/include/scout_msgs/scout_msgs/msg/detail
-- Installing: /workspaces/ROS2_For_SCOUT_MINI/install/scout_msgs/include/scout_msgs/scout_msgs/msg/detail/scout_light_cmd__rosidl_typesupport_fastrtps_cpp.hpp
-- Installing: /workspaces/ROS2_For_SCOUT_MINI/install/scout_msgs/include/scout_msgs/scout_msgs/msg/detail/dds_fastrtps
-- Installing: /workspaces/ROS2_For_SCOUT_MINI/install/scout_msgs/include/scout_msgs/scout_msgs/msg/detail/scout_actuator_state__rosidl_typesupport_fastrtps_cpp.hpp
-- Installing: /workspaces/ROS2_For_SCOUT_MINI/install/scout_msgs/include/scout_msgs/scout_msgs/msg/detail/scout_light_state__rosidl_typesupport_fastrtps_cpp.hpp
-- Installing: /workspaces/ROS2_For_SCOUT_MINI/install/scout_msgs/include/scout_msgs/scout_msgs/msg/detail/scout_status__rosidl_typesupport_fastrtps_cpp.hpp
-- Installing: /workspaces/ROS2_For_SCOUT_MINI/install/scout_msgs/include/scout_msgs/scout_msgs/msg/detail/scout_rc_state__rosidl_typesupport_fastrtps_cpp.hpp
-- Installing: /workspaces/ROS2_For_SCOUT_MINI/install/scout_msgs/lib/libscout_msgs__rosidl_typesupport_fastrtps_cpp.so
-- Set runtime path of "/workspaces/ROS2_For_SCOUT_MINI/install/scout_msgs/lib/libscout_msgs__rosidl_typesupport_fastrtps_cpp.so" to ""
-- Up-to-date: /workspaces/ROS2_For_SCOUT_MINI/install/scout_msgs/include/scout_msgs/scout_msgs
-- Up-to-date: /workspaces/ROS2_For_SCOUT_MINI/install/scout_msgs/include/scout_msgs/scout_msgs/msg
-- Installing: /workspaces/ROS2_For_SCOUT_MINI/install/scout_msgs/include/scout_msgs/scout_msgs/msg/rosidl_typesupport_introspection_c__visibility_control.h
-- Up-to-date: /workspaces/ROS2_For_SCOUT_MINI/install/scout_msgs/include/scout_msgs/scout_msgs/msg/detail
-- Installing: /workspaces/ROS2_For_SCOUT_MINI/install/scout_msgs/include/scout_msgs/scout_msgs/msg/detail/scout_rc_state__type_support.c
-- Installing: /workspaces/ROS2_For_SCOUT_MINI/install/scout_msgs/include/scout_msgs/scout_msgs/msg/detail/scout_actuator_state__type_support.c
-- Installing: /workspaces/ROS2_For_SCOUT_MINI/install/scout_msgs/include/scout_msgs/scout_msgs/msg/detail/scout_status__rosidl_typesupport_introspection_c.h
-- Installing: /workspaces/ROS2_For_SCOUT_MINI/install/scout_msgs/include/scout_msgs/scout_msgs/msg/detail/scout_light_state__rosidl_typesupport_introspection_c.h
-- Installing: /workspaces/ROS2_For_SCOUT_MINI/install/scout_msgs/include/scout_msgs/scout_msgs/msg/detail/scout_light_cmd__type_support.c
-- Installing: /workspaces/ROS2_For_SCOUT_MINI/install/scout_msgs/include/scout_msgs/scout_msgs/msg/detail/scout_light_state__type_support.c
-- Installing: /workspaces/ROS2_For_SCOUT_MINI/install/scout_msgs/include/scout_msgs/scout_msgs/msg/detail/scout_status__type_support.c
-- Installing: /workspaces/ROS2_For_SCOUT_MINI/install/scout_msgs/include/scout_msgs/scout_msgs/msg/detail/scout_actuator_state__rosidl_typesupport_introspection_c.h
-- Installing: /workspaces/ROS2_For_SCOUT_MINI/install/scout_msgs/include/scout_msgs/scout_msgs/msg/detail/scout_light_cmd__rosidl_typesupport_introspection_c.h
-- Installing: /workspaces/ROS2_For_SCOUT_MINI/install/scout_msgs/include/scout_msgs/scout_msgs/msg/detail/scout_rc_state__rosidl_typesupport_introspection_c.h
-- Installing: /workspaces/ROS2_For_SCOUT_MINI/install/scout_msgs/lib/libscout_msgs__rosidl_typesupport_introspection_c.so
-- Set runtime path of "/workspaces/ROS2_For_SCOUT_MINI/install/scout_msgs/lib/libscout_msgs__rosidl_typesupport_introspection_c.so" to ""
-- Installing: /workspaces/ROS2_For_SCOUT_MINI/install/scout_msgs/lib/libscout_msgs__rosidl_typesupport_c.so
-- Set runtime path of "/workspaces/ROS2_For_SCOUT_MINI/install/scout_msgs/lib/libscout_msgs__rosidl_typesupport_c.so" to ""
-- Up-to-date: /workspaces/ROS2_For_SCOUT_MINI/install/scout_msgs/include/scout_msgs/scout_msgs
-- Up-to-date: /workspaces/ROS2_For_SCOUT_MINI/install/scout_msgs/include/scout_msgs/scout_msgs/msg
-- Up-to-date: /workspaces/ROS2_For_SCOUT_MINI/install/scout_msgs/include/scout_msgs/scout_msgs/msg/detail
-- Installing: /workspaces/ROS2_For_SCOUT_MINI/install/scout_msgs/include/scout_msgs/scout_msgs/msg/detail/scout_status__rosidl_typesupport_introspection_cpp.hpp
-- Installing: /workspaces/ROS2_For_SCOUT_MINI/install/scout_msgs/include/scout_msgs/scout_msgs/msg/detail/scout_light_state__type_support.cpp
-- Installing: /workspaces/ROS2_For_SCOUT_MINI/install/scout_msgs/include/scout_msgs/scout_msgs/msg/detail/scout_rc_state__rosidl_typesupport_introspection_cpp.hpp
-- Installing: /workspaces/ROS2_For_SCOUT_MINI/install/scout_msgs/include/scout_msgs/scout_msgs/msg/detail/scout_light_state__rosidl_typesupport_introspection_cpp.hpp
-- Installing: /workspaces/ROS2_For_SCOUT_MINI/install/scout_msgs/include/scout_msgs/scout_msgs/msg/detail/scout_actuator_state__rosidl_typesupport_introspection_cpp.hpp
-- Installing: /workspaces/ROS2_For_SCOUT_MINI/install/scout_msgs/include/scout_msgs/scout_msgs/msg/detail/scout_rc_state__type_support.cpp
-- Installing: /workspaces/ROS2_For_SCOUT_MINI/install/scout_msgs/include/scout_msgs/scout_msgs/msg/detail/scout_light_cmd__rosidl_typesupport_introspection_cpp.hpp
-- Installing: /workspaces/ROS2_For_SCOUT_MINI/install/scout_msgs/include/scout_msgs/scout_msgs/msg/detail/scout_actuator_state__type_support.cpp
-- Installing: /workspaces/ROS2_For_SCOUT_MINI/install/scout_msgs/include/scout_msgs/scout_msgs/msg/detail/scout_status__type_support.cpp
-- Installing: /workspaces/ROS2_For_SCOUT_MINI/install/scout_msgs/include/scout_msgs/scout_msgs/msg/detail/scout_light_cmd__type_support.cpp
-- Installing: /workspaces/ROS2_For_SCOUT_MINI/install/scout_msgs/lib/libscout_msgs__rosidl_typesupport_introspection_cpp.so
-- Set runtime path of "/workspaces/ROS2_For_SCOUT_MINI/install/scout_msgs/lib/libscout_msgs__rosidl_typesupport_introspection_cpp.so" to ""
-- Installing: /workspaces/ROS2_For_SCOUT_MINI/install/scout_msgs/lib/libscout_msgs__rosidl_typesupport_cpp.so
-- Set runtime path of "/workspaces/ROS2_For_SCOUT_MINI/install/scout_msgs/lib/libscout_msgs__rosidl_typesupport_cpp.so" to ""
-- Installing: /workspaces/ROS2_For_SCOUT_MINI/install/scout_msgs/share/scout_msgs/environment/pythonpath.sh
-- Installing: /workspaces/ROS2_For_SCOUT_MINI/install/scout_msgs/share/scout_msgs/environment/pythonpath.dsv
-- Installing: /workspaces/ROS2_For_SCOUT_MINI/install/scout_msgs/local/lib/python3.10/dist-packages/scout_msgs-0.1.0-py3.10.egg-info
-- Installing: /workspaces/ROS2_For_SCOUT_MINI/install/scout_msgs/local/lib/python3.10/dist-packages/scout_msgs-0.1.0-py3.10.egg-info/SOURCES.txt
-- Installing: /workspaces/ROS2_For_SCOUT_MINI/install/scout_msgs/local/lib/python3.10/dist-packages/scout_msgs-0.1.0-py3.10.egg-info/dependency_links.txt
-- Installing: /workspaces/ROS2_For_SCOUT_MINI/install/scout_msgs/local/lib/python3.10/dist-packages/scout_msgs-0.1.0-py3.10.egg-info/PKG-INFO
-- Installing: /workspaces/ROS2_For_SCOUT_MINI/install/scout_msgs/local/lib/python3.10/dist-packages/scout_msgs-0.1.0-py3.10.egg-info/top_level.txt
-- Installing: /workspaces/ROS2_For_SCOUT_MINI/install/scout_msgs/local/lib/python3.10/dist-packages/scout_msgs
-- Installing: /workspaces/ROS2_For_SCOUT_MINI/install/scout_msgs/local/lib/python3.10/dist-packages/scout_msgs/_scout_msgs_s.ep.rosidl_typesupport_c.c
-- Installing: /workspaces/ROS2_For_SCOUT_MINI/install/scout_msgs/local/lib/python3.10/dist-packages/scout_msgs/scout_msgs_s__rosidl_typesupport_introspection_c.cpython-310-x86_64-linux-gnu.so
-- Installing: /workspaces/ROS2_For_SCOUT_MINI/install/scout_msgs/local/lib/python3.10/dist-packages/scout_msgs/scout_msgs_s__rosidl_typesupport_fastrtps_c.cpython-310-x86_64-linux-gnu.so
-- Installing: /workspaces/ROS2_For_SCOUT_MINI/install/scout_msgs/local/lib/python3.10/dist-packages/scout_msgs/__init__.py
-- Installing: /workspaces/ROS2_For_SCOUT_MINI/install/scout_msgs/local/lib/python3.10/dist-packages/scout_msgs/msg
-- Installing: /workspaces/ROS2_For_SCOUT_MINI/install/scout_msgs/local/lib/python3.10/dist-packages/scout_msgs/msg/_scout_light_cmd_s.c
-- Installing: /workspaces/ROS2_For_SCOUT_MINI/install/scout_msgs/local/lib/python3.10/dist-packages/scout_msgs/msg/_scout_actuator_state_s.c
-- Installing: /workspaces/ROS2_For_SCOUT_MINI/install/scout_msgs/local/lib/python3.10/dist-packages/scout_msgs/msg/_scout_light_state.py
-- Installing: /workspaces/ROS2_For_SCOUT_MINI/install/scout_msgs/local/lib/python3.10/dist-packages/scout_msgs/msg/_scout_rc_state_s.c
-- Installing: /workspaces/ROS2_For_SCOUT_MINI/install/scout_msgs/local/lib/python3.10/dist-packages/scout_msgs/msg/_scout_actuator_state.py
-- Installing: /workspaces/ROS2_For_SCOUT_MINI/install/scout_msgs/local/lib/python3.10/dist-packages/scout_msgs/msg/__init__.py
-- Installing: /workspaces/ROS2_For_SCOUT_MINI/install/scout_msgs/local/lib/python3.10/dist-packages/scout_msgs/msg/_scout_rc_state.py
-- Installing: /workspaces/ROS2_For_SCOUT_MINI/install/scout_msgs/local/lib/python3.10/dist-packages/scout_msgs/msg/_scout_light_cmd.py
-- Installing: /workspaces/ROS2_For_SCOUT_MINI/install/scout_msgs/local/lib/python3.10/dist-packages/scout_msgs/msg/_scout_status_s.c
-- Installing: /workspaces/ROS2_For_SCOUT_MINI/install/scout_msgs/local/lib/python3.10/dist-packages/scout_msgs/msg/_scout_status.py
-- Installing: /workspaces/ROS2_For_SCOUT_MINI/install/scout_msgs/local/lib/python3.10/dist-packages/scout_msgs/msg/_scout_light_state_s.c
-- Installing: /workspaces/ROS2_For_SCOUT_MINI/install/scout_msgs/local/lib/python3.10/dist-packages/scout_msgs/_scout_msgs_s.ep.rosidl_typesupport_introspection_c.c
-- Installing: /workspaces/ROS2_For_SCOUT_MINI/install/scout_msgs/local/lib/python3.10/dist-packages/scout_msgs/libscout_msgs__rosidl_generator_py.so
-- Installing: /workspaces/ROS2_For_SCOUT_MINI/install/scout_msgs/local/lib/python3.10/dist-packages/scout_msgs/_scout_msgs_s.ep.rosidl_typesupport_fastrtps_c.c
-- Installing: /workspaces/ROS2_For_SCOUT_MINI/install/scout_msgs/local/lib/python3.10/dist-packages/scout_msgs/scout_msgs_s__rosidl_typesupport_c.cpython-310-x86_64-linux-gnu.so
Listing '/workspaces/ROS2_For_SCOUT_MINI/install/scout_msgs/local/lib/python3.10/dist-packages/scout_msgs'...
Compiling '/workspaces/ROS2_For_SCOUT_MINI/install/scout_msgs/local/lib/python3.10/dist-packages/scout_msgs/__init__.py'...
Listing '/workspaces/ROS2_For_SCOUT_MINI/install/scout_msgs/local/lib/python3.10/dist-packages/scout_msgs/msg'...
Compiling '/workspaces/ROS2_For_SCOUT_MINI/install/scout_msgs/local/lib/python3.10/dist-packages/scout_msgs/msg/__init__.py'...
Compiling '/workspaces/ROS2_For_SCOUT_MINI/install/scout_msgs/local/lib/python3.10/dist-packages/scout_msgs/msg/_scout_actuator_state.py'...
Compiling '/workspaces/ROS2_For_SCOUT_MINI/install/scout_msgs/local/lib/python3.10/dist-packages/scout_msgs/msg/_scout_light_cmd.py'...
Compiling '/workspaces/ROS2_For_SCOUT_MINI/install/scout_msgs/local/lib/python3.10/dist-packages/scout_msgs/msg/_scout_light_state.py'...
Compiling '/workspaces/ROS2_For_SCOUT_MINI/install/scout_msgs/local/lib/python3.10/dist-packages/scout_msgs/msg/_scout_rc_state.py'...
Compiling '/workspaces/ROS2_For_SCOUT_MINI/install/scout_msgs/local/lib/python3.10/dist-packages/scout_msgs/msg/_scout_status.py'...
-- Installing: /workspaces/ROS2_For_SCOUT_MINI/install/scout_msgs/local/lib/python3.10/dist-packages/scout_msgs/scout_msgs_s__rosidl_typesupport_fastrtps_c.cpython-310-x86_64-linux-gnu.so
-- Set runtime path of "/workspaces/ROS2_For_SCOUT_MINI/install/scout_msgs/local/lib/python3.10/dist-packages/scout_msgs/scout_msgs_s__rosidl_typesupport_fastrtps_c.cpython-310-x86_64-linux-gnu.so" to ""
-- Installing: /workspaces/ROS2_For_SCOUT_MINI/install/scout_msgs/local/lib/python3.10/dist-packages/scout_msgs/scout_msgs_s__rosidl_typesupport_introspection_c.cpython-310-x86_64-linux-gnu.so
-- Set runtime path of "/workspaces/ROS2_For_SCOUT_MINI/install/scout_msgs/local/lib/python3.10/dist-packages/scout_msgs/scout_msgs_s__rosidl_typesupport_introspection_c.cpython-310-x86_64-linux-gnu.so" to ""
-- Installing: /workspaces/ROS2_For_SCOUT_MINI/install/scout_msgs/local/lib/python3.10/dist-packages/scout_msgs/scout_msgs_s__rosidl_typesupport_c.cpython-310-x86_64-linux-gnu.so
-- Set runtime path of "/workspaces/ROS2_For_SCOUT_MINI/install/scout_msgs/local/lib/python3.10/dist-packages/scout_msgs/scout_msgs_s__rosidl_typesupport_c.cpython-310-x86_64-linux-gnu.so" to ""
-- Installing: /workspaces/ROS2_For_SCOUT_MINI/install/scout_msgs/lib/libscout_msgs__rosidl_generator_py.so
-- Set runtime path of "/workspaces/ROS2_For_SCOUT_MINI/install/scout_msgs/lib/libscout_msgs__rosidl_generator_py.so" to ""
-- Installing: /workspaces/ROS2_For_SCOUT_MINI/install/scout_msgs/share/ament_index/resource_index/rust_packages/scout_msgs
-- Installing: /workspaces/ROS2_For_SCOUT_MINI/install/scout_msgs/share/scout_msgs/rust
-- Installing: /workspaces/ROS2_For_SCOUT_MINI/install/scout_msgs/share/scout_msgs/rust/Cargo.toml
-- Installing: /workspaces/ROS2_For_SCOUT_MINI/install/scout_msgs/share/scout_msgs/rust/src
-- Installing: /workspaces/ROS2_For_SCOUT_MINI/install/scout_msgs/share/scout_msgs/rust/src/msg.rs
-- Installing: /workspaces/ROS2_For_SCOUT_MINI/install/scout_msgs/share/scout_msgs/rust/src/msg
-- Installing: /workspaces/ROS2_For_SCOUT_MINI/install/scout_msgs/share/scout_msgs/rust/src/msg/rmw.rs
-- Installing: /workspaces/ROS2_For_SCOUT_MINI/install/scout_msgs/share/scout_msgs/rust/src/lib.rs
-- Installing: /workspaces/ROS2_For_SCOUT_MINI/install/scout_msgs/share/scout_msgs/rust/build.rs
-- Installing: /workspaces/ROS2_For_SCOUT_MINI/install/scout_msgs/share/scout_msgs/msg/ScoutActuatorState.idl
-- Installing: /workspaces/ROS2_For_SCOUT_MINI/install/scout_msgs/share/scout_msgs/msg/ScoutLightCmd.idl
-- Installing: /workspaces/ROS2_For_SCOUT_MINI/install/scout_msgs/share/scout_msgs/msg/ScoutLightState.idl
-- Installing: /workspaces/ROS2_For_SCOUT_MINI/install/scout_msgs/share/scout_msgs/msg/ScoutRCState.idl
-- Installing: /workspaces/ROS2_For_SCOUT_MINI/install/scout_msgs/share/scout_msgs/msg/ScoutStatus.idl
-- Installing: /workspaces/ROS2_For_SCOUT_MINI/install/scout_msgs/share/scout_msgs/msg/ScoutActuatorState.msg
-- Installing: /workspaces/ROS2_For_SCOUT_MINI/install/scout_msgs/share/scout_msgs/msg/ScoutLightCmd.msg
-- Installing: /workspaces/ROS2_For_SCOUT_MINI/install/scout_msgs/share/scout_msgs/msg/ScoutLightState.msg
-- Installing: /workspaces/ROS2_For_SCOUT_MINI/install/scout_msgs/share/scout_msgs/msg/ScoutRCState.msg
-- Installing: /workspaces/ROS2_For_SCOUT_MINI/install/scout_msgs/share/scout_msgs/msg/ScoutStatus.msg
-- Installing: /workspaces/ROS2_For_SCOUT_MINI/install/scout_msgs/share/ament_index/resource_index/package_run_dependencies/scout_msgs
-- Installing: /workspaces/ROS2_For_SCOUT_MINI/install/scout_msgs/share/ament_index/resource_index/parent_prefix_path/scout_msgs
-- Installing: /workspaces/ROS2_For_SCOUT_MINI/install/scout_msgs/share/scout_msgs/environment/ament_prefix_path.sh
-- Installing: /workspaces/ROS2_For_SCOUT_MINI/install/scout_msgs/share/scout_msgs/environment/ament_prefix_path.dsv
-- Installing: /workspaces/ROS2_For_SCOUT_MINI/install/scout_msgs/share/scout_msgs/environment/path.sh
-- Installing: /workspaces/ROS2_For_SCOUT_MINI/install/scout_msgs/share/scout_msgs/environment/path.dsv
-- Installing: /workspaces/ROS2_For_SCOUT_MINI/install/scout_msgs/share/scout_msgs/local_setup.bash
-- Installing: /workspaces/ROS2_For_SCOUT_MINI/install/scout_msgs/share/scout_msgs/local_setup.sh
-- Installing: /workspaces/ROS2_For_SCOUT_MINI/install/scout_msgs/share/scout_msgs/local_setup.zsh
-- Installing: /workspaces/ROS2_For_SCOUT_MINI/install/scout_msgs/share/scout_msgs/local_setup.dsv
-- Installing: /workspaces/ROS2_For_SCOUT_MINI/install/scout_msgs/share/scout_msgs/package.dsv
-- Installing: /workspaces/ROS2_For_SCOUT_MINI/install/scout_msgs/share/ament_index/resource_index/packages/scout_msgs
-- Installing: /workspaces/ROS2_For_SCOUT_MINI/install/scout_msgs/share/scout_msgs/cmake/export_scout_msgs__rosidl_generator_cExport.cmake
-- Installing: /workspaces/ROS2_For_SCOUT_MINI/install/scout_msgs/share/scout_msgs/cmake/export_scout_msgs__rosidl_generator_cExport-noconfig.cmake
-- Installing: /workspaces/ROS2_For_SCOUT_MINI/install/scout_msgs/share/scout_msgs/cmake/export_scout_msgs__rosidl_typesupport_fastrtps_cExport.cmake
-- Installing: /workspaces/ROS2_For_SCOUT_MINI/install/scout_msgs/share/scout_msgs/cmake/export_scout_msgs__rosidl_typesupport_fastrtps_cExport-noconfig.cmake
-- Installing: /workspaces/ROS2_For_SCOUT_MINI/install/scout_msgs/share/scout_msgs/cmake/export_scout_msgs__rosidl_generator_cppExport.cmake
-- Installing: /workspaces/ROS2_For_SCOUT_MINI/install/scout_msgs/share/scout_msgs/cmake/export_scout_msgs__rosidl_typesupport_fastrtps_cppExport.cmake
-- Installing: /workspaces/ROS2_For_SCOUT_MINI/install/scout_msgs/share/scout_msgs/cmake/export_scout_msgs__rosidl_typesupport_fastrtps_cppExport-noconfig.cmake
-- Installing: /workspaces/ROS2_For_SCOUT_MINI/install/scout_msgs/share/scout_msgs/cmake/scout_msgs__rosidl_typesupport_introspection_cExport.cmake
-- Installing: /workspaces/ROS2_For_SCOUT_MINI/install/scout_msgs/share/scout_msgs/cmake/scout_msgs__rosidl_typesupport_introspection_cExport-noconfig.cmake
-- Installing: /workspaces/ROS2_For_SCOUT_MINI/install/scout_msgs/share/scout_msgs/cmake/scout_msgs__rosidl_typesupport_cExport.cmake
-- Installing: /workspaces/ROS2_For_SCOUT_MINI/install/scout_msgs/share/scout_msgs/cmake/scout_msgs__rosidl_typesupport_cExport-noconfig.cmake
-- Installing: /workspaces/ROS2_For_SCOUT_MINI/install/scout_msgs/share/scout_msgs/cmake/scout_msgs__rosidl_typesupport_introspection_cppExport.cmake
-- Installing: /workspaces/ROS2_For_SCOUT_MINI/install/scout_msgs/share/scout_msgs/cmake/scout_msgs__rosidl_typesupport_introspection_cppExport-noconfig.cmake
-- Installing: /workspaces/ROS2_For_SCOUT_MINI/install/scout_msgs/share/scout_msgs/cmake/scout_msgs__rosidl_typesupport_cppExport.cmake
-- Installing: /workspaces/ROS2_For_SCOUT_MINI/install/scout_msgs/share/scout_msgs/cmake/scout_msgs__rosidl_typesupport_cppExport-noconfig.cmake
-- Installing: /workspaces/ROS2_For_SCOUT_MINI/install/scout_msgs/share/scout_msgs/cmake/export_scout_msgs__rosidl_generator_pyExport.cmake
-- Installing: /workspaces/ROS2_For_SCOUT_MINI/install/scout_msgs/share/scout_msgs/cmake/export_scout_msgs__rosidl_generator_pyExport-noconfig.cmake
-- Installing: /workspaces/ROS2_For_SCOUT_MINI/install/scout_msgs/share/scout_msgs/cmake/rosidl_cmake-extras.cmake
-- Installing: /workspaces/ROS2_For_SCOUT_MINI/install/scout_msgs/share/scout_msgs/cmake/ament_cmake_export_dependencies-extras.cmake
-- Installing: /workspaces/ROS2_For_SCOUT_MINI/install/scout_msgs/share/scout_msgs/cmake/ament_cmake_export_include_directories-extras.cmake
-- Installing: /workspaces/ROS2_For_SCOUT_MINI/install/scout_msgs/share/scout_msgs/cmake/ament_cmake_export_libraries-extras.cmake
-- Installing: /workspaces/ROS2_For_SCOUT_MINI/install/scout_msgs/share/scout_msgs/cmake/ament_cmake_export_targets-extras.cmake
-- Installing: /workspaces/ROS2_For_SCOUT_MINI/install/scout_msgs/share/scout_msgs/cmake/rosidl_cmake_export_typesupport_targets-extras.cmake
-- Installing: /workspaces/ROS2_For_SCOUT_MINI/install/scout_msgs/share/scout_msgs/cmake/rosidl_cmake_export_typesupport_libraries-extras.cmake
-- Installing: /workspaces/ROS2_For_SCOUT_MINI/install/scout_msgs/share/scout_msgs/cmake/scout_msgsConfig.cmake
-- Installing: /workspaces/ROS2_For_SCOUT_MINI/install/scout_msgs/share/scout_msgs/cmake/scout_msgsConfig-version.cmake
-- Installing: /workspaces/ROS2_For_SCOUT_MINI/install/scout_msgs/share/scout_msgs/package.xml
