[0.164s] Invoking command in '/workspaces/ROS2_For_SCOUT_MINI/build/scout_msgs': CMAKE_PREFIX_PATH=/opt/ros/humble /usr/bin/cmake --build /workspaces/ROS2_For_SCOUT_MINI/build/scout_msgs -- -j4 -l4
[0.374s] [  1%] [34m[1mGenerating C code for ROS interfaces[0m
[0.489s] [  3%] [34m[1mGenerating Rust code for ROS interfaces[0m
[0.490s] [  4%] [34m[1mGenerating C++ code for ROS interfaces[0m
[0.531s] [  4%] Built target ament_cmake_python_copy_scout_msgs
[1.195s] running egg_info
[1.205s] creating scout_msgs.egg-info
[1.208s] writing scout_msgs.egg-info/PKG-INFO
[1.208s] writing dependency_links to scout_msgs.egg-info/dependency_links.txt
[1.208s] writing top-level names to scout_msgs.egg-info/top_level.txt
[1.208s] writing manifest file 'scout_msgs.egg-info/SOURCES.txt'
[1.229s] reading manifest file 'scout_msgs.egg-info/SOURCES.txt'
[1.229s] writing manifest file 'scout_msgs.egg-info/SOURCES.txt'
[1.351s] [  4%] Built target ament_cmake_python_build_scout_msgs_egg
[2.352s] [  4%] Built target scout_msgs__rs
[2.661s] [  6%] [32mBuilding C object CMakeFiles/scout_msgs__rosidl_generator_c.dir/rosidl_generator_c/scout_msgs/msg/detail/scout_actuator_state__functions.c.o[0m
[2.678s] [  7%] [32mBuilding C object CMakeFiles/scout_msgs__rosidl_generator_c.dir/rosidl_generator_c/scout_msgs/msg/detail/scout_light_state__functions.c.o[0m
[2.684s] [  9%] [32mBuilding C object CMakeFiles/scout_msgs__rosidl_generator_c.dir/rosidl_generator_c/scout_msgs/msg/detail/scout_light_cmd__functions.c.o[0m
[2.909s] [ 10%] [32mBuilding C object CMakeFiles/scout_msgs__rosidl_generator_c.dir/rosidl_generator_c/scout_msgs/msg/detail/scout_rc_state__functions.c.o[0m
[2.955s] [ 12%] [32mBuilding C object CMakeFiles/scout_msgs__rosidl_generator_c.dir/rosidl_generator_c/scout_msgs/msg/detail/scout_status__functions.c.o[0m
[2.980s] [ 12%] Built target scout_msgs__cpp
[3.067s] [ 14%] [34m[1mGenerating C++ type support for eProsima Fast-RTPS[0m
[3.085s] [ 15%] [34m[1mGenerating C++ introspection for ROS interfaces[0m
[3.085s] [ 17%] [34m[1mGenerating C++ type support dispatch for ROS interfaces[0m
[3.188s] [ 18%] [32m[1mLinking C shared library libscout_msgs__rosidl_generator_c.so[0m
[3.623s] [ 18%] Built target scout_msgs__rosidl_generator_c
[3.680s] [ 20%] [34m[1mGenerating C type support for eProsima Fast-RTPS[0m
[4.695s] [ 21%] [32mBuilding CXX object CMakeFiles/scout_msgs__rosidl_typesupport_cpp.dir/rosidl_typesupport_cpp/scout_msgs/msg/scout_actuator_state__type_support.cpp.o[0m
[4.703s] [ 23%] [32mBuilding CXX object CMakeFiles/scout_msgs__rosidl_typesupport_introspection_cpp.dir/rosidl_typesupport_introspection_cpp/scout_msgs/msg/detail/scout_actuator_state__type_support.cpp.o[0m
[5.057s] [ 25%] [32mBuilding CXX object CMakeFiles/scout_msgs__rosidl_typesupport_fastrtps_cpp.dir/rosidl_typesupport_fastrtps_cpp/scout_msgs/msg/detail/dds_fastrtps/scout_actuator_state__type_support.cpp.o[0m
[5.555s] [ 26%] [32mBuilding CXX object CMakeFiles/scout_msgs__rosidl_typesupport_fastrtps_c.dir/rosidl_typesupport_fastrtps_c/scout_msgs/msg/detail/scout_actuator_state__type_support_c.cpp.o[0m
[5.994s] [ 28%] [32mBuilding CXX object CMakeFiles/scout_msgs__rosidl_typesupport_cpp.dir/rosidl_typesupport_cpp/scout_msgs/msg/scout_light_cmd__type_support.cpp.o[0m
[6.667s] [ 29%] [32mBuilding CXX object CMakeFiles/scout_msgs__rosidl_typesupport_introspection_cpp.dir/rosidl_typesupport_introspection_cpp/scout_msgs/msg/detail/scout_light_cmd__type_support.cpp.o[0m
[6.814s] [ 31%] [32mBuilding CXX object CMakeFiles/scout_msgs__rosidl_typesupport_cpp.dir/rosidl_typesupport_cpp/scout_msgs/msg/scout_light_state__type_support.cpp.o[0m
[7.286s] [ 32%] [32mBuilding CXX object CMakeFiles/scout_msgs__rosidl_typesupport_cpp.dir/rosidl_typesupport_cpp/scout_msgs/msg/scout_rc_state__type_support.cpp.o[0m
[7.308s] [ 34%] [32mBuilding CXX object CMakeFiles/scout_msgs__rosidl_typesupport_fastrtps_c.dir/rosidl_typesupport_fastrtps_c/scout_msgs/msg/detail/scout_light_cmd__type_support_c.cpp.o[0m
[7.472s] [ 35%] [32mBuilding CXX object CMakeFiles/scout_msgs__rosidl_typesupport_fastrtps_cpp.dir/rosidl_typesupport_fastrtps_cpp/scout_msgs/msg/detail/dds_fastrtps/scout_light_cmd__type_support.cpp.o[0m
[7.778s] [ 37%] [32mBuilding CXX object CMakeFiles/scout_msgs__rosidl_typesupport_introspection_cpp.dir/rosidl_typesupport_introspection_cpp/scout_msgs/msg/detail/scout_light_state__type_support.cpp.o[0m
[8.107s] [ 39%] [32mBuilding CXX object CMakeFiles/scout_msgs__rosidl_typesupport_cpp.dir/rosidl_typesupport_cpp/scout_msgs/msg/scout_status__type_support.cpp.o[0m
[8.131s] [ 40%] [32mBuilding CXX object CMakeFiles/scout_msgs__rosidl_typesupport_fastrtps_c.dir/rosidl_typesupport_fastrtps_c/scout_msgs/msg/detail/scout_light_state__type_support_c.cpp.o[0m
[8.815s] [ 42%] [32mBuilding CXX object CMakeFiles/scout_msgs__rosidl_typesupport_fastrtps_cpp.dir/rosidl_typesupport_fastrtps_cpp/scout_msgs/msg/detail/dds_fastrtps/scout_light_state__type_support.cpp.o[0m
[8.859s] [ 43%] [32mBuilding CXX object CMakeFiles/scout_msgs__rosidl_typesupport_fastrtps_c.dir/rosidl_typesupport_fastrtps_c/scout_msgs/msg/detail/scout_rc_state__type_support_c.cpp.o[0m
[9.190s] [ 45%] [32mBuilding CXX object CMakeFiles/scout_msgs__rosidl_typesupport_introspection_cpp.dir/rosidl_typesupport_introspection_cpp/scout_msgs/msg/detail/scout_rc_state__type_support.cpp.o[0m
[9.346s] [ 46%] [32m[1mLinking CXX shared library libscout_msgs__rosidl_typesupport_cpp.so[0m
[9.468s] [ 46%] Built target scout_msgs__rosidl_typesupport_cpp
[9.493s] [ 48%] [34m[1mGenerating C introspection for ROS interfaces[0m
[10.118s] [ 50%] [32mBuilding CXX object CMakeFiles/scout_msgs__rosidl_typesupport_fastrtps_cpp.dir/rosidl_typesupport_fastrtps_cpp/scout_msgs/msg/detail/dds_fastrtps/scout_rc_state__type_support.cpp.o[0m
[10.151s] [ 51%] [32mBuilding CXX object CMakeFiles/scout_msgs__rosidl_typesupport_fastrtps_c.dir/rosidl_typesupport_fastrtps_c/scout_msgs/msg/detail/scout_status__type_support_c.cpp.o[0m
[10.325s] [ 53%] [32mBuilding CXX object CMakeFiles/scout_msgs__rosidl_typesupport_introspection_cpp.dir/rosidl_typesupport_introspection_cpp/scout_msgs/msg/detail/scout_status__type_support.cpp.o[0m
[10.869s] [ 54%] [32mBuilding C object CMakeFiles/scout_msgs__rosidl_typesupport_introspection_c.dir/rosidl_typesupport_introspection_c/scout_msgs/msg/detail/scout_actuator_state__type_support.c.o[0m
[10.949s] [ 56%] [32mBuilding C object CMakeFiles/scout_msgs__rosidl_typesupport_introspection_c.dir/rosidl_typesupport_introspection_c/scout_msgs/msg/detail/scout_light_cmd__type_support.c.o[0m
[11.022s] [ 57%] [32mBuilding C object CMakeFiles/scout_msgs__rosidl_typesupport_introspection_c.dir/rosidl_typesupport_introspection_c/scout_msgs/msg/detail/scout_light_state__type_support.c.o[0m
[11.069s] [ 59%] [32mBuilding C object CMakeFiles/scout_msgs__rosidl_typesupport_introspection_c.dir/rosidl_typesupport_introspection_c/scout_msgs/msg/detail/scout_rc_state__type_support.c.o[0m
[11.146s] [ 62%] [32m[1mLinking CXX shared library libscout_msgs__rosidl_typesupport_fastrtps_c.so[0m
[11.147s] [ 62%] [32mBuilding C object CMakeFiles/scout_msgs__rosidl_typesupport_introspection_c.dir/rosidl_typesupport_introspection_c/scout_msgs/msg/detail/scout_status__type_support.c.o[0m
[11.250s] [ 64%] [32m[1mLinking C shared library libscout_msgs__rosidl_typesupport_introspection_c.so[0m
[11.259s] [ 65%] [32mBuilding CXX object CMakeFiles/scout_msgs__rosidl_typesupport_fastrtps_cpp.dir/rosidl_typesupport_fastrtps_cpp/scout_msgs/msg/detail/dds_fastrtps/scout_status__type_support.cpp.o[0m
[11.375s] [ 67%] [32m[1mLinking CXX shared library libscout_msgs__rosidl_typesupport_introspection_cpp.so[0m
[11.381s] [ 67%] Built target scout_msgs__rosidl_typesupport_introspection_c
[11.389s] [ 67%] Built target scout_msgs__rosidl_typesupport_fastrtps_c
[11.416s] [ 68%] [34m[1mGenerating C type support dispatch for ROS interfaces[0m
[11.627s] [ 68%] Built target scout_msgs__rosidl_typesupport_introspection_cpp
[12.150s] [ 70%] [32m[1mLinking CXX shared library libscout_msgs__rosidl_typesupport_fastrtps_cpp.so[0m
[12.257s] [ 71%] [32mBuilding CXX object CMakeFiles/scout_msgs__rosidl_typesupport_c.dir/rosidl_typesupport_c/scout_msgs/msg/scout_actuator_state__type_support.cpp.o[0m
[12.267s] [ 73%] [32mBuilding CXX object CMakeFiles/scout_msgs__rosidl_typesupport_c.dir/rosidl_typesupport_c/scout_msgs/msg/scout_light_cmd__type_support.cpp.o[0m
[12.268s] [ 75%] [32mBuilding CXX object CMakeFiles/scout_msgs__rosidl_typesupport_c.dir/rosidl_typesupport_c/scout_msgs/msg/scout_light_state__type_support.cpp.o[0m
[12.345s] [ 76%] [32mBuilding CXX object CMakeFiles/scout_msgs__rosidl_typesupport_c.dir/rosidl_typesupport_c/scout_msgs/msg/scout_rc_state__type_support.cpp.o[0m
[12.360s] [ 78%] [32mBuilding CXX object CMakeFiles/scout_msgs__rosidl_typesupport_c.dir/rosidl_typesupport_c/scout_msgs/msg/scout_status__type_support.cpp.o[0m
[12.392s] [ 78%] Built target scout_msgs__rosidl_typesupport_fastrtps_cpp
[12.447s] [ 79%] [32m[1mLinking CXX shared library libscout_msgs__rosidl_typesupport_c.so[0m
[12.572s] [ 79%] Built target scout_msgs__rosidl_typesupport_c
[12.631s] [ 79%] Built target scout_msgs
[12.686s] [ 81%] [34m[1mGenerating Python code for ROS interfaces[0m
[13.942s] [ 81%] Built target scout_msgs__py
[14.002s] [ 84%] [32mBuilding C object CMakeFiles/scout_msgs__rosidl_generator_py.dir/rosidl_generator_py/scout_msgs/msg/_scout_light_cmd_s.c.o[0m
[14.002s] [ 84%] [32mBuilding C object CMakeFiles/scout_msgs__rosidl_generator_py.dir/rosidl_generator_py/scout_msgs/msg/_scout_actuator_state_s.c.o[0m
[14.005s] [ 85%] [32mBuilding C object CMakeFiles/scout_msgs__rosidl_generator_py.dir/rosidl_generator_py/scout_msgs/msg/_scout_rc_state_s.c.o[0m
[14.013s] [ 87%] [32mBuilding C object CMakeFiles/scout_msgs__rosidl_generator_py.dir/rosidl_generator_py/scout_msgs/msg/_scout_light_state_s.c.o[0m
[14.273s] [ 89%] [32mBuilding C object CMakeFiles/scout_msgs__rosidl_generator_py.dir/rosidl_generator_py/scout_msgs/msg/_scout_status_s.c.o[0m
[14.540s] [ 90%] [32m[1mLinking C shared library rosidl_generator_py/scout_msgs/libscout_msgs__rosidl_generator_py.so[0m
[14.666s] [ 90%] Built target scout_msgs__rosidl_generator_py
[14.718s] [ 93%] [32mBuilding C object CMakeFiles/scout_msgs__rosidl_typesupport_fastrtps_c__pyext.dir/rosidl_generator_py/scout_msgs/_scout_msgs_s.ep.rosidl_typesupport_fastrtps_c.c.o[0m
[14.722s] [ 93%] [32mBuilding C object CMakeFiles/scout_msgs__rosidl_typesupport_introspection_c__pyext.dir/rosidl_generator_py/scout_msgs/_scout_msgs_s.ep.rosidl_typesupport_introspection_c.c.o[0m
[14.740s] [ 95%] [32mBuilding C object CMakeFiles/scout_msgs__rosidl_typesupport_c__pyext.dir/rosidl_generator_py/scout_msgs/_scout_msgs_s.ep.rosidl_typesupport_c.c.o[0m
[15.007s] [ 96%] [32m[1mLinking C shared library rosidl_generator_py/scout_msgs/scout_msgs_s__rosidl_typesupport_fastrtps_c.cpython-310-x86_64-linux-gnu.so[0m
[15.007s] [ 98%] [32m[1mLinking C shared library rosidl_generator_py/scout_msgs/scout_msgs_s__rosidl_typesupport_introspection_c.cpython-310-x86_64-linux-gnu.so[0m
[15.081s] [100%] [32m[1mLinking C shared library rosidl_generator_py/scout_msgs/scout_msgs_s__rosidl_typesupport_c.cpython-310-x86_64-linux-gnu.so[0m
[15.100s] [100%] Built target scout_msgs__rosidl_typesupport_fastrtps_c__pyext
[15.113s] [100%] Built target scout_msgs__rosidl_typesupport_introspection_c__pyext
[15.222s] [100%] Built target scout_msgs__rosidl_typesupport_c__pyext
[15.271s] Invoked command in '/workspaces/ROS2_For_SCOUT_MINI/build/scout_msgs' returned '0': CMAKE_PREFIX_PATH=/opt/ros/humble /usr/bin/cmake --build /workspaces/ROS2_For_SCOUT_MINI/build/scout_msgs -- -j4 -l4
[15.286s] Invoking command in '/workspaces/ROS2_For_SCOUT_MINI/build/scout_msgs': CMAKE_PREFIX_PATH=/opt/ros/humble /usr/bin/cmake --install /workspaces/ROS2_For_SCOUT_MINI/build/scout_msgs
[15.295s] -- Install configuration: ""
[15.298s] -- Installing: /workspaces/ROS2_For_SCOUT_MINI/install/scout_msgs/share/ament_index/resource_index/rosidl_interfaces/scout_msgs
[15.299s] -- Installing: /workspaces/ROS2_For_SCOUT_MINI/install/scout_msgs/include/scout_msgs/scout_msgs
[15.300s] -- Installing: /workspaces/ROS2_For_SCOUT_MINI/install/scout_msgs/include/scout_msgs/scout_msgs/msg
[15.300s] -- Installing: /workspaces/ROS2_For_SCOUT_MINI/install/scout_msgs/include/scout_msgs/scout_msgs/msg/scout_light_state.h
[15.302s] -- Installing: /workspaces/ROS2_For_SCOUT_MINI/install/scout_msgs/include/scout_msgs/scout_msgs/msg/scout_actuator_state.h
[15.302s] -- Installing: /workspaces/ROS2_For_SCOUT_MINI/install/scout_msgs/include/scout_msgs/scout_msgs/msg/scout_rc_state.h
[15.302s] -- Installing: /workspaces/ROS2_For_SCOUT_MINI/install/scout_msgs/include/scout_msgs/scout_msgs/msg/scout_status.h
[15.302s] -- Installing: /workspaces/ROS2_For_SCOUT_MINI/install/scout_msgs/include/scout_msgs/scout_msgs/msg/scout_light_cmd.h
[15.302s] -- Installing: /workspaces/ROS2_For_SCOUT_MINI/install/scout_msgs/include/scout_msgs/scout_msgs/msg/detail
[15.303s] -- Installing: /workspaces/ROS2_For_SCOUT_MINI/install/scout_msgs/include/scout_msgs/scout_msgs/msg/detail/scout_light_state__struct.h
[15.303s] -- Installing: /workspaces/ROS2_For_SCOUT_MINI/install/scout_msgs/include/scout_msgs/scout_msgs/msg/detail/scout_light_cmd__type_support.h
[15.305s] -- Installing: /workspaces/ROS2_For_SCOUT_MINI/install/scout_msgs/include/scout_msgs/scout_msgs/msg/detail/scout_status__functions.h
[15.305s] -- Installing: /workspaces/ROS2_For_SCOUT_MINI/install/scout_msgs/include/scout_msgs/scout_msgs/msg/detail/scout_actuator_state__struct.h
[15.305s] -- Installing: /workspaces/ROS2_For_SCOUT_MINI/install/scout_msgs/include/scout_msgs/scout_msgs/msg/detail/scout_status__functions.c
[15.305s] -- Installing: /workspaces/ROS2_For_SCOUT_MINI/install/scout_msgs/include/scout_msgs/scout_msgs/msg/detail/scout_rc_state__functions.h
[15.306s] -- Installing: /workspaces/ROS2_For_SCOUT_MINI/install/scout_msgs/include/scout_msgs/scout_msgs/msg/detail/scout_status__type_support.h
[15.306s] -- Installing: /workspaces/ROS2_For_SCOUT_MINI/install/scout_msgs/include/scout_msgs/scout_msgs/msg/detail/scout_actuator_state__functions.c
[15.306s] -- Installing: /workspaces/ROS2_For_SCOUT_MINI/install/scout_msgs/include/scout_msgs/scout_msgs/msg/detail/scout_rc_state__functions.c
[15.306s] -- Installing: /workspaces/ROS2_For_SCOUT_MINI/install/scout_msgs/include/scout_msgs/scout_msgs/msg/detail/scout_actuator_state__functions.h
[15.306s] -- Installing: /workspaces/ROS2_For_SCOUT_MINI/install/scout_msgs/include/scout_msgs/scout_msgs/msg/detail/scout_light_state__type_support.h
[15.306s] -- Installing: /workspaces/ROS2_For_SCOUT_MINI/install/scout_msgs/include/scout_msgs/scout_msgs/msg/detail/scout_rc_state__type_support.h
[15.306s] -- Installing: /workspaces/ROS2_For_SCOUT_MINI/install/scout_msgs/include/scout_msgs/scout_msgs/msg/detail/scout_light_cmd__functions.c
[15.306s] -- Installing: /workspaces/ROS2_For_SCOUT_MINI/install/scout_msgs/include/scout_msgs/scout_msgs/msg/detail/scout_actuator_state__type_support.h
[15.306s] -- Installing: /workspaces/ROS2_For_SCOUT_MINI/install/scout_msgs/include/scout_msgs/scout_msgs/msg/detail/scout_status__struct.h
[15.306s] -- Installing: /workspaces/ROS2_For_SCOUT_MINI/install/scout_msgs/include/scout_msgs/scout_msgs/msg/detail/scout_light_state__functions.h
[15.306s] -- Installing: /workspaces/ROS2_For_SCOUT_MINI/install/scout_msgs/include/scout_msgs/scout_msgs/msg/detail/scout_light_state__functions.c
[15.307s] -- Installing: /workspaces/ROS2_For_SCOUT_MINI/install/scout_msgs/include/scout_msgs/scout_msgs/msg/detail/scout_light_cmd__functions.h
[15.307s] -- Installing: /workspaces/ROS2_For_SCOUT_MINI/install/scout_msgs/include/scout_msgs/scout_msgs/msg/detail/scout_light_cmd__struct.h
[15.307s] -- Installing: /workspaces/ROS2_For_SCOUT_MINI/install/scout_msgs/include/scout_msgs/scout_msgs/msg/detail/scout_rc_state__struct.h
[15.307s] -- Installing: /workspaces/ROS2_For_SCOUT_MINI/install/scout_msgs/include/scout_msgs/scout_msgs/msg/rosidl_generator_c__visibility_control.h
[15.308s] -- Installing: /workspaces/ROS2_For_SCOUT_MINI/install/scout_msgs/share/scout_msgs/environment/library_path.sh
[15.314s] -- Installing: /workspaces/ROS2_For_SCOUT_MINI/install/scout_msgs/share/scout_msgs/environment/library_path.dsv
[15.315s] -- Installing: /workspaces/ROS2_For_SCOUT_MINI/install/scout_msgs/lib/libscout_msgs__rosidl_generator_c.so
[15.317s] -- Set runtime path of "/workspaces/ROS2_For_SCOUT_MINI/install/scout_msgs/lib/libscout_msgs__rosidl_generator_c.so" to ""
[15.317s] -- Up-to-date: /workspaces/ROS2_For_SCOUT_MINI/install/scout_msgs/include/scout_msgs/scout_msgs
[15.317s] -- Up-to-date: /workspaces/ROS2_For_SCOUT_MINI/install/scout_msgs/include/scout_msgs/scout_msgs/msg
[15.317s] -- Up-to-date: /workspaces/ROS2_For_SCOUT_MINI/install/scout_msgs/include/scout_msgs/scout_msgs/msg/detail
[15.317s] -- Installing: /workspaces/ROS2_For_SCOUT_MINI/install/scout_msgs/include/scout_msgs/scout_msgs/msg/detail/scout_light_state__rosidl_typesupport_fastrtps_c.h
[15.317s] -- Installing: /workspaces/ROS2_For_SCOUT_MINI/install/scout_msgs/include/scout_msgs/scout_msgs/msg/detail/scout_actuator_state__rosidl_typesupport_fastrtps_c.h
[15.321s] -- Installing: /workspaces/ROS2_For_SCOUT_MINI/install/scout_msgs/include/scout_msgs/scout_msgs/msg/detail/scout_rc_state__rosidl_typesupport_fastrtps_c.h
[15.321s] -- Installing: /workspaces/ROS2_For_SCOUT_MINI/install/scout_msgs/include/scout_msgs/scout_msgs/msg/detail/scout_status__rosidl_typesupport_fastrtps_c.h
[15.321s] -- Installing: /workspaces/ROS2_For_SCOUT_MINI/install/scout_msgs/include/scout_msgs/scout_msgs/msg/detail/scout_light_cmd__rosidl_typesupport_fastrtps_c.h
[15.321s] -- Installing: /workspaces/ROS2_For_SCOUT_MINI/install/scout_msgs/include/scout_msgs/scout_msgs/msg/rosidl_typesupport_fastrtps_c__visibility_control.h
[15.322s] -- Installing: /workspaces/ROS2_For_SCOUT_MINI/install/scout_msgs/lib/libscout_msgs__rosidl_typesupport_fastrtps_c.so
[15.322s] -- Set runtime path of "/workspaces/ROS2_For_SCOUT_MINI/install/scout_msgs/lib/libscout_msgs__rosidl_typesupport_fastrtps_c.so" to ""
[15.322s] -- Up-to-date: /workspaces/ROS2_For_SCOUT_MINI/install/scout_msgs/include/scout_msgs/scout_msgs
[15.322s] -- Up-to-date: /workspaces/ROS2_For_SCOUT_MINI/install/scout_msgs/include/scout_msgs/scout_msgs/msg
[15.322s] -- Installing: /workspaces/ROS2_For_SCOUT_MINI/install/scout_msgs/include/scout_msgs/scout_msgs/msg/scout_light_state.hpp
[15.322s] -- Up-to-date: /workspaces/ROS2_For_SCOUT_MINI/install/scout_msgs/include/scout_msgs/scout_msgs/msg/detail
[15.322s] -- Installing: /workspaces/ROS2_For_SCOUT_MINI/install/scout_msgs/include/scout_msgs/scout_msgs/msg/detail/scout_light_cmd__struct.hpp
[15.322s] -- Installing: /workspaces/ROS2_For_SCOUT_MINI/install/scout_msgs/include/scout_msgs/scout_msgs/msg/detail/scout_status__builder.hpp
[15.322s] -- Installing: /workspaces/ROS2_For_SCOUT_MINI/install/scout_msgs/include/scout_msgs/scout_msgs/msg/detail/scout_light_cmd__traits.hpp
[15.322s] -- Installing: /workspaces/ROS2_For_SCOUT_MINI/install/scout_msgs/include/scout_msgs/scout_msgs/msg/detail/scout_actuator_state__struct.hpp
[15.322s] -- Installing: /workspaces/ROS2_For_SCOUT_MINI/install/scout_msgs/include/scout_msgs/scout_msgs/msg/detail/scout_status__traits.hpp
[15.322s] -- Installing: /workspaces/ROS2_For_SCOUT_MINI/install/scout_msgs/include/scout_msgs/scout_msgs/msg/detail/scout_rc_state__struct.hpp
[15.322s] -- Installing: /workspaces/ROS2_For_SCOUT_MINI/install/scout_msgs/include/scout_msgs/scout_msgs/msg/detail/scout_actuator_state__builder.hpp
[15.322s] -- Installing: /workspaces/ROS2_For_SCOUT_MINI/install/scout_msgs/include/scout_msgs/scout_msgs/msg/detail/scout_light_cmd__builder.hpp
[15.322s] -- Installing: /workspaces/ROS2_For_SCOUT_MINI/install/scout_msgs/include/scout_msgs/scout_msgs/msg/detail/scout_light_state__traits.hpp
[15.322s] -- Installing: /workspaces/ROS2_For_SCOUT_MINI/install/scout_msgs/include/scout_msgs/scout_msgs/msg/detail/scout_actuator_state__traits.hpp
[15.322s] -- Installing: /workspaces/ROS2_For_SCOUT_MINI/install/scout_msgs/include/scout_msgs/scout_msgs/msg/detail/scout_rc_state__type_support.hpp
[15.322s] -- Installing: /workspaces/ROS2_For_SCOUT_MINI/install/scout_msgs/include/scout_msgs/scout_msgs/msg/detail/scout_actuator_state__type_support.hpp
[15.322s] -- Installing: /workspaces/ROS2_For_SCOUT_MINI/install/scout_msgs/include/scout_msgs/scout_msgs/msg/detail/scout_light_state__struct.hpp
[15.322s] -- Installing: /workspaces/ROS2_For_SCOUT_MINI/install/scout_msgs/include/scout_msgs/scout_msgs/msg/detail/scout_light_state__builder.hpp
[15.322s] -- Installing: /workspaces/ROS2_For_SCOUT_MINI/install/scout_msgs/include/scout_msgs/scout_msgs/msg/detail/scout_light_cmd__type_support.hpp
[15.323s] -- Installing: /workspaces/ROS2_For_SCOUT_MINI/install/scout_msgs/include/scout_msgs/scout_msgs/msg/detail/scout_status__type_support.hpp
[15.323s] -- Installing: /workspaces/ROS2_For_SCOUT_MINI/install/scout_msgs/include/scout_msgs/scout_msgs/msg/detail/scout_light_state__type_support.hpp
[15.323s] -- Installing: /workspaces/ROS2_For_SCOUT_MINI/install/scout_msgs/include/scout_msgs/scout_msgs/msg/detail/scout_rc_state__builder.hpp
[15.323s] -- Installing: /workspaces/ROS2_For_SCOUT_MINI/install/scout_msgs/include/scout_msgs/scout_msgs/msg/detail/scout_status__struct.hpp
[15.323s] -- Installing: /workspaces/ROS2_For_SCOUT_MINI/install/scout_msgs/include/scout_msgs/scout_msgs/msg/detail/scout_rc_state__traits.hpp
[15.323s] -- Installing: /workspaces/ROS2_For_SCOUT_MINI/install/scout_msgs/include/scout_msgs/scout_msgs/msg/scout_actuator_state.hpp
[15.323s] -- Installing: /workspaces/ROS2_For_SCOUT_MINI/install/scout_msgs/include/scout_msgs/scout_msgs/msg/scout_light_cmd.hpp
[15.323s] -- Installing: /workspaces/ROS2_For_SCOUT_MINI/install/scout_msgs/include/scout_msgs/scout_msgs/msg/scout_rc_state.hpp
[15.323s] -- Installing: /workspaces/ROS2_For_SCOUT_MINI/install/scout_msgs/include/scout_msgs/scout_msgs/msg/scout_status.hpp
[15.323s] -- Installing: /workspaces/ROS2_For_SCOUT_MINI/install/scout_msgs/include/scout_msgs/scout_msgs/msg/rosidl_generator_cpp__visibility_control.hpp
[15.323s] -- Up-to-date: /workspaces/ROS2_For_SCOUT_MINI/install/scout_msgs/include/scout_msgs/scout_msgs
[15.323s] -- Up-to-date: /workspaces/ROS2_For_SCOUT_MINI/install/scout_msgs/include/scout_msgs/scout_msgs/msg
[15.323s] -- Installing: /workspaces/ROS2_For_SCOUT_MINI/install/scout_msgs/include/scout_msgs/scout_msgs/msg/rosidl_typesupport_fastrtps_cpp__visibility_control.h
[15.323s] -- Up-to-date: /workspaces/ROS2_For_SCOUT_MINI/install/scout_msgs/include/scout_msgs/scout_msgs/msg/detail
[15.323s] -- Installing: /workspaces/ROS2_For_SCOUT_MINI/install/scout_msgs/include/scout_msgs/scout_msgs/msg/detail/scout_light_cmd__rosidl_typesupport_fastrtps_cpp.hpp
[15.323s] -- Installing: /workspaces/ROS2_For_SCOUT_MINI/install/scout_msgs/include/scout_msgs/scout_msgs/msg/detail/dds_fastrtps
[15.323s] -- Installing: /workspaces/ROS2_For_SCOUT_MINI/install/scout_msgs/include/scout_msgs/scout_msgs/msg/detail/scout_actuator_state__rosidl_typesupport_fastrtps_cpp.hpp
[15.323s] -- Installing: /workspaces/ROS2_For_SCOUT_MINI/install/scout_msgs/include/scout_msgs/scout_msgs/msg/detail/scout_light_state__rosidl_typesupport_fastrtps_cpp.hpp
[15.324s] -- Installing: /workspaces/ROS2_For_SCOUT_MINI/install/scout_msgs/include/scout_msgs/scout_msgs/msg/detail/scout_status__rosidl_typesupport_fastrtps_cpp.hpp
[15.324s] -- Installing: /workspaces/ROS2_For_SCOUT_MINI/install/scout_msgs/include/scout_msgs/scout_msgs/msg/detail/scout_rc_state__rosidl_typesupport_fastrtps_cpp.hpp
[15.324s] -- Installing: /workspaces/ROS2_For_SCOUT_MINI/install/scout_msgs/lib/libscout_msgs__rosidl_typesupport_fastrtps_cpp.so
[15.330s] -- Set runtime path of "/workspaces/ROS2_For_SCOUT_MINI/install/scout_msgs/lib/libscout_msgs__rosidl_typesupport_fastrtps_cpp.so" to ""
[15.330s] -- Up-to-date: /workspaces/ROS2_For_SCOUT_MINI/install/scout_msgs/include/scout_msgs/scout_msgs
[15.331s] -- Up-to-date: /workspaces/ROS2_For_SCOUT_MINI/install/scout_msgs/include/scout_msgs/scout_msgs/msg
[15.331s] -- Installing: /workspaces/ROS2_For_SCOUT_MINI/install/scout_msgs/include/scout_msgs/scout_msgs/msg/rosidl_typesupport_introspection_c__visibility_control.h
[15.331s] -- Up-to-date: /workspaces/ROS2_For_SCOUT_MINI/install/scout_msgs/include/scout_msgs/scout_msgs/msg/detail
[15.331s] -- Installing: /workspaces/ROS2_For_SCOUT_MINI/install/scout_msgs/include/scout_msgs/scout_msgs/msg/detail/scout_rc_state__type_support.c
[15.331s] -- Installing: /workspaces/ROS2_For_SCOUT_MINI/install/scout_msgs/include/scout_msgs/scout_msgs/msg/detail/scout_actuator_state__type_support.c
[15.331s] -- Installing: /workspaces/ROS2_For_SCOUT_MINI/install/scout_msgs/include/scout_msgs/scout_msgs/msg/detail/scout_status__rosidl_typesupport_introspection_c.h
[15.331s] -- Installing: /workspaces/ROS2_For_SCOUT_MINI/install/scout_msgs/include/scout_msgs/scout_msgs/msg/detail/scout_light_state__rosidl_typesupport_introspection_c.h
[15.331s] -- Installing: /workspaces/ROS2_For_SCOUT_MINI/install/scout_msgs/include/scout_msgs/scout_msgs/msg/detail/scout_light_cmd__type_support.c
[15.331s] -- Installing: /workspaces/ROS2_For_SCOUT_MINI/install/scout_msgs/include/scout_msgs/scout_msgs/msg/detail/scout_light_state__type_support.c
[15.331s] -- Installing: /workspaces/ROS2_For_SCOUT_MINI/install/scout_msgs/include/scout_msgs/scout_msgs/msg/detail/scout_status__type_support.c
[15.331s] -- Installing: /workspaces/ROS2_For_SCOUT_MINI/install/scout_msgs/include/scout_msgs/scout_msgs/msg/detail/scout_actuator_state__rosidl_typesupport_introspection_c.h
[15.331s] -- Installing: /workspaces/ROS2_For_SCOUT_MINI/install/scout_msgs/include/scout_msgs/scout_msgs/msg/detail/scout_light_cmd__rosidl_typesupport_introspection_c.h
[15.331s] -- Installing: /workspaces/ROS2_For_SCOUT_MINI/install/scout_msgs/include/scout_msgs/scout_msgs/msg/detail/scout_rc_state__rosidl_typesupport_introspection_c.h
[15.331s] -- Installing: /workspaces/ROS2_For_SCOUT_MINI/install/scout_msgs/lib/libscout_msgs__rosidl_typesupport_introspection_c.so
[15.331s] -- Set runtime path of "/workspaces/ROS2_For_SCOUT_MINI/install/scout_msgs/lib/libscout_msgs__rosidl_typesupport_introspection_c.so" to ""
[15.331s] -- Installing: /workspaces/ROS2_For_SCOUT_MINI/install/scout_msgs/lib/libscout_msgs__rosidl_typesupport_c.so
[15.331s] -- Set runtime path of "/workspaces/ROS2_For_SCOUT_MINI/install/scout_msgs/lib/libscout_msgs__rosidl_typesupport_c.so" to ""
[15.332s] -- Up-to-date: /workspaces/ROS2_For_SCOUT_MINI/install/scout_msgs/include/scout_msgs/scout_msgs
[15.332s] -- Up-to-date: /workspaces/ROS2_For_SCOUT_MINI/install/scout_msgs/include/scout_msgs/scout_msgs/msg
[15.332s] -- Up-to-date: /workspaces/ROS2_For_SCOUT_MINI/install/scout_msgs/include/scout_msgs/scout_msgs/msg/detail
[15.332s] -- Installing: /workspaces/ROS2_For_SCOUT_MINI/install/scout_msgs/include/scout_msgs/scout_msgs/msg/detail/scout_status__rosidl_typesupport_introspection_cpp.hpp
[15.332s] -- Installing: /workspaces/ROS2_For_SCOUT_MINI/install/scout_msgs/include/scout_msgs/scout_msgs/msg/detail/scout_light_state__type_support.cpp
[15.332s] -- Installing: /workspaces/ROS2_For_SCOUT_MINI/install/scout_msgs/include/scout_msgs/scout_msgs/msg/detail/scout_rc_state__rosidl_typesupport_introspection_cpp.hpp
[15.332s] -- Installing: /workspaces/ROS2_For_SCOUT_MINI/install/scout_msgs/include/scout_msgs/scout_msgs/msg/detail/scout_light_state__rosidl_typesupport_introspection_cpp.hpp
[15.332s] -- Installing: /workspaces/ROS2_For_SCOUT_MINI/install/scout_msgs/include/scout_msgs/scout_msgs/msg/detail/scout_actuator_state__rosidl_typesupport_introspection_cpp.hpp
[15.332s] -- Installing: /workspaces/ROS2_For_SCOUT_MINI/install/scout_msgs/include/scout_msgs/scout_msgs/msg/detail/scout_rc_state__type_support.cpp
[15.332s] -- Installing: /workspaces/ROS2_For_SCOUT_MINI/install/scout_msgs/include/scout_msgs/scout_msgs/msg/detail/scout_light_cmd__rosidl_typesupport_introspection_cpp.hpp
[15.332s] -- Installing: /workspaces/ROS2_For_SCOUT_MINI/install/scout_msgs/include/scout_msgs/scout_msgs/msg/detail/scout_actuator_state__type_support.cpp
[15.332s] -- Installing: /workspaces/ROS2_For_SCOUT_MINI/install/scout_msgs/include/scout_msgs/scout_msgs/msg/detail/scout_status__type_support.cpp
[15.332s] -- Installing: /workspaces/ROS2_For_SCOUT_MINI/install/scout_msgs/include/scout_msgs/scout_msgs/msg/detail/scout_light_cmd__type_support.cpp
[15.332s] -- Installing: /workspaces/ROS2_For_SCOUT_MINI/install/scout_msgs/lib/libscout_msgs__rosidl_typesupport_introspection_cpp.so
[15.333s] -- Set runtime path of "/workspaces/ROS2_For_SCOUT_MINI/install/scout_msgs/lib/libscout_msgs__rosidl_typesupport_introspection_cpp.so" to ""
[15.333s] -- Installing: /workspaces/ROS2_For_SCOUT_MINI/install/scout_msgs/lib/libscout_msgs__rosidl_typesupport_cpp.so
[15.333s] -- Set runtime path of "/workspaces/ROS2_For_SCOUT_MINI/install/scout_msgs/lib/libscout_msgs__rosidl_typesupport_cpp.so" to ""
[15.333s] -- Installing: /workspaces/ROS2_For_SCOUT_MINI/install/scout_msgs/share/scout_msgs/environment/pythonpath.sh
[15.337s] -- Installing: /workspaces/ROS2_For_SCOUT_MINI/install/scout_msgs/share/scout_msgs/environment/pythonpath.dsv
[15.337s] -- Installing: /workspaces/ROS2_For_SCOUT_MINI/install/scout_msgs/local/lib/python3.10/dist-packages/scout_msgs-0.1.0-py3.10.egg-info
[15.337s] -- Installing: /workspaces/ROS2_For_SCOUT_MINI/install/scout_msgs/local/lib/python3.10/dist-packages/scout_msgs-0.1.0-py3.10.egg-info/SOURCES.txt
[15.338s] -- Installing: /workspaces/ROS2_For_SCOUT_MINI/install/scout_msgs/local/lib/python3.10/dist-packages/scout_msgs-0.1.0-py3.10.egg-info/dependency_links.txt
[15.338s] -- Installing: /workspaces/ROS2_For_SCOUT_MINI/install/scout_msgs/local/lib/python3.10/dist-packages/scout_msgs-0.1.0-py3.10.egg-info/PKG-INFO
[15.338s] -- Installing: /workspaces/ROS2_For_SCOUT_MINI/install/scout_msgs/local/lib/python3.10/dist-packages/scout_msgs-0.1.0-py3.10.egg-info/top_level.txt
[15.338s] -- Installing: /workspaces/ROS2_For_SCOUT_MINI/install/scout_msgs/local/lib/python3.10/dist-packages/scout_msgs
[15.338s] -- Installing: /workspaces/ROS2_For_SCOUT_MINI/install/scout_msgs/local/lib/python3.10/dist-packages/scout_msgs/_scout_msgs_s.ep.rosidl_typesupport_c.c
[15.338s] -- Installing: /workspaces/ROS2_For_SCOUT_MINI/install/scout_msgs/local/lib/python3.10/dist-packages/scout_msgs/scout_msgs_s__rosidl_typesupport_introspection_c.cpython-310-x86_64-linux-gnu.so
[15.338s] -- Installing: /workspaces/ROS2_For_SCOUT_MINI/install/scout_msgs/local/lib/python3.10/dist-packages/scout_msgs/scout_msgs_s__rosidl_typesupport_fastrtps_c.cpython-310-x86_64-linux-gnu.so
[15.338s] -- Installing: /workspaces/ROS2_For_SCOUT_MINI/install/scout_msgs/local/lib/python3.10/dist-packages/scout_msgs/__init__.py
[15.338s] -- Installing: /workspaces/ROS2_For_SCOUT_MINI/install/scout_msgs/local/lib/python3.10/dist-packages/scout_msgs/msg
[15.338s] -- Installing: /workspaces/ROS2_For_SCOUT_MINI/install/scout_msgs/local/lib/python3.10/dist-packages/scout_msgs/msg/_scout_light_cmd_s.c
[15.338s] -- Installing: /workspaces/ROS2_For_SCOUT_MINI/install/scout_msgs/local/lib/python3.10/dist-packages/scout_msgs/msg/_scout_actuator_state_s.c
[15.339s] -- Installing: /workspaces/ROS2_For_SCOUT_MINI/install/scout_msgs/local/lib/python3.10/dist-packages/scout_msgs/msg/_scout_light_state.py
[15.341s] -- Installing: /workspaces/ROS2_For_SCOUT_MINI/install/scout_msgs/local/lib/python3.10/dist-packages/scout_msgs/msg/_scout_rc_state_s.c
[15.343s] -- Installing: /workspaces/ROS2_For_SCOUT_MINI/install/scout_msgs/local/lib/python3.10/dist-packages/scout_msgs/msg/_scout_actuator_state.py
[15.343s] -- Installing: /workspaces/ROS2_For_SCOUT_MINI/install/scout_msgs/local/lib/python3.10/dist-packages/scout_msgs/msg/__init__.py
[15.343s] -- Installing: /workspaces/ROS2_For_SCOUT_MINI/install/scout_msgs/local/lib/python3.10/dist-packages/scout_msgs/msg/_scout_rc_state.py
[15.343s] -- Installing: /workspaces/ROS2_For_SCOUT_MINI/install/scout_msgs/local/lib/python3.10/dist-packages/scout_msgs/msg/_scout_light_cmd.py
[15.343s] -- Installing: /workspaces/ROS2_For_SCOUT_MINI/install/scout_msgs/local/lib/python3.10/dist-packages/scout_msgs/msg/_scout_status_s.c
[15.343s] -- Installing: /workspaces/ROS2_For_SCOUT_MINI/install/scout_msgs/local/lib/python3.10/dist-packages/scout_msgs/msg/_scout_status.py
[15.343s] -- Installing: /workspaces/ROS2_For_SCOUT_MINI/install/scout_msgs/local/lib/python3.10/dist-packages/scout_msgs/msg/_scout_light_state_s.c
[15.343s] -- Installing: /workspaces/ROS2_For_SCOUT_MINI/install/scout_msgs/local/lib/python3.10/dist-packages/scout_msgs/_scout_msgs_s.ep.rosidl_typesupport_introspection_c.c
[15.343s] -- Installing: /workspaces/ROS2_For_SCOUT_MINI/install/scout_msgs/local/lib/python3.10/dist-packages/scout_msgs/libscout_msgs__rosidl_generator_py.so
[15.343s] -- Installing: /workspaces/ROS2_For_SCOUT_MINI/install/scout_msgs/local/lib/python3.10/dist-packages/scout_msgs/_scout_msgs_s.ep.rosidl_typesupport_fastrtps_c.c
[15.343s] -- Installing: /workspaces/ROS2_For_SCOUT_MINI/install/scout_msgs/local/lib/python3.10/dist-packages/scout_msgs/scout_msgs_s__rosidl_typesupport_c.cpython-310-x86_64-linux-gnu.so
[15.443s] Listing '/workspaces/ROS2_For_SCOUT_MINI/install/scout_msgs/local/lib/python3.10/dist-packages/scout_msgs'...
[15.443s] Compiling '/workspaces/ROS2_For_SCOUT_MINI/install/scout_msgs/local/lib/python3.10/dist-packages/scout_msgs/__init__.py'...
[15.443s] Listing '/workspaces/ROS2_For_SCOUT_MINI/install/scout_msgs/local/lib/python3.10/dist-packages/scout_msgs/msg'...
[15.443s] Compiling '/workspaces/ROS2_For_SCOUT_MINI/install/scout_msgs/local/lib/python3.10/dist-packages/scout_msgs/msg/__init__.py'...
[15.444s] Compiling '/workspaces/ROS2_For_SCOUT_MINI/install/scout_msgs/local/lib/python3.10/dist-packages/scout_msgs/msg/_scout_actuator_state.py'...
[15.444s] Compiling '/workspaces/ROS2_For_SCOUT_MINI/install/scout_msgs/local/lib/python3.10/dist-packages/scout_msgs/msg/_scout_light_cmd.py'...
[15.444s] Compiling '/workspaces/ROS2_For_SCOUT_MINI/install/scout_msgs/local/lib/python3.10/dist-packages/scout_msgs/msg/_scout_light_state.py'...
[15.444s] Compiling '/workspaces/ROS2_For_SCOUT_MINI/install/scout_msgs/local/lib/python3.10/dist-packages/scout_msgs/msg/_scout_rc_state.py'...
[15.444s] Compiling '/workspaces/ROS2_For_SCOUT_MINI/install/scout_msgs/local/lib/python3.10/dist-packages/scout_msgs/msg/_scout_status.py'...
[15.460s] -- Installing: /workspaces/ROS2_For_SCOUT_MINI/install/scout_msgs/local/lib/python3.10/dist-packages/scout_msgs/scout_msgs_s__rosidl_typesupport_fastrtps_c.cpython-310-x86_64-linux-gnu.so
[15.460s] -- Set runtime path of "/workspaces/ROS2_For_SCOUT_MINI/install/scout_msgs/local/lib/python3.10/dist-packages/scout_msgs/scout_msgs_s__rosidl_typesupport_fastrtps_c.cpython-310-x86_64-linux-gnu.so" to ""
[15.460s] -- Installing: /workspaces/ROS2_For_SCOUT_MINI/install/scout_msgs/local/lib/python3.10/dist-packages/scout_msgs/scout_msgs_s__rosidl_typesupport_introspection_c.cpython-310-x86_64-linux-gnu.so
[15.463s] -- Set runtime path of "/workspaces/ROS2_For_SCOUT_MINI/install/scout_msgs/local/lib/python3.10/dist-packages/scout_msgs/scout_msgs_s__rosidl_typesupport_introspection_c.cpython-310-x86_64-linux-gnu.so" to ""
[15.464s] -- Installing: /workspaces/ROS2_For_SCOUT_MINI/install/scout_msgs/local/lib/python3.10/dist-packages/scout_msgs/scout_msgs_s__rosidl_typesupport_c.cpython-310-x86_64-linux-gnu.so
[15.464s] -- Set runtime path of "/workspaces/ROS2_For_SCOUT_MINI/install/scout_msgs/local/lib/python3.10/dist-packages/scout_msgs/scout_msgs_s__rosidl_typesupport_c.cpython-310-x86_64-linux-gnu.so" to ""
[15.464s] -- Installing: /workspaces/ROS2_For_SCOUT_MINI/install/scout_msgs/lib/libscout_msgs__rosidl_generator_py.so
[15.464s] -- Set runtime path of "/workspaces/ROS2_For_SCOUT_MINI/install/scout_msgs/lib/libscout_msgs__rosidl_generator_py.so" to ""
[15.464s] -- Installing: /workspaces/ROS2_For_SCOUT_MINI/install/scout_msgs/share/ament_index/resource_index/rust_packages/scout_msgs
[15.464s] -- Installing: /workspaces/ROS2_For_SCOUT_MINI/install/scout_msgs/share/scout_msgs/rust
[15.464s] -- Installing: /workspaces/ROS2_For_SCOUT_MINI/install/scout_msgs/share/scout_msgs/rust/Cargo.toml
[15.464s] -- Installing: /workspaces/ROS2_For_SCOUT_MINI/install/scout_msgs/share/scout_msgs/rust/src
[15.466s] -- Installing: /workspaces/ROS2_For_SCOUT_MINI/install/scout_msgs/share/scout_msgs/rust/src/msg.rs
[15.466s] -- Installing: /workspaces/ROS2_For_SCOUT_MINI/install/scout_msgs/share/scout_msgs/rust/src/msg
[15.470s] -- Installing: /workspaces/ROS2_For_SCOUT_MINI/install/scout_msgs/share/scout_msgs/rust/src/msg/rmw.rs
[15.473s] -- Installing: /workspaces/ROS2_For_SCOUT_MINI/install/scout_msgs/share/scout_msgs/rust/src/lib.rs
[15.473s] -- Installing: /workspaces/ROS2_For_SCOUT_MINI/install/scout_msgs/share/scout_msgs/rust/build.rs
[15.473s] -- Installing: /workspaces/ROS2_For_SCOUT_MINI/install/scout_msgs/share/scout_msgs/msg/ScoutActuatorState.idl
[15.473s] -- Installing: /workspaces/ROS2_For_SCOUT_MINI/install/scout_msgs/share/scout_msgs/msg/ScoutLightCmd.idl
[15.473s] -- Installing: /workspaces/ROS2_For_SCOUT_MINI/install/scout_msgs/share/scout_msgs/msg/ScoutLightState.idl
[15.473s] -- Installing: /workspaces/ROS2_For_SCOUT_MINI/install/scout_msgs/share/scout_msgs/msg/ScoutRCState.idl
[15.474s] -- Installing: /workspaces/ROS2_For_SCOUT_MINI/install/scout_msgs/share/scout_msgs/msg/ScoutStatus.idl
[15.474s] -- Installing: /workspaces/ROS2_For_SCOUT_MINI/install/scout_msgs/share/scout_msgs/msg/ScoutActuatorState.msg
[15.474s] -- Installing: /workspaces/ROS2_For_SCOUT_MINI/install/scout_msgs/share/scout_msgs/msg/ScoutLightCmd.msg
[15.475s] -- Installing: /workspaces/ROS2_For_SCOUT_MINI/install/scout_msgs/share/scout_msgs/msg/ScoutLightState.msg
[15.475s] -- Installing: /workspaces/ROS2_For_SCOUT_MINI/install/scout_msgs/share/scout_msgs/msg/ScoutRCState.msg
[15.476s] -- Installing: /workspaces/ROS2_For_SCOUT_MINI/install/scout_msgs/share/scout_msgs/msg/ScoutStatus.msg
[15.477s] -- Installing: /workspaces/ROS2_For_SCOUT_MINI/install/scout_msgs/share/ament_index/resource_index/package_run_dependencies/scout_msgs
[15.477s] -- Installing: /workspaces/ROS2_For_SCOUT_MINI/install/scout_msgs/share/ament_index/resource_index/parent_prefix_path/scout_msgs
[15.477s] -- Installing: /workspaces/ROS2_For_SCOUT_MINI/install/scout_msgs/share/scout_msgs/environment/ament_prefix_path.sh
[15.477s] -- Installing: /workspaces/ROS2_For_SCOUT_MINI/install/scout_msgs/share/scout_msgs/environment/ament_prefix_path.dsv
[15.477s] -- Installing: /workspaces/ROS2_For_SCOUT_MINI/install/scout_msgs/share/scout_msgs/environment/path.sh
[15.477s] -- Installing: /workspaces/ROS2_For_SCOUT_MINI/install/scout_msgs/share/scout_msgs/environment/path.dsv
[15.478s] -- Installing: /workspaces/ROS2_For_SCOUT_MINI/install/scout_msgs/share/scout_msgs/local_setup.bash
[15.483s] -- Installing: /workspaces/ROS2_For_SCOUT_MINI/install/scout_msgs/share/scout_msgs/local_setup.sh
[15.483s] -- Installing: /workspaces/ROS2_For_SCOUT_MINI/install/scout_msgs/share/scout_msgs/local_setup.zsh
[15.484s] -- Installing: /workspaces/ROS2_For_SCOUT_MINI/install/scout_msgs/share/scout_msgs/local_setup.dsv
[15.484s] -- Installing: /workspaces/ROS2_For_SCOUT_MINI/install/scout_msgs/share/scout_msgs/package.dsv
[15.485s] -- Installing: /workspaces/ROS2_For_SCOUT_MINI/install/scout_msgs/share/ament_index/resource_index/packages/scout_msgs
[15.490s] -- Installing: /workspaces/ROS2_For_SCOUT_MINI/install/scout_msgs/share/scout_msgs/cmake/export_scout_msgs__rosidl_generator_cExport.cmake
[15.491s] -- Installing: /workspaces/ROS2_For_SCOUT_MINI/install/scout_msgs/share/scout_msgs/cmake/export_scout_msgs__rosidl_generator_cExport-noconfig.cmake
[15.492s] -- Installing: /workspaces/ROS2_For_SCOUT_MINI/install/scout_msgs/share/scout_msgs/cmake/export_scout_msgs__rosidl_typesupport_fastrtps_cExport.cmake
[15.492s] -- Installing: /workspaces/ROS2_For_SCOUT_MINI/install/scout_msgs/share/scout_msgs/cmake/export_scout_msgs__rosidl_typesupport_fastrtps_cExport-noconfig.cmake
[15.493s] -- Installing: /workspaces/ROS2_For_SCOUT_MINI/install/scout_msgs/share/scout_msgs/cmake/export_scout_msgs__rosidl_generator_cppExport.cmake
[15.493s] -- Installing: /workspaces/ROS2_For_SCOUT_MINI/install/scout_msgs/share/scout_msgs/cmake/export_scout_msgs__rosidl_typesupport_fastrtps_cppExport.cmake
[15.494s] -- Installing: /workspaces/ROS2_For_SCOUT_MINI/install/scout_msgs/share/scout_msgs/cmake/export_scout_msgs__rosidl_typesupport_fastrtps_cppExport-noconfig.cmake
[15.498s] -- Installing: /workspaces/ROS2_For_SCOUT_MINI/install/scout_msgs/share/scout_msgs/cmake/scout_msgs__rosidl_typesupport_introspection_cExport.cmake
[15.499s] -- Installing: /workspaces/ROS2_For_SCOUT_MINI/install/scout_msgs/share/scout_msgs/cmake/scout_msgs__rosidl_typesupport_introspection_cExport-noconfig.cmake
[15.499s] -- Installing: /workspaces/ROS2_For_SCOUT_MINI/install/scout_msgs/share/scout_msgs/cmake/scout_msgs__rosidl_typesupport_cExport.cmake
[15.500s] -- Installing: /workspaces/ROS2_For_SCOUT_MINI/install/scout_msgs/share/scout_msgs/cmake/scout_msgs__rosidl_typesupport_cExport-noconfig.cmake
[15.501s] -- Installing: /workspaces/ROS2_For_SCOUT_MINI/install/scout_msgs/share/scout_msgs/cmake/scout_msgs__rosidl_typesupport_introspection_cppExport.cmake
[15.502s] -- Installing: /workspaces/ROS2_For_SCOUT_MINI/install/scout_msgs/share/scout_msgs/cmake/scout_msgs__rosidl_typesupport_introspection_cppExport-noconfig.cmake
[15.503s] -- Installing: /workspaces/ROS2_For_SCOUT_MINI/install/scout_msgs/share/scout_msgs/cmake/scout_msgs__rosidl_typesupport_cppExport.cmake
[15.507s] -- Installing: /workspaces/ROS2_For_SCOUT_MINI/install/scout_msgs/share/scout_msgs/cmake/scout_msgs__rosidl_typesupport_cppExport-noconfig.cmake
[15.508s] -- Installing: /workspaces/ROS2_For_SCOUT_MINI/install/scout_msgs/share/scout_msgs/cmake/export_scout_msgs__rosidl_generator_pyExport.cmake
[15.508s] -- Installing: /workspaces/ROS2_For_SCOUT_MINI/install/scout_msgs/share/scout_msgs/cmake/export_scout_msgs__rosidl_generator_pyExport-noconfig.cmake
[15.510s] -- Installing: /workspaces/ROS2_For_SCOUT_MINI/install/scout_msgs/share/scout_msgs/cmake/rosidl_cmake-extras.cmake
[15.511s] -- Installing: /workspaces/ROS2_For_SCOUT_MINI/install/scout_msgs/share/scout_msgs/cmake/ament_cmake_export_dependencies-extras.cmake
[15.514s] -- Installing: /workspaces/ROS2_For_SCOUT_MINI/install/scout_msgs/share/scout_msgs/cmake/ament_cmake_export_include_directories-extras.cmake
[15.521s] -- Installing: /workspaces/ROS2_For_SCOUT_MINI/install/scout_msgs/share/scout_msgs/cmake/ament_cmake_export_libraries-extras.cmake
[15.521s] -- Installing: /workspaces/ROS2_For_SCOUT_MINI/install/scout_msgs/share/scout_msgs/cmake/ament_cmake_export_targets-extras.cmake
[15.522s] -- Installing: /workspaces/ROS2_For_SCOUT_MINI/install/scout_msgs/share/scout_msgs/cmake/rosidl_cmake_export_typesupport_targets-extras.cmake
[15.522s] -- Installing: /workspaces/ROS2_For_SCOUT_MINI/install/scout_msgs/share/scout_msgs/cmake/rosidl_cmake_export_typesupport_libraries-extras.cmake
[15.527s] -- Installing: /workspaces/ROS2_For_SCOUT_MINI/install/scout_msgs/share/scout_msgs/cmake/scout_msgsConfig.cmake
[15.527s] -- Installing: /workspaces/ROS2_For_SCOUT_MINI/install/scout_msgs/share/scout_msgs/cmake/scout_msgsConfig-version.cmake
[15.528s] -- Installing: /workspaces/ROS2_For_SCOUT_MINI/install/scout_msgs/share/scout_msgs/package.xml
[15.545s] Invoked command in '/workspaces/ROS2_For_SCOUT_MINI/build/scout_msgs' returned '0': CMAKE_PREFIX_PATH=/opt/ros/humble /usr/bin/cmake --install /workspaces/ROS2_For_SCOUT_MINI/build/scout_msgs
